Archive member included to satisfy reference by file (symbol)

/usr/lib/gcc/arm-none-eabi/10.3.1/../../../arm-none-eabi/lib/thumb/nofp/libc.a(lib_a-memcpy-stub.o)
                              gcc/queue.o (memcpy)
/usr/lib/gcc/arm-none-eabi/10.3.1/../../../arm-none-eabi/lib/thumb/nofp/libc.a(lib_a-memset.o)
                              gcc/tasks.o (memset)
/usr/lib/gcc/arm-none-eabi/10.3.1/../../../arm-none-eabi/lib/thumb/nofp/libc.a(lib_a-printf.o)
                              gcc/main.o (printf)
/usr/lib/gcc/arm-none-eabi/10.3.1/../../../arm-none-eabi/lib/thumb/nofp/libc.a(lib_a-putchar.o)
                              gcc/syscalls.o (putchar)
/usr/lib/gcc/arm-none-eabi/10.3.1/../../../arm-none-eabi/lib/thumb/nofp/libc.a(lib_a-rand.o)
                              gcc/main.o (srand)
/usr/lib/gcc/arm-none-eabi/10.3.1/../../../arm-none-eabi/lib/thumb/nofp/libc.a(lib_a-reent.o)
                              gcc/syscalls.o (errno)
/usr/lib/gcc/arm-none-eabi/10.3.1/../../../arm-none-eabi/lib/thumb/nofp/libc.a(lib_a-time.o)
                              gcc/main.o (time)
/usr/lib/gcc/arm-none-eabi/10.3.1/../../../arm-none-eabi/lib/thumb/nofp/libc.a(lib_a-vfprintf.o)
                              /usr/lib/gcc/arm-none-eabi/10.3.1/../../../arm-none-eabi/lib/thumb/nofp/libc.a(lib_a-printf.o) (_vfprintf_r)
/usr/lib/gcc/arm-none-eabi/10.3.1/../../../arm-none-eabi/lib/thumb/nofp/libc.a(lib_a-wsetup.o)
                              /usr/lib/gcc/arm-none-eabi/10.3.1/../../../arm-none-eabi/lib/thumb/nofp/libc.a(lib_a-vfprintf.o) (__swsetup_r)
/usr/lib/gcc/arm-none-eabi/10.3.1/../../../arm-none-eabi/lib/thumb/nofp/libc.a(lib_a-dtoa.o)
                              /usr/lib/gcc/arm-none-eabi/10.3.1/../../../arm-none-eabi/lib/thumb/nofp/libc.a(lib_a-vfprintf.o) (_dtoa_r)
/usr/lib/gcc/arm-none-eabi/10.3.1/../../../arm-none-eabi/lib/thumb/nofp/libc.a(lib_a-fflush.o)
                              /usr/lib/gcc/arm-none-eabi/10.3.1/../../../arm-none-eabi/lib/thumb/nofp/libc.a(lib_a-vfprintf.o) (_fflush_r)
/usr/lib/gcc/arm-none-eabi/10.3.1/../../../arm-none-eabi/lib/thumb/nofp/libc.a(lib_a-findfp.o)
                              /usr/lib/gcc/arm-none-eabi/10.3.1/../../../arm-none-eabi/lib/thumb/nofp/libc.a(lib_a-vfprintf.o) (__sinit)
/usr/lib/gcc/arm-none-eabi/10.3.1/../../../arm-none-eabi/lib/thumb/nofp/libc.a(lib_a-freer.o)
                              /usr/lib/gcc/arm-none-eabi/10.3.1/../../../arm-none-eabi/lib/thumb/nofp/libc.a(lib_a-reent.o) (_free_r)
/usr/lib/gcc/arm-none-eabi/10.3.1/../../../arm-none-eabi/lib/thumb/nofp/libc.a(lib_a-fwalk.o)
                              /usr/lib/gcc/arm-none-eabi/10.3.1/../../../arm-none-eabi/lib/thumb/nofp/libc.a(lib_a-findfp.o) (_fwalk)
/usr/lib/gcc/arm-none-eabi/10.3.1/../../../arm-none-eabi/lib/thumb/nofp/libc.a(lib_a-gettimeofdayr.o)
                              /usr/lib/gcc/arm-none-eabi/10.3.1/../../../arm-none-eabi/lib/thumb/nofp/libc.a(lib_a-time.o) (_gettimeofday_r)
/usr/lib/gcc/arm-none-eabi/10.3.1/../../../arm-none-eabi/lib/thumb/nofp/libc.a(lib_a-impure.o)
                              /usr/lib/gcc/arm-none-eabi/10.3.1/../../../arm-none-eabi/lib/thumb/nofp/libc.a(lib_a-fflush.o) (_global_impure_ptr)
/usr/lib/gcc/arm-none-eabi/10.3.1/../../../arm-none-eabi/lib/thumb/nofp/libc.a(lib_a-localeconv.o)
                              /usr/lib/gcc/arm-none-eabi/10.3.1/../../../arm-none-eabi/lib/thumb/nofp/libc.a(lib_a-vfprintf.o) (_localeconv_r)
/usr/lib/gcc/arm-none-eabi/10.3.1/../../../arm-none-eabi/lib/thumb/nofp/libc.a(lib_a-makebuf.o)
                              /usr/lib/gcc/arm-none-eabi/10.3.1/../../../arm-none-eabi/lib/thumb/nofp/libc.a(lib_a-wsetup.o) (__smakebuf_r)
/usr/lib/gcc/arm-none-eabi/10.3.1/../../../arm-none-eabi/lib/thumb/nofp/libc.a(lib_a-mallocr.o)
                              /usr/lib/gcc/arm-none-eabi/10.3.1/../../../arm-none-eabi/lib/thumb/nofp/libc.a(lib_a-findfp.o) (_malloc_r)
/usr/lib/gcc/arm-none-eabi/10.3.1/../../../arm-none-eabi/lib/thumb/nofp/libc.a(lib_a-memchr-stub.o)
                              /usr/lib/gcc/arm-none-eabi/10.3.1/../../../arm-none-eabi/lib/thumb/nofp/libc.a(lib_a-vfprintf.o) (memchr)
/usr/lib/gcc/arm-none-eabi/10.3.1/../../../arm-none-eabi/lib/thumb/nofp/libc.a(lib_a-mlock.o)
                              /usr/lib/gcc/arm-none-eabi/10.3.1/../../../arm-none-eabi/lib/thumb/nofp/libc.a(lib_a-freer.o) (__malloc_lock)
/usr/lib/gcc/arm-none-eabi/10.3.1/../../../arm-none-eabi/lib/thumb/nofp/libc.a(lib_a-mprec.o)
                              /usr/lib/gcc/arm-none-eabi/10.3.1/../../../arm-none-eabi/lib/thumb/nofp/libc.a(lib_a-dtoa.o) (_Balloc)
/usr/lib/gcc/arm-none-eabi/10.3.1/../../../arm-none-eabi/lib/thumb/nofp/libc.a(lib_a-putc.o)
                              /usr/lib/gcc/arm-none-eabi/10.3.1/../../../arm-none-eabi/lib/thumb/nofp/libc.a(lib_a-putchar.o) (_putc_r)
/usr/lib/gcc/arm-none-eabi/10.3.1/../../../arm-none-eabi/lib/thumb/nofp/libc.a(lib_a-sbrkr.o)
[...]
Memory Configuration

Name             Origin             Length             Attributes
FLASH            0x0000000000000000 0x0000000000040000 xr
SRAM             0x0000000020000000 0x0000000000010000 xrw
*default*        0x0000000000000000 0xffffffffffffffff

Linker script and memory map


.text           0x0000000000000000     0xb415
 *(.isr_vector)
 .isr_vector    0x0000000000000000       0xb8 gcc/startup.o
                0x0000000000000000                g_pfnVectors
 *(.text*)
 .text          0x00000000000000b8       0x94 gcc/main.o
                0x00000000000000b8                main
                0x00000000000000f4                vTemperatureSensorTask
 .text          0x000000000000014c      0x15e gcc/list.o
                0x000000000000014c                vListInitialise
                0x000000000000018a                vListInitialiseItem
                0x00000000000001a2                vListInsertEnd
                0x00000000000001e8                vListInsert
                0x0000000000000258                uxListRemove
 *fill*         0x00000000000002aa        0x2 
 .text          0x00000000000002ac      0xc4c gcc/queue.o
                0x00000000000002ac                xQueueGenericReset
                0x0000000000000394                xQueueGenericCreate
                0x0000000000000450                xQueueGenericSend
                0x00000000000005a4                xQueueGenericSendFromISR
                0x000000000000066e                xQueueGiveFromISR
                0x0000000000000726                xQueueReceive
                0x000000000000086c                xQueueSemaphoreTake
                0x00000000000009a8                xQueuePeek
                0x0000000000000af0                xQueueReceiveFromISR
                0x0000000000000bb2                xQueuePeekFromISR
                0x0000000000000c18                uxQueueMessagesWaiting
                0x0000000000000c38                uxQueueSpacesAvailable
                0x0000000000000c62                uxQueueMessagesWaitingFromISR
                0x0000000000000c80                vQueueDelete
                0x0000000000000e6e                xQueueIsQueueEmptyFromISR
                0x0000000000000ec8                xQueueIsQueueFullFromISR
 .text          0x0000000000000ef8     0x1cdc gcc/tasks.o
                0x0000000000000ef8                xTaskCreate
                0x0000000000001174                vTaskDelete
                0x000000000000127c                xTaskDelayUntil
                0x0000000000001320                vTaskDelay
                0x0000000000001368                vTaskSuspend
                0x00000000000014c8                vTaskResume
                0x00000000000015b8                xTaskResumeFromISR
                0x00000000000016d4                vTaskStartScheduler
                0x000000000000174c                vTaskEndScheduler
                0x000000000000177c                vTaskSuspendAll
                0x0000000000001798                xTaskResumeAll
                0x0000000000001970                xTaskGetTickCount
                0x000000000000198c                xTaskGetTickCountFromISR
                0x00000000000019ac                uxTaskGetNumberOfTasks
                0x00000000000019c0                pcTaskGetName
                0x00000000000019ec                xTaskCatchUpTicks
                0x0000000000001a20                xTaskIncrementTick
                0x0000000000001c2c                vTaskSwitchContext
                0x0000000000001cb8                vTaskPlaceOnEventList
                0x0000000000001ce4                vTaskPlaceOnUnorderedEventList
                0x0000000000001d54                xTaskRemoveFromEventList
                0x0000000000001ee4                vTaskRemoveFromUnorderedEventList
                0x0000000000002024                vTaskSetTimeOutState
                0x0000000000002054                vTaskInternalSetTimeOutState
                0x0000000000002080                xTaskCheckForTimeOut
                0x0000000000002114                vTaskMissedYield
                0x000000000000228c                xTaskGetCurrentTaskHandle
                0x00000000000022a8                uxTaskResetEventItemValue
                0x00000000000022d8                ulTaskGenericNotifyTake
                0x000000000000238c                xTaskGenericNotifyWait
                0x0000000000002470                xTaskGenericNotify
                0x0000000000002634                xTaskGenericNotifyFromISR
                0x000000000000286c                vTaskGenericNotifyGiveFromISR
                0x0000000000002a20                xTaskGenericNotifyStateClear
                0x0000000000002a78                ulTaskGenericNotifyValueClear
 *fill*         0x0000000000002bd4        0xc 
 .text          0x0000000000002be0      0x250 gcc/port.o
                0x0000000000002be0                pxPortInitialiseStack
                0x0000000000002c6a                vPortSVCHandler
                0x0000000000002cb6                xPortStartScheduler
                0x0000000000002cf8                vPortEndScheduler
                0x0000000000002d04                vPortEnterCritical
                0x0000000000002d38                vPortExitCritical
                0x0000000000002d6c                xPortPendSVHandler
                0x0000000000002db6                xPortSysTickHandler
                0x0000000000002dfc                vPortSetupTimerInterrupt
 .text          0x0000000000002e30      0x168 gcc/syscalls.o
                0x0000000000002e30                _write
                0x0000000000002e68                _sbrk
                0x0000000000002ea4                _close
                0x0000000000002eba                _fstat
                0x0000000000002ed8                _isatty
                0x0000000000002eec                _lseek
                0x0000000000002f04                _read
                0x0000000000002f1c                _exit
                0x0000000000002f26                _kill
                0x0000000000002f48                _getpid
                0x0000000000002f56                _gettimeofday
 .text          0x0000000000002f98       0xe4 gcc/heap_1.o
                0x0000000000002f98                pvPortMalloc
                0x000000000000303c                vPortFree
                0x000000000000304e                vPortInitialiseBlocks
                0x0000000000003064                xPortGetFreeHeapSize
 .text          0x000000000000307c       0x54 gcc/startup.o
                0x000000000000307c                ResetISR
 .text          0x00000000000030d0       0xa8 /usr/lib/gcc/arm-none-eabi/10.3.1/../../../arm-none-eabi/lib/thumb/nofp/libc.a(lib_a-memcpy-stub.o)
                0x00000000000030d0                memcpy
 .text          0x0000000000003178       0xb0 /usr/lib/gcc/arm-none-eabi/10.3.1/../../../arm-none-eabi/lib/thumb/nofp/libc.a(lib_a-memset.o)
                0x0000000000003178                memset
 .text          0x0000000000003228       0x40 /usr/lib/gcc/arm-none-eabi/10.3.1/../../../arm-none-eabi/lib/thumb/nofp/libc.a(lib_a-printf.o)
                0x0000000000003228                _printf_r
                0x0000000000003244                printf
 .text          0x0000000000003268       0x28 /usr/lib/gcc/arm-none-eabi/10.3.1/../../../arm-none-eabi/lib/thumb/nofp/libc.a(lib_a-putchar.o)
                0x0000000000003268                _putchar_r
                0x0000000000003278                putchar
 .text          0x0000000000003290       0x4c /usr/lib/gcc/arm-none-eabi/10.3.1/../../../arm-none-eabi/lib/thumb/nofp/libc.a(lib_a-rand.o)
                0x0000000000003290                srand
                0x00000000000032a4                rand
 .text          0x00000000000032dc      0x100 /usr/lib/gcc/arm-none-eabi/10.3.1/../../../arm-none-eabi/lib/thumb/nofp/libc.a(lib_a-reent.o)
                0x00000000000032dc                cleanup_glue
                0x0000000000003330                _reclaim_reent
 .text          0x00000000000033dc       0x38 /usr/lib/gcc/arm-none-eabi/10.3.1/../../../arm-none-eabi/lib/thumb/nofp/libc.a(lib_a-time.o)
                0x00000000000033dc                time
 .text          0x0000000000003414     0x174c /usr/lib/gcc/arm-none-eabi/10.3.1/../../../arm-none-eabi/lib/thumb/nofp/libc.a(lib_a-vfprintf.o)
                0x0000000000003414                _vfprintf_r
                0x0000000000004acc                vfprintf
 .text          0x0000000000004b60       0xe8 /usr/lib/gcc/arm-none-eabi/10.3.1/../../../arm-none-eabi/lib/thumb/nofp/libc.a(lib_a-wsetup.o)
                0x0000000000004b60                __swsetup_r
 .text          0x0000000000004c48     0x1168 /usr/lib/gcc/arm-none-eabi/10.3.1/../../../arm-none-eabi/lib/thumb/nofp/libc.a(lib_a-dtoa.o)
                0x0000000000004d94                _dtoa_r
 .text          0x0000000000005db0      0x1f4 /usr/lib/gcc/arm-none-eabi/10.3.1/../../../arm-none-eabi/lib/thumb/nofp/libc.a(lib_a-fflush.o)
                0x0000000000005db0                __sflush_r
                0x0000000000005f18                _fflush_r
                0x0000000000005f48                fflush
 .text          0x0000000000005fa4      0x268 /usr/lib/gcc/arm-none-eabi/10.3.1/../../../arm-none-eabi/lib/thumb/nofp/libc.a(lib_a-findfp.o)
                0x0000000000005fa8                _cleanup_r
                0x00000000000060ac                __sfmoreglue
                0x00000000000060e0                __sfp
                0x0000000000006194                _cleanup
                0x00000000000061b0                __sinit
                0x00000000000061c4                __sfp_lock_acquire
                0x00000000000061c8                __sfp_lock_release
                0x00000000000061cc                __sinit_lock_acquire
                0x00000000000061d0                __sinit_lock_release
                0x00000000000061d4                __fp_lock_all
                0x00000000000061f0                __fp_unlock_all
 .text          0x000000000000620c      0x268 /usr/lib/gcc/arm-none-eabi/10.3.1/../../../arm-none-eabi/lib/thumb/nofp/libc.a(lib_a-freer.o)
                0x000000000000620c                _malloc_trim_r
                0x00000000000062ac                _free_r
 .text          0x0000000000006474       0x9c /usr/lib/gcc/arm-none-eabi/10.3.1/../../../arm-none-eabi/lib/thumb/nofp/libc.a(lib_a-fwalk.o)
                0x0000000000006474                _fwalk
                0x00000000000064bc                _fwalk_reent
 .text          0x0000000000006510       0x2c /usr/lib/gcc/arm-none-eabi/10.3.1/../../../arm-none-eabi/lib/thumb/nofp/libc.a(lib_a-gettimeofdayr.o)
                0x0000000000006510                _gettimeofday_r
 .text          0x000000000000653c        0x0 /usr/lib/gcc/arm-none-eabi/10.3.1/../../../arm-none-eabi/lib/thumb/nofp/libc.a(lib_a-impure.o)
 .text          0x000000000000653c       0x14 /usr/lib/gcc/arm-none-eabi/10.3.1/../../../arm-none-eabi/lib/thumb/nofp/libc.a(lib_a-localeconv.o)
                0x000000000000653c                __localeconv_l
                0x0000000000006540                _localeconv_r
                0x0000000000006548                localeconv
 .text          0x0000000000006550      0x150 /usr/lib/gcc/arm-none-eabi/10.3.1/../../../arm-none-eabi/lib/thumb/nofp/libc.a(lib_a-makebuf.o)
                0x0000000000006550                __smakebuf_r
                0x000000000000663c                __swhatbuf_r
 .text          0x00000000000066a0      0x580 /usr/lib/gcc/arm-none-eabi/10.3.1/../../../arm-none-eabi/lib/thumb/nofp/libc.a(lib_a-mallocr.o)
                0x00000000000066a0                _malloc_r
 .text          0x0000000000006c20       0x78 /usr/lib/gcc/arm-none-eabi/10.3.1/../../../arm-none-eabi/lib/thumb/nofp/libc.a(lib_a-memchr-stub.o)
                0x0000000000006c20                memchr
 .text          0x0000000000006c98        0x8 /usr/lib/gcc/arm-none-eabi/10.3.1/../../../arm-none-eabi/lib/thumb/nofp/libc.a(lib_a-mlock.o)
                0x0000000000006c98                __malloc_lock
                0x0000000000006c9c                __malloc_unlock
 .text          0x0000000000006ca0      0xb38 /usr/lib/gcc/arm-none-eabi/10.3.1/../../../arm-none-eabi/lib/thumb/nofp/libc.a(lib_a-mprec.o)
                0x0000000000006ca0                _Balloc
                0x0000000000006cf4                _Bfree
                0x0000000000006d08                __multadd
                0x0000000000006db4                __s2b
                0x0000000000006e68                __hi0bits
                0x0000000000006ea0                __lo0bits
                0x0000000000006efc                __i2b
                0x0000000000006f60                __multiply
                0x0000000000007108                __pow5mult
                0x00000000000071e4                __lshift
                0x00000000000072e4                __mcmp
                0x000000000000731c                __mdiff
                0x00000000000074ac                __ulp
                0x00000000000074f4                __b2d
                0x00000000000075c0                __d2b
                0x000000000000769c                __ratio
                0x0000000000007708                _mprec_log10
                0x0000000000007740                __copybits
                0x0000000000007784                __any_on
 .text          0x00000000000077d8       0xa8 /usr/lib/gcc/arm-none-eabi/10.3.1/../../../arm-none-eabi/lib/thumb/nofp/libc.a(lib_a-putc.o)
                0x00000000000077d8                _putc_r
                0x0000000000007828                putc
 .text          0x0000000000007880       0x28 /usr/lib/gcc/arm-none-eabi/10.3.1/../../../arm-none-eabi/lib/thumb/nofp/libc.a(lib_a-sbrkr.o)
                0x0000000000007880                _sbrk_r
 .text          0x00000000000078a8       0xb4 /usr/lib/gcc/arm-none-eabi/10.3.1/../../../arm-none-eabi/lib/thumb/nofp/libc.a(lib_a-stdio.o)
                0x00000000000078a8                __sread
                0x00000000000078d4                __seofread
                0x00000000000078d8                __swrite
                0x000000000000791c                __sseek
                0x000000000000794c                __sclose
 .text          0x000000000000795c       0x60 /usr/lib/gcc/arm-none-eabi/10.3.1/../../../arm-none-eabi/lib/thumb/nofp/libc.a(lib_a-strlen-stub.o)
                0x000000000000795c                strlen
 .text          0x00000000000079bc      0xdf0 /usr/lib/gcc/arm-none-eabi/10.3.1/../../../arm-none-eabi/lib/thumb/nofp/libc.a(lib_a-vfiprintf.o)
                0x0000000000007a48                __sprint_r
                0x0000000000007a60                _vfiprintf_r
                0x0000000000008718                vfiprintf
 .text          0x00000000000087ac       0xf0 /usr/lib/gcc/arm-none-eabi/10.3.1/../../../arm-none-eabi/lib/thumb/nofp/libc.a(lib_a-wbuf.o)
                0x00000000000087ac                __swbuf_r
                0x0000000000008880                __swbuf
 .text          0x000000000000889c       0x2c /usr/lib/gcc/arm-none-eabi/10.3.1/../../../arm-none-eabi/lib/thumb/nofp/libc.a(lib_a-writer.o)
                0x000000000000889c                _write_r
 .text          0x00000000000088c8       0x4c /usr/lib/gcc/arm-none-eabi/10.3.1/../../../arm-none-eabi/lib/thumb/nofp/libc.a(lib_a-assert.o)
                0x00000000000088c8                __assert_func
                0x0000000000008908                __assert
 .text          0x0000000000008914       0x60 /usr/lib/gcc/arm-none-eabi/10.3.1/../../../arm-none-eabi/lib/thumb/nofp/libc.a(lib_a-callocr.o)
                0x0000000000008914                _calloc_r
 .text          0x0000000000008974       0x28 /usr/lib/gcc/arm-none-eabi/10.3.1/../../../arm-none-eabi/lib/thumb/nofp/libc.a(lib_a-closer.o)
                0x0000000000008974                _close_r
 .text          0x000000000000899c       0xf8 /usr/lib/gcc/arm-none-eabi/10.3.1/../../../arm-none-eabi/lib/thumb/nofp/libc.a(lib_a-fclose.o)
                0x0000000000008a10                _fclose_r
                0x0000000000008a4c                fclose
 .text          0x0000000000008a94       0x3c /usr/lib/gcc/arm-none-eabi/10.3.1/../../../arm-none-eabi/lib/thumb/nofp/libc.a(lib_a-fiprintf.o)
                0x0000000000008a94                _fiprintf_r
                0x0000000000008aac                fiprintf
 .text          0x0000000000008ad0      0x120 /usr/lib/gcc/arm-none-eabi/10.3.1/../../../arm-none-eabi/lib/thumb/nofp/libc.a(lib_a-fputwc.o)
                0x0000000000008ad0                __fputwc
                0x0000000000008b84                _fputwc_r
                0x0000000000008ba8                fputwc
 .text          0x0000000000008bf0       0x2c /usr/lib/gcc/arm-none-eabi/10.3.1/../../../arm-none-eabi/lib/thumb/nofp/libc.a(lib_a-fstatr.o)
                0x0000000000008bf0                _fstat_r
 .text          0x0000000000008c1c      0x31c /usr/lib/gcc/arm-none-eabi/10.3.1/../../../arm-none-eabi/lib/thumb/nofp/libc.a(lib_a-fvwrite.o)
                0x0000000000008c1c                __sfvwrite_r
 .text          0x0000000000008f38       0x28 /usr/lib/gcc/arm-none-eabi/10.3.1/../../../arm-none-eabi/lib/thumb/nofp/libc.a(lib_a-isattyr.o)
                0x0000000000008f38                _isatty_r
 .text          0x0000000000008f60       0xa0 /usr/lib/gcc/arm-none-eabi/10.3.1/../../../arm-none-eabi/lib/thumb/nofp/libc.a(lib_a-locale.o)
                0x0000000000008f60                _setlocale_r
                0x0000000000008fa8                __locale_mb_cur_max
                0x0000000000008fb8                setlocale
 .text          0x0000000000009000       0x2c /usr/lib/gcc/arm-none-eabi/10.3.1/../../../arm-none-eabi/lib/thumb/nofp/libc.a(lib_a-lseekr.o)
                0x0000000000009000                _lseek_r
 .text          0x000000000000902c       0x50 /usr/lib/gcc/arm-none-eabi/10.3.1/../../../arm-none-eabi/lib/thumb/nofp/libc.a(lib_a-mbtowc_r.o)
                0x000000000000902c                _mbtowc_r
                0x000000000000904c                __ascii_mbtowc
 .text          0x000000000000907c       0xbc /usr/lib/gcc/arm-none-eabi/10.3.1/../../../arm-none-eabi/lib/thumb/nofp/libc.a(lib_a-memmove.o)
                0x000000000000907c                memmove
 .text          0x0000000000009138       0x2c /usr/lib/gcc/arm-none-eabi/10.3.1/../../../arm-none-eabi/lib/thumb/nofp/libc.a(lib_a-readr.o)
                0x0000000000009138                _read_r
 .text          0x0000000000009164      0x3e4 /usr/lib/gcc/arm-none-eabi/10.3.1/../../../arm-none-eabi/lib/thumb/nofp/libc.a(lib_a-reallocr.o)
                0x0000000000009164                _realloc_r
 .text          0x0000000000009548      0x224 /usr/lib/gcc/arm-none-eabi/10.3.1/../../../arm-none-eabi/lib/thumb/nofp/libc.a(lib_a-strcmp.o)
                0x0000000000009548                strcmp
 .text          0x000000000000976c       0x98 /usr/lib/gcc/arm-none-eabi/10.3.1/../../../arm-none-eabi/lib/thumb/nofp/libc.a(lib_a-wcrtomb.o)
                0x000000000000976c                _wcrtomb_r
                0x00000000000097b4                wcrtomb
 .text          0x0000000000009804       0x38 /usr/lib/gcc/arm-none-eabi/10.3.1/../../../arm-none-eabi/lib/thumb/nofp/libc.a(lib_a-wctomb_r.o)
                0x0000000000009804                _wctomb_r
                0x000000000000981c                __ascii_wctomb
 .text          0x000000000000983c       0x10 /usr/lib/gcc/arm-none-eabi/10.3.1/../../../arm-none-eabi/lib/thumb/nofp/libc.a(lib_a-abort.o)
                0x000000000000983c                abort
 .text          0x000000000000984c        0x0 /usr/lib/gcc/arm-none-eabi/10.3.1/../../../arm-none-eabi/lib/thumb/nofp/libc.a(lib_a-ctype_.o)
 .text          0x000000000000984c      0x2cc /usr/lib/gcc/arm-none-eabi/10.3.1/../../../arm-none-eabi/lib/thumb/nofp/libc.a(lib_a-signal.o)
                0x000000000000984c                _init_signal_r
                0x0000000000009884                _signal_r
                0x00000000000098e0                _raise_r
                0x0000000000009940                __sigtramp_r
                0x00000000000099a8                raise
                0x0000000000009a0c                signal
                0x0000000000009a64                _init_signal
                0x0000000000009aa4                __sigtramp
 .text          0x0000000000009b18       0x38 /usr/lib/gcc/arm-none-eabi/10.3.1/../../../arm-none-eabi/lib/thumb/nofp/libc.a(lib_a-signalr.o)
                0x0000000000009b18                _kill_r
                0x0000000000009b44                _getpid_r
 .text          0x0000000000009b50      0x290 /usr/lib/gcc/arm-none-eabi/10.3.1/thumb/nofp/libgcc.a(_arm_muldf3.o)
 .text          0x0000000000009de0      0x11c /usr/lib/gcc/arm-none-eabi/10.3.1/thumb/nofp/libgcc.a(_udivsi3.o)
                0x0000000000009de0                __udivsi3
                0x0000000000009de0                __aeabi_uidiv
                0x0000000000009edc                __aeabi_uidivmod
 .text          0x0000000000009efc      0x150 /usr/lib/gcc/arm-none-eabi/10.3.1/thumb/nofp/libgcc.a(_divsi3.o)
                0x0000000000009efc                __aeabi_idiv
                0x0000000000009efc                __divsi3
                0x000000000000a02c                __aeabi_idivmod
 .text          0x000000000000a04c        0x4 /usr/lib/gcc/arm-none-eabi/10.3.1/thumb/nofp/libgcc.a(_dvmd_tls.o)
                0x000000000000a04c                __aeabi_ldiv0
                0x000000000000a04c                __aeabi_idiv0
 .text          0x000000000000a050      0x424 /usr/lib/gcc/arm-none-eabi/10.3.1/thumb/nofp/libgcc.a(_arm_addsubdf3.o)
                0x000000000000a050                __aeabi_drsub
                0x000000000000a058                __aeabi_dsub
                0x000000000000a058                __subdf3
                0x000000000000a05c                __adddf3
                0x000000000000a05c                __aeabi_dadd
                0x000000000000a36c                __aeabi_ui2d
                0x000000000000a36c                __floatunsidf
                0x000000000000a390                __floatsidf
                0x000000000000a390                __aeabi_i2d
                0x000000000000a3b8                __extendsfdf2
                0x000000000000a3b8                __aeabi_f2d
                0x000000000000a400                __aeabi_ul2d
                0x000000000000a400                __floatundidf
                0x000000000000a414                __floatdidf
                0x000000000000a414                __aeabi_l2d
 .text          0x000000000000a474      0x49c /usr/lib/gcc/arm-none-eabi/10.3.1/thumb/nofp/libgcc.a(_arm_muldivdf3.o)
                0x000000000000a474                __aeabi_dmul
                0x000000000000a474                __muldf3
                0x000000000000a704                __aeabi_ddiv
                0x000000000000a704                __divdf3
 .text          0x000000000000a910      0x144 /usr/lib/gcc/arm-none-eabi/10.3.1/thumb/nofp/libgcc.a(_arm_cmpdf2.o)
                0x000000000000a910                __gtdf2
                0x000000000000a910                __gedf2
                0x000000000000a918                __ltdf2
                0x000000000000a918                __ledf2
                0x000000000000a920                __cmpdf2
                0x000000000000a920                __eqdf2
                0x000000000000a920                __nedf2
                0x000000000000a9a8                __aeabi_cdrcmple
                0x000000000000a9c4                __aeabi_cdcmple
                0x000000000000a9c4                __aeabi_cdcmpeq
                0x000000000000a9dc                __aeabi_dcmpeq
                0x000000000000a9f4                __aeabi_dcmplt
                0x000000000000aa0c                __aeabi_dcmple
                0x000000000000aa24                __aeabi_dcmpge
                0x000000000000aa3c                __aeabi_dcmpgt
 .text          0x000000000000aa54       0x38 /usr/lib/gcc/arm-none-eabi/10.3.1/thumb/nofp/libgcc.a(_arm_unorddf2.o)
                0x000000000000aa54                __aeabi_dcmpun
                0x000000000000aa54                __unorddf2
 .text          0x000000000000aa8c       0x5c /usr/lib/gcc/arm-none-eabi/10.3.1/thumb/nofp/libgcc.a(_arm_fixdfsi.o)
                0x000000000000aa8c                __fixdfsi
                0x000000000000aa8c                __aeabi_d2iz
 .text          0x000000000000aae8       0x3c /usr/lib/gcc/arm-none-eabi/10.3.1/thumb/nofp/libgcc.a(_aeabi_uldivmod.o)
                0x000000000000aae8                __aeabi_uldivmod
 .text          0x000000000000ab24       0x54 /usr/lib/gcc/arm-none-eabi/10.3.1/thumb/nofp/libgcc.a(_muldi3.o)
                0x000000000000ab24                __aeabi_lmul
                0x000000000000ab24                __muldi3
 .text          0x000000000000ab78      0x19c /usr/lib/gcc/arm-none-eabi/10.3.1/thumb/nofp/libgcc.a(_udivmoddi4.o)
                0x000000000000ab78                __udivmoddi4
 .text          0x000000000000ad14       0x28 /usr/lib/gcc/arm-none-eabi/10.3.1/thumb/nofp/libgcc.a(_clzdi2.o)
                0x000000000000ad14                __clzdi2
 .text          0x000000000000ad3c       0x48 /usr/lib/gcc/arm-none-eabi/10.3.1/thumb/nofp/libgcc.a(_clzsi2.o)
                0x000000000000ad3c                __clzsi2
 *fill*         0x000000000000ad84        0x4 
 .text.__stub   0x000000000000ad88       0x10 linker stubs
 *(.rodata*)
 .rodata        0x000000000000ad98       0x27 gcc/main.o
 *fill*         0x000000000000adbf        0x1 
 .rodata        0x000000000000adc0        0x5 gcc/tasks.o
 *fill*         0x000000000000adc5        0x3 
 .rodata.str1.4
                0x000000000000adc8       0x42 /usr/lib/gcc/arm-none-eabi/10.3.1/../../../arm-none-eabi/lib/thumb/nofp/libc.a(lib_a-vfprintf.o)
 *fill*         0x000000000000ae0a        0x2 
 .rodata        0x000000000000ae0c      0x184 /usr/lib/gcc/arm-none-eabi/10.3.1/../../../arm-none-eabi/lib/thumb/nofp/libc.a(lib_a-vfprintf.o)
 .rodata.str1.4
                0x000000000000af90       0x53 /usr/lib/gcc/arm-none-eabi/10.3.1/../../../arm-none-eabi/lib/thumb/nofp/libc.a(lib_a-dtoa.o)
                                         0x57 (size before relaxing)
 *fill*         0x000000000000afe3        0x1 
 .rodata        0x000000000000afe4        0x4 /usr/lib/gcc/arm-none-eabi/10.3.1/../../../arm-none-eabi/lib/thumb/nofp/libc.a(lib_a-impure.o)
                0x000000000000afe4                _global_impure_ptr
 .rodata.str1.4
                0x000000000000afe8       0x30 /usr/lib/gcc/arm-none-eabi/10.3.1/../../../arm-none-eabi/lib/thumb/nofp/libc.a(lib_a-mprec.o)
                                         0x44 (size before relaxing)
 *fill*         0x000000000000b018        0x0 
 .rodata        0x000000000000b018      0x128 /usr/lib/gcc/arm-none-eabi/10.3.1/../../../arm-none-eabi/lib/thumb/nofp/libc.a(lib_a-mprec.o)
                0x000000000000b028                __mprec_tinytens
                0x000000000000b050                __mprec_bigtens
                0x000000000000b078                __mprec_tens
 .rodata.str1.4
                0x000000000000b140       0x2f /usr/lib/gcc/arm-none-eabi/10.3.1/../../../arm-none-eabi/lib/thumb/nofp/libc.a(lib_a-vfiprintf.o)
 .rodata        0x000000000000b140      0x184 /usr/lib/gcc/arm-none-eabi/10.3.1/../../../arm-none-eabi/lib/thumb/nofp/libc.a(lib_a-vfiprintf.o)
 .rodata.str1.4
                0x000000000000b2c4       0x3f /usr/lib/gcc/arm-none-eabi/10.3.1/../../../arm-none-eabi/lib/thumb/nofp/libc.a(lib_a-assert.o)
                                         0x43 (size before relaxing)
 *fill*         0x000000000000b303        0x1 
 .rodata.str1.4
                0x000000000000b304        0xe /usr/lib/gcc/arm-none-eabi/10.3.1/../../../arm-none-eabi/lib/thumb/nofp/libc.a(lib_a-locale.o)
                                         0x12 (size before relaxing)
 *fill*         0x000000000000b312        0x2 
 .rodata        0x000000000000b314      0x101 /usr/lib/gcc/arm-none-eabi/10.3.1/../../../arm-none-eabi/lib/thumb/nofp/libc.a(lib_a-ctype_.o)
                0x000000000000b314                _ctype_
                0x000000000000b415                _etext = .

.ARM.extab      0x000000000000b415        0x0
 .ARM.extab     0x000000000000b415        0x0 /usr/lib/gcc/arm-none-eabi/10.3.1/thumb/nofp/libgcc.a(_udivmoddi4.o)

.glue_7         0x000000000000b418        0x0
 .glue_7        0x000000000000b418        0x0 linker stubs

.glue_7t        0x000000000000b418        0x0
 .glue_7t       0x000000000000b418        0x0 linker stubs

.vfp11_veneer   0x000000000000b418        0x0
 .vfp11_veneer  0x000000000000b418        0x0 linker stubs

.v4_bx          0x000000000000b418        0x0
 .v4_bx         0x000000000000b418        0x0 linker stubs

.iplt           0x000000000000b418        0x0
 .iplt          0x000000000000b418        0x0 gcc/main.o

.ARM.exidx      0x000000000000b418        0x8
 *(.ARM.exidx*)
 .ARM.exidx     0x000000000000b418        0x8 /usr/lib/gcc/arm-none-eabi/10.3.1/thumb/nofp/libgcc.a(_udivmoddi4.o)

.rel.dyn        0x000000000000b420        0x0
 .rel.iplt      0x000000000000b420        0x0 gcc/main.o

.data           0x0000000020000000      0x9b4 load address 0x000000000000b415
                0x0000000020000000                _data = .
 *(.data*)
 .data          0x0000000020000000        0x0 gcc/main.o
 .data          0x0000000020000000        0x0 gcc/list.o
 .data          0x0000000020000000        0x0 gcc/queue.o
 .data          0x0000000020000000        0x4 gcc/tasks.o
                0x0000000020000000                uxTopUsedPriority
 .data          0x0000000020000004        0x4 gcc/port.o
 .data          0x0000000020000008        0x0 gcc/syscalls.o
 .data          0x0000000020000008        0x0 gcc/heap_1.o
 .data          0x0000000020000008        0x0 gcc/startup.o
 .data          0x0000000020000008        0x0 /usr/lib/gcc/arm-none-eabi/10.3.1/../../../arm-none-eabi/lib/thumb/nofp/libc.a(lib_a-memcpy-stub.o)
 .data          0x0000000020000008        0x0 /usr/lib/gcc/arm-none-eabi/10.3.1/../../../arm-none-eabi/lib/thumb/nofp/libc.a(lib_a-memset.o)
 .data          0x0000000020000008        0x0 /usr/lib/gcc/arm-none-eabi/10.3.1/../../../arm-none-eabi/lib/thumb/nofp/libc.a(lib_a-printf.o)
 .data          0x0000000020000008        0x0 /usr/lib/gcc/arm-none-eabi/10.3.1/../../../arm-none-eabi/lib/thumb/nofp/libc.a(lib_a-putchar.o)
 .data          0x0000000020000008        0x0 /usr/lib/gcc/arm-none-eabi/10.3.1/../../../arm-none-eabi/lib/thumb/nofp/libc.a(lib_a-rand.o)
 .data          0x0000000020000008        0x0 /usr/lib/gcc/arm-none-eabi/10.3.1/../../../arm-none-eabi/lib/thumb/nofp/libc.a(lib_a-reent.o)
 .data          0x0000000020000008        0x0 /usr/lib/gcc/arm-none-eabi/10.3.1/../../../arm-none-eabi/lib/thumb/nofp/libc.a(lib_a-time.o)
 .data          0x0000000020000008        0x0 /usr/lib/gcc/arm-none-eabi/10.3.1/../../../arm-none-eabi/lib/thumb/nofp/libc.a(lib_a-vfprintf.o)
 .data          0x0000000020000008        0x0 /usr/lib/gcc/arm-none-eabi/10.3.1/../../../arm-none-eabi/lib/thumb/nofp/libc.a(lib_a-wsetup.o)
 .data          0x0000000020000008        0x0 /usr/lib/gcc/arm-none-eabi/10.3.1/../../../arm-none-eabi/lib/thumb/nofp/libc.a(lib_a-dtoa.o)
 .data          0x0000000020000008        0x0 /usr/lib/gcc/arm-none-eabi/10.3.1/../../../arm-none-eabi/lib/thumb/nofp/libc.a(lib_a-fflush.o)
 .data          0x0000000020000008        0x0 /usr/lib/gcc/arm-none-eabi/10.3.1/../../../arm-none-eabi/lib/thumb/nofp/libc.a(lib_a-findfp.o)
 .data          0x0000000020000008        0x0 /usr/lib/gcc/arm-none-eabi/10.3.1/../../../arm-none-eabi/lib/thumb/nofp/libc.a(lib_a-freer.o)
 .data          0x0000000020000008        0x0 /usr/lib/gcc/arm-none-eabi/10.3.1/../../../arm-none-eabi/lib/thumb/nofp/libc.a(lib_a-fwalk.o)
 .data          0x0000000020000008        0x0 /usr/lib/gcc/arm-none-eabi/10.3.1/../../../arm-none-eabi/lib/thumb/nofp/libc.a(lib_a-gettimeofdayr.o)
 .data          0x0000000020000008      0x430 /usr/lib/gcc/arm-none-eabi/10.3.1/../../../arm-none-eabi/lib/thumb/nofp/libc.a(lib_a-impure.o)
                0x0000000020000008                _impure_ptr
 .data          0x0000000020000438        0x0 /usr/lib/gcc/arm-none-eabi/10.3.1/../../../arm-none-eabi/lib/thumb/nofp/libc.a(lib_a-localeconv.o)
 .data          0x0000000020000438        0x0 /usr/lib/gcc/arm-none-eabi/10.3.1/../../../arm-none-eabi/lib/thumb/nofp/libc.a(lib_a-makebuf.o)
 .data          0x0000000020000438      0x410 /usr/lib/gcc/arm-none-eabi/10.3.1/../../../arm-none-eabi/lib/thumb/nofp/libc.a(lib_a-mallocr.o)
                0x0000000020000438                __malloc_sbrk_base
                0x000000002000043c                __malloc_trim_threshold
                0x0000000020000440                __malloc_av_
 .data          0x0000000020000848        0x0 /usr/lib/gcc/arm-none-eabi/10.3.1/../../../arm-none-eabi/lib/thumb/nofp/libc.a(lib_a-memchr-stub.o)
 .data          0x0000000020000848        0x0 /usr/lib/gcc/arm-none-eabi/10.3.1/../../../arm-none-eabi/lib/thumb/nofp/libc.a(lib_a-mlock.o)
 .data          0x0000000020000848        0x0 /usr/lib/gcc/arm-none-eabi/10.3.1/../../../arm-none-eabi/lib/thumb/nofp/libc.a(lib_a-mprec.o)
 .data          0x0000000020000848        0x0 /usr/lib/gcc/arm-none-eabi/10.3.1/../../../arm-none-eabi/lib/thumb/nofp/libc.a(lib_a-putc.o)
 .data          0x0000000020000848        0x0 /usr/lib/gcc/arm-none-eabi/10.3.1/../../../arm-none-eabi/lib/thumb/nofp/libc.a(lib_a-sbrkr.o)
 .data          0x0000000020000848        0x0 /usr/lib/gcc/arm-none-eabi/10.3.1/../../../arm-none-eabi/lib/thumb/nofp/libc.a(lib_a-stdio.o)
 .data          0x0000000020000848        0x0 /usr/lib/gcc/arm-none-eabi/10.3.1/../../../arm-none-eabi/lib/thumb/nofp/libc.a(lib_a-strlen-stub.o)
 .data          0x0000000020000848        0x0 /usr/lib/gcc/arm-none-eabi/10.3.1/../../../arm-none-eabi/lib/thumb/nofp/libc.a(lib_a-vfiprintf.o)
 .data          0x0000000020000848        0x0 /usr/lib/gcc/arm-none-eabi/10.3.1/../../../arm-none-eabi/lib/thumb/nofp/libc.a(lib_a-wbuf.o)
 .data          0x0000000020000848        0x0 /usr/lib/gcc/arm-none-eabi/10.3.1/../../../arm-none-eabi/lib/thumb/nofp/libc.a(lib_a-writer.o)
 .data          0x0000000020000848        0x0 /usr/lib/gcc/arm-none-eabi/10.3.1/../../../arm-none-eabi/lib/thumb/nofp/libc.a(lib_a-assert.o)
 .data          0x0000000020000848        0x0 /usr/lib/gcc/arm-none-eabi/10.3.1/../../../arm-none-eabi/lib/thumb/nofp/libc.a(lib_a-callocr.o)
 .data          0x0000000020000848        0x0 /usr/lib/gcc/arm-none-eabi/10.3.1/../../../arm-none-eabi/lib/thumb/nofp/libc.a(lib_a-closer.o)
 .data          0x0000000020000848        0x0 /usr/lib/gcc/arm-none-eabi/10.3.1/../../../arm-none-eabi/lib/thumb/nofp/libc.a(lib_a-fclose.o)
 .data          0x0000000020000848        0x0 /usr/lib/gcc/arm-none-eabi/10.3.1/../../../arm-none-eabi/lib/thumb/nofp/libc.a(lib_a-fiprintf.o)
 .data          0x0000000020000848        0x0 /usr/lib/gcc/arm-none-eabi/10.3.1/../../../arm-none-eabi/lib/thumb/nofp/libc.a(lib_a-fputwc.o)
 .data          0x0000000020000848        0x0 /usr/lib/gcc/arm-none-eabi/10.3.1/../../../arm-none-eabi/lib/thumb/nofp/libc.a(lib_a-fstatr.o)
 .data          0x0000000020000848        0x0 /usr/lib/gcc/arm-none-eabi/10.3.1/../../../arm-none-eabi/lib/thumb/nofp/libc.a(lib_a-fvwrite.o)
 .data          0x0000000020000848        0x0 /usr/lib/gcc/arm-none-eabi/10.3.1/../../../arm-none-eabi/lib/thumb/nofp/libc.a(lib_a-isattyr.o)
 .data          0x0000000020000848      0x16c /usr/lib/gcc/arm-none-eabi/10.3.1/../../../arm-none-eabi/lib/thumb/nofp/libc.a(lib_a-locale.o)
                0x0000000020000848                __global_locale
 .data          0x00000000200009b4        0x0 /usr/lib/gcc/arm-none-eabi/10.3.1/../../../arm-none-eabi/lib/thumb/nofp/libc.a(lib_a-lseekr.o)
 .data          0x00000000200009b4        0x0 /usr/lib/gcc/arm-none-eabi/10.3.1/../../../arm-none-eabi/lib/thumb/nofp/libc.a(lib_a-mbtowc_r.o)
 .data          0x00000000200009b4        0x0 /usr/lib/gcc/arm-none-eabi/10.3.1/../../../arm-none-eabi/lib/thumb/nofp/libc.a(lib_a-memmove.o)
 .data          0x00000000200009b4        0x0 /usr/lib/gcc/arm-none-eabi/10.3.1/../../../arm-none-eabi/lib/thumb/nofp/libc.a(lib_a-readr.o)
 .data          0x00000000200009b4        0x0 /usr/lib/gcc/arm-none-eabi/10.3.1/../../../arm-none-eabi/lib/thumb/nofp/libc.a(lib_a-reallocr.o)
 .data          0x00000000200009b4        0x0 /usr/lib/gcc/arm-none-eabi/10.3.1/../../../arm-none-eabi/lib/thumb/nofp/libc.a(lib_a-strcmp.o)
 .data          0x00000000200009b4        0x0 /usr/lib/gcc/arm-none-eabi/10.3.1/../../../arm-none-eabi/lib/thumb/nofp/libc.a(lib_a-wcrtomb.o)
 .data          0x00000000200009b4        0x0 /usr/lib/gcc/arm-none-eabi/10.3.1/../../../arm-none-eabi/lib/thumb/nofp/libc.a(lib_a-wctomb_r.o)
 .data          0x00000000200009b4        0x0 /usr/lib/gcc/arm-none-eabi/10.3.1/../../../arm-none-eabi/lib/thumb/nofp/libc.a(lib_a-abort.o)
 .data          0x00000000200009b4        0x0 /usr/lib/gcc/arm-none-eabi/10.3.1/../../../arm-none-eabi/lib/thumb/nofp/libc.a(lib_a-ctype_.o)
 .data          0x00000000200009b4        0x0 /usr/lib/gcc/arm-none-eabi/10.3.1/../../../arm-none-eabi/lib/thumb/nofp/libc.a(lib_a-signal.o)
 .data          0x00000000200009b4        0x0 /usr/lib/gcc/arm-none-eabi/10.3.1/../../../arm-none-eabi/lib/thumb/nofp/libc.a(lib_a-signalr.o)
 .data          0x00000000200009b4        0x0 /usr/lib/gcc/arm-none-eabi/10.3.1/thumb/nofp/libgcc.a(_arm_muldf3.o)
 .data          0x00000000200009b4        0x0 /usr/lib/gcc/arm-none-eabi/10.3.1/thumb/nofp/libgcc.a(_udivsi3.o)
 .data          0x00000000200009b4        0x0 /usr/lib/gcc/arm-none-eabi/10.3.1/thumb/nofp/libgcc.a(_divsi3.o)
 .data          0x00000000200009b4        0x0 /usr/lib/gcc/arm-none-eabi/10.3.1/thumb/nofp/libgcc.a(_dvmd_tls.o)
 .data          0x00000000200009b4        0x0 /usr/lib/gcc/arm-none-eabi/10.3.1/thumb/nofp/libgcc.a(_arm_addsubdf3.o)
 .data          0x00000000200009b4        0x0 /usr/lib/gcc/arm-none-eabi/10.3.1/thumb/nofp/libgcc.a(_arm_muldivdf3.o)
 .data          0x00000000200009b4        0x0 /usr/lib/gcc/arm-none-eabi/10.3.1/thumb/nofp/libgcc.a(_arm_cmpdf2.o)
 .data          0x00000000200009b4        0x0 /usr/lib/gcc/arm-none-eabi/10.3.1/thumb/nofp/libgcc.a(_arm_unorddf2.o)
 .data          0x00000000200009b4        0x0 /usr/lib/gcc/arm-none-eabi/10.3.1/thumb/nofp/libgcc.a(_arm_fixdfsi.o)
 .data          0x00000000200009b4        0x0 /usr/lib/gcc/arm-none-eabi/10.3.1/thumb/nofp/libgcc.a(_aeabi_uldivmod.o)
 .data          0x00000000200009b4        0x0 /usr/lib/gcc/arm-none-eabi/10.3.1/thumb/nofp/libgcc.a(_muldi3.o)
 .data          0x00000000200009b4        0x0 /usr/lib/gcc/arm-none-eabi/10.3.1/thumb/nofp/libgcc.a(_udivmoddi4.o)
 .data          0x00000000200009b4        0x0 /usr/lib/gcc/arm-none-eabi/10.3.1/thumb/nofp/libgcc.a(_clzdi2.o)
 .data          0x00000000200009b4        0x0 /usr/lib/gcc/arm-none-eabi/10.3.1/thumb/nofp/libgcc.a(_clzsi2.o)
                0x00000000200009b4                _edata = .

.igot.plt       0x00000000200009b4        0x0 load address 0x000000000000bdcc
 .igot.plt      0x00000000200009b4        0x0 gcc/main.o

.bss            0x00000000200009b4      0xa4c load address 0x000000000000bdcc
                0x00000000200009b4                _bss = .
 *(.bss*)
 .bss           0x00000000200009b4        0x0 gcc/main.o
 .bss           0x00000000200009b4        0x0 gcc/list.o
 .bss           0x00000000200009b4        0x0 gcc/queue.o
 .bss           0x00000000200009b4      0x104 gcc/tasks.o
                0x00000000200009b4                pxCurrentTCB
 .bss           0x0000000020000ab8        0x0 gcc/port.o
 .bss           0x0000000020000ab8        0x4 gcc/syscalls.o
 .bss           0x0000000020000abc      0x808 gcc/heap_1.o
 .bss           0x00000000200012c4      0x100 gcc/startup.o
 .bss           0x00000000200013c4        0x0 /usr/lib/gcc/arm-none-eabi/10.3.1/../../../arm-none-eabi/lib/thumb/nofp/libc.a(lib_a-memcpy-stub.o)
 .bss           0x00000000200013c4        0x0 /usr/lib/gcc/arm-none-eabi/10.3.1/../../../arm-none-eabi/lib/thumb/nofp/libc.a(lib_a-memset.o)
 .bss           0x00000000200013c4        0x0 /usr/lib/gcc/arm-none-eabi/10.3.1/../../../arm-none-eabi/lib/thumb/nofp/libc.a(lib_a-printf.o)
 .bss           0x00000000200013c4        0x0 /usr/lib/gcc/arm-none-eabi/10.3.1/../../../arm-none-eabi/lib/thumb/nofp/libc.a(lib_a-putchar.o)
 .bss           0x00000000200013c4        0x0 /usr/lib/gcc/arm-none-eabi/10.3.1/../../../arm-none-eabi/lib/thumb/nofp/libc.a(lib_a-rand.o)
 .bss           0x00000000200013c4        0x4 /usr/lib/gcc/arm-none-eabi/10.3.1/../../../arm-none-eabi/lib/thumb/nofp/libc.a(lib_a-reent.o)
                0x00000000200013c4                errno
 .bss           0x00000000200013c8        0x0 /usr/lib/gcc/arm-none-eabi/10.3.1/../../../arm-none-eabi/lib/thumb/nofp/libc.a(lib_a-time.o)
 .bss           0x00000000200013c8        0x0 /usr/lib/gcc/arm-none-eabi/10.3.1/../../../arm-none-eabi/lib/thumb/nofp/libc.a(lib_a-vfprintf.o)
 .bss           0x00000000200013c8        0x0 /usr/lib/gcc/arm-none-eabi/10.3.1/../../../arm-none-eabi/lib/thumb/nofp/libc.a(lib_a-wsetup.o)
 .bss           0x00000000200013c8        0x0 /usr/lib/gcc/arm-none-eabi/10.3.1/../../../arm-none-eabi/lib/thumb/nofp/libc.a(lib_a-dtoa.o)
 .bss           0x00000000200013c8        0x0 /usr/lib/gcc/arm-none-eabi/10.3.1/../../../arm-none-eabi/lib/thumb/nofp/libc.a(lib_a-fflush.o)
 .bss           0x00000000200013c8        0x0 /usr/lib/gcc/arm-none-eabi/10.3.1/../../../arm-none-eabi/lib/thumb/nofp/libc.a(lib_a-findfp.o)
 .bss           0x00000000200013c8        0x0 /usr/lib/gcc/arm-none-eabi/10.3.1/../../../arm-none-eabi/lib/thumb/nofp/libc.a(lib_a-freer.o)
 .bss           0x00000000200013c8        0x0 /usr/lib/gcc/arm-none-eabi/10.3.1/../../../arm-none-eabi/lib/thumb/nofp/libc.a(lib_a-fwalk.o)
 .bss           0x00000000200013c8        0x0 /usr/lib/gcc/arm-none-eabi/10.3.1/../../../arm-none-eabi/lib/thumb/nofp/libc.a(lib_a-gettimeofdayr.o)
 .bss           0x00000000200013c8        0x0 /usr/lib/gcc/arm-none-eabi/10.3.1/../../../arm-none-eabi/lib/thumb/nofp/libc.a(lib_a-impure.o)
 .bss           0x00000000200013c8        0x0 /usr/lib/gcc/arm-none-eabi/10.3.1/../../../arm-none-eabi/lib/thumb/nofp/libc.a(lib_a-localeconv.o)
 .bss           0x00000000200013c8        0x0 /usr/lib/gcc/arm-none-eabi/10.3.1/../../../arm-none-eabi/lib/thumb/nofp/libc.a(lib_a-makebuf.o)
 .bss           0x00000000200013c8       0x34 /usr/lib/gcc/arm-none-eabi/10.3.1/../../../arm-none-eabi/lib/thumb/nofp/libc.a(lib_a-mallocr.o)
                0x00000000200013c8                __malloc_top_pad
                0x00000000200013cc                __malloc_current_mallinfo
                0x00000000200013f4                __malloc_max_sbrked_mem
                0x00000000200013f8                __malloc_max_total_mem
 .bss           0x00000000200013fc        0x0 /usr/lib/gcc/arm-none-eabi/10.3.1/../../../arm-none-eabi/lib/thumb/nofp/libc.a(lib_a-memchr-stub.o)
 .bss           0x00000000200013fc        0x0 /usr/lib/gcc/arm-none-eabi/10.3.1/../../../arm-none-eabi/lib/thumb/nofp/libc.a(lib_a-mlock.o)
 .bss           0x00000000200013fc        0x0 /usr/lib/gcc/arm-none-eabi/10.3.1/../../../arm-none-eabi/lib/thumb/nofp/libc.a(lib_a-mprec.o)
 .bss           0x00000000200013fc        0x0 /usr/lib/gcc/arm-none-eabi/10.3.1/../../../arm-none-eabi/lib/thumb/nofp/libc.a(lib_a-putc.o)
 .bss           0x00000000200013fc        0x0 /usr/lib/gcc/arm-none-eabi/10.3.1/../../../arm-none-eabi/lib/thumb/nofp/libc.a(lib_a-sbrkr.o)
 .bss           0x00000000200013fc        0x0 /usr/lib/gcc/arm-none-eabi/10.3.1/../../../arm-none-eabi/lib/thumb/nofp/libc.a(lib_a-stdio.o)
 .bss           0x00000000200013fc        0x0 /usr/lib/gcc/arm-none-eabi/10.3.1/../../../arm-none-eabi/lib/thumb/nofp/libc.a(lib_a-strlen-stub.o)
 .bss           0x00000000200013fc        0x0 /usr/lib/gcc/arm-none-eabi/10.3.1/../../../arm-none-eabi/lib/thumb/nofp/libc.a(lib_a-vfiprintf.o)
 .bss           0x00000000200013fc        0x0 /usr/lib/gcc/arm-none-eabi/10.3.1/../../../arm-none-eabi/lib/thumb/nofp/libc.a(lib_a-wbuf.o)
 .bss           0x00000000200013fc        0x0 /usr/lib/gcc/arm-none-eabi/10.3.1/../../../arm-none-eabi/lib/thumb/nofp/libc.a(lib_a-writer.o)
 .bss           0x00000000200013fc        0x0 /usr/lib/gcc/arm-none-eabi/10.3.1/../../../arm-none-eabi/lib/thumb/nofp/libc.a(lib_a-assert.o)
 .bss           0x00000000200013fc        0x0 /usr/lib/gcc/arm-none-eabi/10.3.1/../../../arm-none-eabi/lib/thumb/nofp/libc.a(lib_a-callocr.o)
 .bss           0x00000000200013fc        0x0 /usr/lib/gcc/arm-none-eabi/10.3.1/../../../arm-none-eabi/lib/thumb/nofp/libc.a(lib_a-closer.o)
 .bss           0x00000000200013fc        0x0 /usr/lib/gcc/arm-none-eabi/10.3.1/../../../arm-none-eabi/lib/thumb/nofp/libc.a(lib_a-fclose.o)
 .bss           0x00000000200013fc        0x0 /usr/lib/gcc/arm-none-eabi/10.3.1/../../../arm-none-eabi/lib/thumb/nofp/libc.a(lib_a-fiprintf.o)
 .bss           0x00000000200013fc        0x0 /usr/lib/gcc/arm-none-eabi/10.3.1/../../../arm-none-eabi/lib/thumb/nofp/libc.a(lib_a-fputwc.o)
 .bss           0x00000000200013fc        0x0 /usr/lib/gcc/arm-none-eabi/10.3.1/../../../arm-none-eabi/lib/thumb/nofp/libc.a(lib_a-fstatr.o)
 .bss           0x00000000200013fc        0x0 /usr/lib/gcc/arm-none-eabi/10.3.1/../../../arm-none-eabi/lib/thumb/nofp/libc.a(lib_a-fvwrite.o)
 .bss           0x00000000200013fc        0x0 /usr/lib/gcc/arm-none-eabi/10.3.1/../../../arm-none-eabi/lib/thumb/nofp/libc.a(lib_a-isattyr.o)
 .bss           0x00000000200013fc        0x4 /usr/lib/gcc/arm-none-eabi/10.3.1/../../../arm-none-eabi/lib/thumb/nofp/libc.a(lib_a-locale.o)
                0x00000000200013fc                _PathLocale
 .bss           0x0000000020001400        0x0 /usr/lib/gcc/arm-none-eabi/10.3.1/../../../arm-none-eabi/lib/thumb/nofp/libc.a(lib_a-lseekr.o)
 .bss           0x0000000020001400        0x0 /usr/lib/gcc/arm-none-eabi/10.3.1/../../../arm-none-eabi/lib/thumb/nofp/libc.a(lib_a-mbtowc_r.o)
 .bss           0x0000000020001400        0x0 /usr/lib/gcc/arm-none-eabi/10.3.1/../../../arm-none-eabi/lib/thumb/nofp/libc.a(lib_a-memmove.o)
 .bss           0x0000000020001400        0x0 /usr/lib/gcc/arm-none-eabi/10.3.1/../../../arm-none-eabi/lib/thumb/nofp/libc.a(lib_a-readr.o)
 .bss           0x0000000020001400        0x0 /usr/lib/gcc/arm-none-eabi/10.3.1/../../../arm-none-eabi/lib/thumb/nofp/libc.a(lib_a-reallocr.o)
 .bss           0x0000000020001400        0x0 /usr/lib/gcc/arm-none-eabi/10.3.1/../../../arm-none-eabi/lib/thumb/nofp/libc.a(lib_a-strcmp.o)
 .bss           0x0000000020001400        0x0 /usr/lib/gcc/arm-none-eabi/10.3.1/../../../arm-none-eabi/lib/thumb/nofp/libc.a(lib_a-wcrtomb.o)
 .bss           0x0000000020001400        0x0 /usr/lib/gcc/arm-none-eabi/10.3.1/../../../arm-none-eabi/lib/thumb/nofp/libc.a(lib_a-wctomb_r.o)
 .bss           0x0000000020001400        0x0 /usr/lib/gcc/arm-none-eabi/10.3.1/../../../arm-none-eabi/lib/thumb/nofp/libc.a(lib_a-abort.o)
 .bss           0x0000000020001400        0x0 /usr/lib/gcc/arm-none-eabi/10.3.1/../../../arm-none-eabi/lib/thumb/nofp/libc.a(lib_a-ctype_.o)
 .bss           0x0000000020001400        0x0 /usr/lib/gcc/arm-none-eabi/10.3.1/../../../arm-none-eabi/lib/thumb/nofp/libc.a(lib_a-signal.o)
 .bss           0x0000000020001400        0x0 /usr/lib/gcc/arm-none-eabi/10.3.1/../../../arm-none-eabi/lib/thumb/nofp/libc.a(lib_a-signalr.o)
 .bss           0x0000000020001400        0x0 /usr/lib/gcc/arm-none-eabi/10.3.1/thumb/nofp/libgcc.a(_arm_muldf3.o)
 .bss           0x0000000020001400        0x0 /usr/lib/gcc/arm-none-eabi/10.3.1/thumb/nofp/libgcc.a(_udivsi3.o)
 .bss           0x0000000020001400        0x0 /usr/lib/gcc/arm-none-eabi/10.3.1/thumb/nofp/libgcc.a(_divsi3.o)
 .bss           0x0000000020001400        0x0 /usr/lib/gcc/arm-none-eabi/10.3.1/thumb/nofp/libgcc.a(_dvmd_tls.o)
 .bss           0x0000000020001400        0x0 /usr/lib/gcc/arm-none-eabi/10.3.1/thumb/nofp/libgcc.a(_arm_addsubdf3.o)
 .bss           0x0000000020001400        0x0 /usr/lib/gcc/arm-none-eabi/10.3.1/thumb/nofp/libgcc.a(_arm_muldivdf3.o)
 .bss           0x0000000020001400        0x0 /usr/lib/gcc/arm-none-eabi/10.3.1/thumb/nofp/libgcc.a(_arm_cmpdf2.o)
 .bss           0x0000000020001400        0x0 /usr/lib/gcc/arm-none-eabi/10.3.1/thumb/nofp/libgcc.a(_arm_unorddf2.o)
 .bss           0x0000000020001400        0x0 /usr/lib/gcc/arm-none-eabi/10.3.1/thumb/nofp/libgcc.a(_arm_fixdfsi.o)
 .bss           0x0000000020001400        0x0 /usr/lib/gcc/arm-none-eabi/10.3.1/thumb/nofp/libgcc.a(_aeabi_uldivmod.o)
 .bss           0x0000000020001400        0x0 /usr/lib/gcc/arm-none-eabi/10.3.1/thumb/nofp/libgcc.a(_muldi3.o)
 .bss           0x0000000020001400        0x0 /usr/lib/gcc/arm-none-eabi/10.3.1/thumb/nofp/libgcc.a(_udivmoddi4.o)
 .bss           0x0000000020001400        0x0 /usr/lib/gcc/arm-none-eabi/10.3.1/thumb/nofp/libgcc.a(_clzdi2.o)
 .bss           0x0000000020001400        0x0 /usr/lib/gcc/arm-none-eabi/10.3.1/thumb/nofp/libgcc.a(_clzsi2.o)
 *(COMMON)
                0x0000000020001400                _ebss = .
                0x0000000020001400                _end = .
LOAD gcc/main.o
LOAD gcc/list.o
LOAD gcc/queue.o
LOAD gcc/tasks.o
LOAD gcc/port.o
LOAD gcc/syscalls.o
LOAD gcc/heap_1.o
LOAD gcc/startup.o
LOAD /usr/lib/gcc/arm-none-eabi/10.3.1/../../../arm-none-eabi/lib/thumb/nofp/libc.a
LOAD /usr/lib/gcc/arm-none-eabi/10.3.1/thumb/nofp/libgcc.a
OUTPUT(gcc/RTOSDemo.axf elf32-littlearm)
LOAD linker stubs

.debug_info     0x0000000000000000    0x27034
 .debug_info    0x0000000000000000      0x10c gcc/main.o
 .debug_info    0x000000000000010c      0x2c1 gcc/list.o
 .debug_info    0x00000000000003cd      0xe87 gcc/queue.o
 .debug_info    0x0000000000001254     0x178f gcc/tasks.o
 .debug_info    0x00000000000029e3      0x2d1 gcc/port.o
 .debug_info    0x0000000000002cb4      0x59d gcc/syscalls.o
 .debug_info    0x0000000000003251      0x16f gcc/heap_1.o
 .debug_info    0x00000000000033c0      0x11e gcc/startup.o
 .debug_info    0x00000000000034de      0x15c /usr/lib/gcc/arm-none-eabi/10.3.1/../../../arm-none-eabi/lib/thumb/nofp/libc.a(lib_a-memcpy-stub.o)
 .debug_info    0x000000000000363a      0x13d /usr/lib/gcc/arm-none-eabi/10.3.1/../../../arm-none-eabi/lib/thumb/nofp/libc.a(lib_a-memset.o)
 .debug_info    0x0000000000003777      0xa31 /usr/lib/gcc/arm-none-eabi/10.3.1/../../../arm-none-eabi/lib/thumb/nofp/libc.a(lib_a-printf.o)
 .debug_info    0x00000000000041a8      0x9b1 /usr/lib/gcc/arm-none-eabi/10.3.1/../../../arm-none-eabi/lib/thumb/nofp/libc.a(lib_a-putchar.o)
 .debug_info    0x0000000000004b59      0x972 /usr/lib/gcc/arm-none-eabi/10.3.1/../../../arm-none-eabi/lib/thumb/nofp/libc.a(lib_a-rand.o)
 .debug_info    0x00000000000054cb      0xbe1 /usr/lib/gcc/arm-none-eabi/10.3.1/../../../arm-none-eabi/lib/thumb/nofp/libc.a(lib_a-reent.o)
 .debug_info    0x00000000000060ac      0x9b3 /usr/lib/gcc/arm-none-eabi/10.3.1/../../../arm-none-eabi/lib/thumb/nofp/libc.a(lib_a-time.o)
 .debug_info    0x0000000000006a5f     0x1b8f /usr/lib/gcc/arm-none-eabi/10.3.1/../../../arm-none-eabi/lib/thumb/nofp/libc.a(lib_a-vfprintf.o)
 .debug_info    0x00000000000085ee      0x9c2 /usr/lib/gcc/arm-none-eabi/10.3.1/../../../arm-none-eabi/lib/thumb/nofp/libc.a(lib_a-wsetup.o)
 .debug_info    0x0000000000008fb0     0x1a17 /usr/lib/gcc/arm-none-eabi/10.3.1/../../../arm-none-eabi/lib/thumb/nofp/libc.a(lib_a-dtoa.o)
 .debug_info    0x000000000000a9c7      0xbff /usr/lib/gcc/arm-none-eabi/10.3.1/../../../arm-none-eabi/lib/thumb/nofp/libc.a(lib_a-fflush.o)
 .debug_info    0x000000000000b5c6      0xf72 /usr/lib/gcc/arm-none-eabi/10.3.1/../../../arm-none-eabi/lib/thumb/nofp/libc.a(lib_a-findfp.o)
 .debug_info    0x000000000000c538      0xce5 /usr/lib/gcc/arm-none-eabi/10.3.1/../../../arm-none-eabi/lib/thumb/nofp/libc.a(lib_a-freer.o)
 .debug_info    0x000000000000d21d      0xa66 /usr/lib/gcc/arm-none-eabi/10.3.1/../../../arm-none-eabi/lib/thumb/nofp/libc.a(lib_a-fwalk.o)
 .debug_info    0x000000000000dc83      0x9e5 /usr/lib/gcc/arm-none-eabi/10.3.1/../../../arm-none-eabi/lib/thumb/nofp/libc.a(lib_a-gettimeofdayr.o)
 .debug_info    0x000000000000e668      0x92a /usr/lib/gcc/arm-none-eabi/10.3.1/../../../arm-none-eabi/lib/thumb/nofp/libc.a(lib_a-impure.o)
 .debug_info    0x000000000000ef92      0xc3e /usr/lib/gcc/arm-none-eabi/10.3.1/../../../arm-none-eabi/lib/thumb/nofp/libc.a(lib_a-localeconv.o)
 .debug_info    0x000000000000fbd0      0xdf0 /usr/lib/gcc/arm-none-eabi/10.3.1/../../../arm-none-eabi/lib/thumb/nofp/libc.a(lib_a-makebuf.o)
 .debug_info    0x00000000000109c0      0xe80 /usr/lib/gcc/arm-none-eabi/10.3.1/../../../arm-none-eabi/lib/thumb/nofp/libc.a(lib_a-mallocr.o)
 .debug_info    0x0000000000011840      0x14e /usr/lib/gcc/arm-none-eabi/10.3.1/../../../arm-none-eabi/lib/thumb/nofp/libc.a(lib_a-memchr-stub.o)
 .debug_info    0x000000000001198e      0x942 /usr/lib/gcc/arm-none-eabi/10.3.1/../../../arm-none-eabi/lib/thumb/nofp/libc.a(lib_a-mlock.o)
 .debug_info    0x00000000000122d0     0x20bc /usr/lib/gcc/arm-none-eabi/10.3.1/../../../arm-none-eabi/lib/thumb/nofp/libc.a(lib_a-mprec.o)
 .debug_info    0x000000000001438c      0xb2b /usr/lib/gcc/arm-none-eabi/10.3.1/../../../arm-none-eabi/lib/thumb/nofp/libc.a(lib_a-putc.o)
 .debug_info    0x0000000000014eb7      0x98e /usr/lib/gcc/arm-none-eabi/10.3.1/../../../arm-none-eabi/lib/thumb/nofp/libc.a(lib_a-sbrkr.o)
 .debug_info    0x0000000000015845      0xc27 /usr/lib/gcc/arm-none-eabi/10.3.1/../../../arm-none-eabi/lib/thumb/nofp/libc.a(lib_a-stdio.o)
 .debug_info    0x000000000001646c       0xee /usr/lib/gcc/arm-none-eabi/10.3.1/../../../arm-none-eabi/lib/thumb/nofp/libc.a(lib_a-strlen-stub.o)
 .debug_info    0x000000000001655a     0x19f0 /usr/lib/gcc/arm-none-eabi/10.3.1/../../../arm-none-eabi/lib/thumb/nofp/libc.a(lib_a-vfiprintf.o)
 .debug_info    0x0000000000017f4a      0xa5f /usr/lib/gcc/arm-none-eabi/10.3.1/../../../arm-none-eabi/lib/thumb/nofp/libc.a(lib_a-wbuf.o)
 .debug_info    0x00000000000189a9      0x9c0 /usr/lib/gcc/arm-none-eabi/10.3.1/../../../arm-none-eabi/lib/thumb/nofp/libc.a(lib_a-writer.o)
 .debug_info    0x0000000000019369      0xa24 /usr/lib/gcc/arm-none-eabi/10.3.1/../../../arm-none-eabi/lib/thumb/nofp/libc.a(lib_a-assert.o)
 .debug_info    0x0000000000019d8d      0xa81 /usr/lib/gcc/arm-none-eabi/10.3.1/../../../arm-none-eabi/lib/thumb/nofp/libc.a(lib_a-callocr.o)
 .debug_info    0x000000000001a80e      0x96b /usr/lib/gcc/arm-none-eabi/10.3.1/../../../arm-none-eabi/lib/thumb/nofp/libc.a(lib_a-closer.o)
 .debug_info    0x000000000001b179      0xb4d /usr/lib/gcc/arm-none-eabi/10.3.1/../../../arm-none-eabi/lib/thumb/nofp/libc.a(lib_a-fclose.o)
 .debug_info    0x000000000001bcc6      0xa5f /usr/lib/gcc/arm-none-eabi/10.3.1/../../../arm-none-eabi/lib/thumb/nofp/libc.a(lib_a-fiprintf.o)
 .debug_info    0x000000000001c725      0xc1f /usr/lib/gcc/arm-none-eabi/10.3.1/../../../arm-none-eabi/lib/thumb/nofp/libc.a(lib_a-fputwc.o)
 .debug_info    0x000000000001d344      0xb83 /usr/lib/gcc/arm-none-eabi/10.3.1/../../../arm-none-eabi/lib/thumb/nofp/libc.a(lib_a-fstatr.o)
 .debug_info    0x000000000001dec7      0xcc3 /usr/lib/gcc/arm-none-eabi/10.3.1/../../../arm-none-eabi/lib/thumb/nofp/libc.a(lib_a-fvwrite.o)
 .debug_info    0x000000000001eb8a      0x96b /usr/lib/gcc/arm-none-eabi/10.3.1/../../../arm-none-eabi/lib/thumb/nofp/libc.a(lib_a-isattyr.o)
 .debug_info    0x000000000001f4f5      0xe04 /usr/lib/gcc/arm-none-eabi/10.3.1/../../../arm-none-eabi/lib/thumb/nofp/libc.a(lib_a-locale.o)
 .debug_info    0x00000000000202f9      0x9a1 /usr/lib/gcc/arm-none-eabi/10.3.1/../../../arm-none-eabi/lib/thumb/nofp/libc.a(lib_a-lseekr.o)
 .debug_info    0x0000000000020c9a      0xccd /usr/lib/gcc/arm-none-eabi/10.3.1/../../../arm-none-eabi/lib/thumb/nofp/libc.a(lib_a-mbtowc_r.o)
 .debug_info    0x0000000000021967      0x152 /usr/lib/gcc/arm-none-eabi/10.3.1/../../../arm-none-eabi/lib/thumb/nofp/libc.a(lib_a-memmove.o)
 .debug_info    0x0000000000021ab9      0x9b9 /usr/lib/gcc/arm-none-eabi/10.3.1/../../../arm-none-eabi/lib/thumb/nofp/libc.a(lib_a-readr.o)
 .debug_info    0x0000000000022472      0xda8 /usr/lib/gcc/arm-none-eabi/10.3.1/../../../arm-none-eabi/lib/thumb/nofp/libc.a(lib_a-reallocr.o)
 .debug_info    0x000000000002321a       0x26 /usr/lib/gcc/arm-none-eabi/10.3.1/../../../arm-none-eabi/lib/thumb/nofp/libc.a(lib_a-strcmp.o)
 .debug_info    0x0000000000023240      0xd48 /usr/lib/gcc/arm-none-eabi/10.3.1/../../../arm-none-eabi/lib/thumb/nofp/libc.a(lib_a-wcrtomb.o)
 .debug_info    0x0000000000023f88      0xc89 /usr/lib/gcc/arm-none-eabi/10.3.1/../../../arm-none-eabi/lib/thumb/nofp/libc.a(lib_a-wctomb_r.o)
 .debug_info    0x0000000000024c11       0xcb /usr/lib/gcc/arm-none-eabi/10.3.1/../../../arm-none-eabi/lib/thumb/nofp/libc.a(lib_a-abort.o)
 .debug_info    0x0000000000024cdc       0xb8 /usr/lib/gcc/arm-none-eabi/10.3.1/../../../arm-none-eabi/lib/thumb/nofp/libc.a(lib_a-ctype_.o)
 .debug_info    0x0000000000024d94      0xf29 /usr/lib/gcc/arm-none-eabi/10.3.1/../../../arm-none-eabi/lib/thumb/nofp/libc.a(lib_a-signal.o)
 .debug_info    0x0000000000025cbd      0x9df /usr/lib/gcc/arm-none-eabi/10.3.1/../../../arm-none-eabi/lib/thumb/nofp/libc.a(lib_a-signalr.o)
 .debug_info    0x000000000002669c       0x26 /usr/lib/gcc/arm-none-eabi/10.3.1/thumb/nofp/libgcc.a(_arm_muldf3.o)
 .debug_info    0x00000000000266c2       0x26 /usr/lib/gcc/arm-none-eabi/10.3.1/thumb/nofp/libgcc.a(_udivsi3.o)
 .debug_info    0x00000000000266e8       0x26 /usr/lib/gcc/arm-none-eabi/10.3.1/thumb/nofp/libgcc.a(_divsi3.o)
 .debug_info    0x000000000002670e       0x26 /usr/lib/gcc/arm-none-eabi/10.3.1/thumb/nofp/libgcc.a(_dvmd_tls.o)
 .debug_info    0x0000000000026734       0x26 /usr/lib/gcc/arm-none-eabi/10.3.1/thumb/nofp/libgcc.a(_arm_addsubdf3.o)
 .debug_info    0x000000000002675a       0x26 /usr/lib/gcc/arm-none-eabi/10.3.1/thumb/nofp/libgcc.a(_arm_muldivdf3.o)
 .debug_info    0x0000000000026780       0x26 /usr/lib/gcc/arm-none-eabi/10.3.1/thumb/nofp/libgcc.a(_arm_cmpdf2.o)
 .debug_info    0x00000000000267a6       0x26 /usr/lib/gcc/arm-none-eabi/10.3.1/thumb/nofp/libgcc.a(_arm_unorddf2.o)
 .debug_info    0x00000000000267cc       0x26 /usr/lib/gcc/arm-none-eabi/10.3.1/thumb/nofp/libgcc.a(_arm_fixdfsi.o)
 .debug_info    0x00000000000267f2       0x26 /usr/lib/gcc/arm-none-eabi/10.3.1/thumb/nofp/libgcc.a(_aeabi_uldivmod.o)
 .debug_info    0x0000000000026818      0x431 /usr/lib/gcc/arm-none-eabi/10.3.1/thumb/nofp/libgcc.a(_muldi3.o)
 .debug_info    0x0000000000026c49      0x39f /usr/lib/gcc/arm-none-eabi/10.3.1/thumb/nofp/libgcc.a(_udivmoddi4.o)
 .debug_info    0x0000000000026fe8       0x26 /usr/lib/gcc/arm-none-eabi/10.3.1/thumb/nofp/libgcc.a(_clzdi2.o)
 .debug_info    0x000000000002700e       0x26 /usr/lib/gcc/arm-none-eabi/10.3.1/thumb/nofp/libgcc.a(_clzsi2.o)

.debug_abbrev   0x0000000000000000     0x8254
 .debug_abbrev  0x0000000000000000       0xaa gcc/main.o
 .debug_abbrev  0x00000000000000aa       0xef gcc/list.o
 .debug_abbrev  0x0000000000000199      0x1f4 gcc/queue.o
 .debug_abbrev  0x000000000000038d      0x2b8 gcc/tasks.o
 .debug_abbrev  0x0000000000000645      0x1e3 gcc/port.o
 .debug_abbrev  0x0000000000000828      0x161 gcc/syscalls.o
 .debug_abbrev  0x0000000000000989       0xfc gcc/heap_1.o
 .debug_abbrev  0x0000000000000a85       0xb3 gcc/startup.o
 .debug_abbrev  0x0000000000000b38       0xc7 /usr/lib/gcc/arm-none-eabi/10.3.1/../../../arm-none-eabi/lib/thumb/nofp/libc.a(lib_a-memcpy-stub.o)
 .debug_abbrev  0x0000000000000bff       0xb4 /usr/lib/gcc/arm-none-eabi/10.3.1/../../../arm-none-eabi/lib/thumb/nofp/libc.a(lib_a-memset.o)
 .debug_abbrev  0x0000000000000cb3      0x27a /usr/lib/gcc/arm-none-eabi/10.3.1/../../../arm-none-eabi/lib/thumb/nofp/libc.a(lib_a-printf.o)
 .debug_abbrev  0x0000000000000f2d      0x230 /usr/lib/gcc/arm-none-eabi/10.3.1/../../../arm-none-eabi/lib/thumb/nofp/libc.a(lib_a-putchar.o)
 .debug_abbrev  0x000000000000115d      0x219 /usr/lib/gcc/arm-none-eabi/10.3.1/../../../arm-none-eabi/lib/thumb/nofp/libc.a(lib_a-rand.o)
 .debug_abbrev  0x0000000000001376      0x2d0 /usr/lib/gcc/arm-none-eabi/10.3.1/../../../arm-none-eabi/lib/thumb/nofp/libc.a(lib_a-reent.o)
 .debug_abbrev  0x0000000000001646      0x20f /usr/lib/gcc/arm-none-eabi/10.3.1/../../../arm-none-eabi/lib/thumb/nofp/libc.a(lib_a-time.o)
 .debug_abbrev  0x0000000000001855      0x431 /usr/lib/gcc/arm-none-eabi/10.3.1/../../../arm-none-eabi/lib/thumb/nofp/libc.a(lib_a-vfprintf.o)
 .debug_abbrev  0x0000000000001c86      0x246 /usr/lib/gcc/arm-none-eabi/10.3.1/../../../arm-none-eabi/lib/thumb/nofp/libc.a(lib_a-wsetup.o)
 .debug_abbrev  0x0000000000001ecc      0x345 /usr/lib/gcc/arm-none-eabi/10.3.1/../../../arm-none-eabi/lib/thumb/nofp/libc.a(lib_a-dtoa.o)
 .debug_abbrev  0x0000000000002211      0x32c /usr/lib/gcc/arm-none-eabi/10.3.1/../../../arm-none-eabi/lib/thumb/nofp/libc.a(lib_a-fflush.o)
 .debug_abbrev  0x000000000000253d      0x409 /usr/lib/gcc/arm-none-eabi/10.3.1/../../../arm-none-eabi/lib/thumb/nofp/libc.a(lib_a-findfp.o)
 .debug_abbrev  0x0000000000002946      0x2a1 /usr/lib/gcc/arm-none-eabi/10.3.1/../../../arm-none-eabi/lib/thumb/nofp/libc.a(lib_a-freer.o)
 .debug_abbrev  0x0000000000002be7      0x1fe /usr/lib/gcc/arm-none-eabi/10.3.1/../../../arm-none-eabi/lib/thumb/nofp/libc.a(lib_a-fwalk.o)
 .debug_abbrev  0x0000000000002de5      0x226 /usr/lib/gcc/arm-none-eabi/10.3.1/../../../arm-none-eabi/lib/thumb/nofp/libc.a(lib_a-gettimeofdayr.o)
 .debug_abbrev  0x000000000000300b      0x1b8 /usr/lib/gcc/arm-none-eabi/10.3.1/../../../arm-none-eabi/lib/thumb/nofp/libc.a(lib_a-impure.o)
 .debug_abbrev  0x00000000000031c3      0x26a /usr/lib/gcc/arm-none-eabi/10.3.1/../../../arm-none-eabi/lib/thumb/nofp/libc.a(lib_a-localeconv.o)
 .debug_abbrev  0x000000000000342d      0x2f7 /usr/lib/gcc/arm-none-eabi/10.3.1/../../../arm-none-eabi/lib/thumb/nofp/libc.a(lib_a-makebuf.o)
 .debug_abbrev  0x0000000000003724      0x2f6 /usr/lib/gcc/arm-none-eabi/10.3.1/../../../arm-none-eabi/lib/thumb/nofp/libc.a(lib_a-mallocr.o)
 .debug_abbrev  0x0000000000003a1a       0xd4 /usr/lib/gcc/arm-none-eabi/10.3.1/../../../arm-none-eabi/lib/thumb/nofp/libc.a(lib_a-memchr-stub.o)
 .debug_abbrev  0x0000000000003aee      0x1f0 /usr/lib/gcc/arm-none-eabi/10.3.1/../../../arm-none-eabi/lib/thumb/nofp/libc.a(lib_a-mlock.o)
 .debug_abbrev  0x0000000000003cde      0x4bc /usr/lib/gcc/arm-none-eabi/10.3.1/../../../arm-none-eabi/lib/thumb/nofp/libc.a(lib_a-mprec.o)
 .debug_abbrev  0x000000000000419a      0x2aa /usr/lib/gcc/arm-none-eabi/10.3.1/../../../arm-none-eabi/lib/thumb/nofp/libc.a(lib_a-putc.o)
 .debug_abbrev  0x0000000000004444      0x23d /usr/lib/gcc/arm-none-eabi/10.3.1/../../../arm-none-eabi/lib/thumb/nofp/libc.a(lib_a-sbrkr.o)
 .debug_abbrev  0x0000000000004681      0x242 /usr/lib/gcc/arm-none-eabi/10.3.1/../../../arm-none-eabi/lib/thumb/nofp/libc.a(lib_a-stdio.o)
 .debug_abbrev  0x00000000000048c3       0x8f /usr/lib/gcc/arm-none-eabi/10.3.1/../../../arm-none-eabi/lib/thumb/nofp/libc.a(lib_a-strlen-stub.o)
 .debug_abbrev  0x0000000000004952      0x407 /usr/lib/gcc/arm-none-eabi/10.3.1/../../../arm-none-eabi/lib/thumb/nofp/libc.a(lib_a-vfiprintf.o)
 .debug_abbrev  0x0000000000004d59      0x278 /usr/lib/gcc/arm-none-eabi/10.3.1/../../../arm-none-eabi/lib/thumb/nofp/libc.a(lib_a-wbuf.o)
 .debug_abbrev  0x0000000000004fd1      0x217 /usr/lib/gcc/arm-none-eabi/10.3.1/../../../arm-none-eabi/lib/thumb/nofp/libc.a(lib_a-writer.o)
 .debug_abbrev  0x00000000000051e8      0x22a /usr/lib/gcc/arm-none-eabi/10.3.1/../../../arm-none-eabi/lib/thumb/nofp/libc.a(lib_a-assert.o)
 .debug_abbrev  0x0000000000005412      0x241 /usr/lib/gcc/arm-none-eabi/10.3.1/../../../arm-none-eabi/lib/thumb/nofp/libc.a(lib_a-callocr.o)
 .debug_abbrev  0x0000000000005653      0x212 /usr/lib/gcc/arm-none-eabi/10.3.1/../../../arm-none-eabi/lib/thumb/nofp/libc.a(lib_a-closer.o)
 .debug_abbrev  0x0000000000005865      0x2e3 /usr/lib/gcc/arm-none-eabi/10.3.1/../../../arm-none-eabi/lib/thumb/nofp/libc.a(lib_a-fclose.o)
 .debug_abbrev  0x0000000000005b48      0x255 /usr/lib/gcc/arm-none-eabi/10.3.1/../../../arm-none-eabi/lib/thumb/nofp/libc.a(lib_a-fiprintf.o)
 .debug_abbrev  0x0000000000005d9d      0x321 /usr/lib/gcc/arm-none-eabi/10.3.1/../../../arm-none-eabi/lib/thumb/nofp/libc.a(lib_a-fputwc.o)
 .debug_abbrev  0x00000000000060be      0x226 /usr/lib/gcc/arm-none-eabi/10.3.1/../../../arm-none-eabi/lib/thumb/nofp/libc.a(lib_a-fstatr.o)
 .debug_abbrev  0x00000000000062e4      0x276 /usr/lib/gcc/arm-none-eabi/10.3.1/../../../arm-none-eabi/lib/thumb/nofp/libc.a(lib_a-fvwrite.o)
 .debug_abbrev  0x000000000000655a      0x212 /usr/lib/gcc/arm-none-eabi/10.3.1/../../../arm-none-eabi/lib/thumb/nofp/libc.a(lib_a-isattyr.o)
 .debug_abbrev  0x000000000000676c      0x2f5 /usr/lib/gcc/arm-none-eabi/10.3.1/../../../arm-none-eabi/lib/thumb/nofp/libc.a(lib_a-locale.o)
 .debug_abbrev  0x0000000000006a61      0x226 /usr/lib/gcc/arm-none-eabi/10.3.1/../../../arm-none-eabi/lib/thumb/nofp/libc.a(lib_a-lseekr.o)
 .debug_abbrev  0x0000000000006c87      0x269 /usr/lib/gcc/arm-none-eabi/10.3.1/../../../arm-none-eabi/lib/thumb/nofp/libc.a(lib_a-mbtowc_r.o)
 .debug_abbrev  0x0000000000006ef0       0xc0 /usr/lib/gcc/arm-none-eabi/10.3.1/../../../arm-none-eabi/lib/thumb/nofp/libc.a(lib_a-memmove.o)
 .debug_abbrev  0x0000000000006fb0      0x212 /usr/lib/gcc/arm-none-eabi/10.3.1/../../../arm-none-eabi/lib/thumb/nofp/libc.a(lib_a-readr.o)
 .debug_abbrev  0x00000000000071c2      0x265 /usr/lib/gcc/arm-none-eabi/10.3.1/../../../arm-none-eabi/lib/thumb/nofp/libc.a(lib_a-reallocr.o)
 .debug_abbrev  0x0000000000007427       0x14 /usr/lib/gcc/arm-none-eabi/10.3.1/../../../arm-none-eabi/lib/thumb/nofp/libc.a(lib_a-strcmp.o)
 .debug_abbrev  0x000000000000743b      0x25d /usr/lib/gcc/arm-none-eabi/10.3.1/../../../arm-none-eabi/lib/thumb/nofp/libc.a(lib_a-wcrtomb.o)
 .debug_abbrev  0x0000000000007698      0x251 /usr/lib/gcc/arm-none-eabi/10.3.1/../../../arm-none-eabi/lib/thumb/nofp/libc.a(lib_a-wctomb_r.o)
 .debug_abbrev  0x00000000000078e9       0x80 /usr/lib/gcc/arm-none-eabi/10.3.1/../../../arm-none-eabi/lib/thumb/nofp/libc.a(lib_a-abort.o)
 .debug_abbrev  0x0000000000007969       0x62 /usr/lib/gcc/arm-none-eabi/10.3.1/../../../arm-none-eabi/lib/thumb/nofp/libc.a(lib_a-ctype_.o)
 .debug_abbrev  0x00000000000079cb      0x313 /usr/lib/gcc/arm-none-eabi/10.3.1/../../../arm-none-eabi/lib/thumb/nofp/libc.a(lib_a-signal.o)
 .debug_abbrev  0x0000000000007cde      0x230 /usr/lib/gcc/arm-none-eabi/10.3.1/../../../arm-none-eabi/lib/thumb/nofp/libc.a(lib_a-signalr.o)
 .debug_abbrev  0x0000000000007f0e       0x14 /usr/lib/gcc/arm-none-eabi/10.3.1/thumb/nofp/libgcc.a(_arm_muldf3.o)
 .debug_abbrev  0x0000000000007f22       0x14 /usr/lib/gcc/arm-none-eabi/10.3.1/thumb/nofp/libgcc.a(_udivsi3.o)
 .debug_abbrev  0x0000000000007f36       0x14 /usr/lib/gcc/arm-none-eabi/10.3.1/thumb/nofp/libgcc.a(_divsi3.o)
 .debug_abbrev  0x0000000000007f4a       0x14 /usr/lib/gcc/arm-none-eabi/10.3.1/thumb/nofp/libgcc.a(_dvmd_tls.o)
 .debug_abbrev  0x0000000000007f5e       0x14 /usr/lib/gcc/arm-none-eabi/10.3.1/thumb/nofp/libgcc.a(_arm_addsubdf3.o)
 .debug_abbrev  0x0000000000007f72       0x14 /usr/lib/gcc/arm-none-eabi/10.3.1/thumb/nofp/libgcc.a(_arm_muldivdf3.o)
 .debug_abbrev  0x0000000000007f86       0x14 /usr/lib/gcc/arm-none-eabi/10.3.1/thumb/nofp/libgcc.a(_arm_cmpdf2.o)
 .debug_abbrev  0x0000000000007f9a       0x14 /usr/lib/gcc/arm-none-eabi/10.3.1/thumb/nofp/libgcc.a(_arm_unorddf2.o)
 .debug_abbrev  0x0000000000007fae       0x14 /usr/lib/gcc/arm-none-eabi/10.3.1/thumb/nofp/libgcc.a(_arm_fixdfsi.o)
 .debug_abbrev  0x0000000000007fc2       0x14 /usr/lib/gcc/arm-none-eabi/10.3.1/thumb/nofp/libgcc.a(_aeabi_uldivmod.o)
 .debug_abbrev  0x0000000000007fd6      0x13b /usr/lib/gcc/arm-none-eabi/10.3.1/thumb/nofp/libgcc.a(_muldi3.o)
 .debug_abbrev  0x0000000000008111      0x11b /usr/lib/gcc/arm-none-eabi/10.3.1/thumb/nofp/libgcc.a(_udivmoddi4.o)
 .debug_abbrev  0x000000000000822c       0x14 /usr/lib/gcc/arm-none-eabi/10.3.1/thumb/nofp/libgcc.a(_clzdi2.o)
 .debug_abbrev  0x0000000000008240       0x14 /usr/lib/gcc/arm-none-eabi/10.3.1/thumb/nofp/libgcc.a(_clzsi2.o)

.debug_aranges  0x0000000000000000      0x910
 .debug_aranges
                0x0000000000000000       0x20 gcc/main.o
 .debug_aranges
                0x0000000000000020       0x20 gcc/list.o
 .debug_aranges
                0x0000000000000040       0x20 gcc/queue.o
 .debug_aranges
                0x0000000000000060       0x20 gcc/tasks.o
 .debug_aranges
                0x0000000000000080       0x20 gcc/port.o
 .debug_aranges
                0x00000000000000a0       0x20 gcc/syscalls.o
 .debug_aranges
                0x00000000000000c0       0x20 gcc/heap_1.o
 .debug_aranges
                0x00000000000000e0       0x20 gcc/startup.o
 .debug_aranges
                0x0000000000000100       0x20 /usr/lib/gcc/arm-none-eabi/10.3.1/../../../arm-none-eabi/lib/thumb/nofp/libc.a(lib_a-memcpy-stub.o)
 .debug_aranges
                0x0000000000000120       0x20 /usr/lib/gcc/arm-none-eabi/10.3.1/../../../arm-none-eabi/lib/thumb/nofp/libc.a(lib_a-memset.o)
 .debug_aranges
                0x0000000000000140       0x20 /usr/lib/gcc/arm-none-eabi/10.3.1/../../../arm-none-eabi/lib/thumb/nofp/libc.a(lib_a-printf.o)
 .debug_aranges
                0x0000000000000160       0x20 /usr/lib/gcc/arm-none-eabi/10.3.1/../../../arm-none-eabi/lib/thumb/nofp/libc.a(lib_a-putchar.o)
 .debug_aranges
                0x0000000000000180       0x20 /usr/lib/gcc/arm-none-eabi/10.3.1/../../../arm-none-eabi/lib/thumb/nofp/libc.a(lib_a-rand.o)
 .debug_aranges
                0x00000000000001a0       0x20 /usr/lib/gcc/arm-none-eabi/10.3.1/../../../arm-none-eabi/lib/thumb/nofp/libc.a(lib_a-reent.o)
 .debug_aranges
                0x00000000000001c0       0x20 /usr/lib/gcc/arm-none-eabi/10.3.1/../../../arm-none-eabi/lib/thumb/nofp/libc.a(lib_a-time.o)
 .debug_aranges
                0x00000000000001e0       0x20 /usr/lib/gcc/arm-none-eabi/10.3.1/../../../arm-none-eabi/lib/thumb/nofp/libc.a(lib_a-vfprintf.o)
 .debug_aranges
                0x0000000000000200       0x20 /usr/lib/gcc/arm-none-eabi/10.3.1/../../../arm-none-eabi/lib/thumb/nofp/libc.a(lib_a-wsetup.o)
 .debug_aranges
                0x0000000000000220       0x20 /usr/lib/gcc/arm-none-eabi/10.3.1/../../../arm-none-eabi/lib/thumb/nofp/libc.a(lib_a-dtoa.o)
 .debug_aranges
                0x0000000000000240       0x20 /usr/lib/gcc/arm-none-eabi/10.3.1/../../../arm-none-eabi/lib/thumb/nofp/libc.a(lib_a-fflush.o)
 .debug_aranges
                0x0000000000000260       0x20 /usr/lib/gcc/arm-none-eabi/10.3.1/../../../arm-none-eabi/lib/thumb/nofp/libc.a(lib_a-findfp.o)
 .debug_aranges
                0x0000000000000280       0x20 /usr/lib/gcc/arm-none-eabi/10.3.1/../../../arm-none-eabi/lib/thumb/nofp/libc.a(lib_a-freer.o)
 .debug_aranges
                0x00000000000002a0       0x20 /usr/lib/gcc/arm-none-eabi/10.3.1/../../../arm-none-eabi/lib/thumb/nofp/libc.a(lib_a-fwalk.o)
 .debug_aranges
                0x00000000000002c0       0x20 /usr/lib/gcc/arm-none-eabi/10.3.1/../../../arm-none-eabi/lib/thumb/nofp/libc.a(lib_a-gettimeofdayr.o)
 .debug_aranges
                0x00000000000002e0       0x18 /usr/lib/gcc/arm-none-eabi/10.3.1/../../../arm-none-eabi/lib/thumb/nofp/libc.a(lib_a-impure.o)
 .debug_aranges
                0x00000000000002f8       0x20 /usr/lib/gcc/arm-none-eabi/10.3.1/../../../arm-none-eabi/lib/thumb/nofp/libc.a(lib_a-localeconv.o)
 .debug_aranges
                0x0000000000000318       0x20 /usr/lib/gcc/arm-none-eabi/10.3.1/../../../arm-none-eabi/lib/thumb/nofp/libc.a(lib_a-makebuf.o)
 .debug_aranges
                0x0000000000000338       0x20 /usr/lib/gcc/arm-none-eabi/10.3.1/../../../arm-none-eabi/lib/thumb/nofp/libc.a(lib_a-mallocr.o)
 .debug_aranges
                0x0000000000000358       0x20 /usr/lib/gcc/arm-none-eabi/10.3.1/../../../arm-none-eabi/lib/thumb/nofp/libc.a(lib_a-memchr-stub.o)
 .debug_aranges
                0x0000000000000378       0x20 /usr/lib/gcc/arm-none-eabi/10.3.1/../../../arm-none-eabi/lib/thumb/nofp/libc.a(lib_a-mlock.o)
 .debug_aranges
                0x0000000000000398       0x20 /usr/lib/gcc/arm-none-eabi/10.3.1/../../../arm-none-eabi/lib/thumb/nofp/libc.a(lib_a-mprec.o)
 .debug_aranges
                0x00000000000003b8       0x20 /usr/lib/gcc/arm-none-eabi/10.3.1/../../../arm-none-eabi/lib/thumb/nofp/libc.a(lib_a-putc.o)
 .debug_aranges
                0x00000000000003d8       0x20 /usr/lib/gcc/arm-none-eabi/10.3.1/../../../arm-none-eabi/lib/thumb/nofp/libc.a(lib_a-sbrkr.o)
 .debug_aranges
                0x00000000000003f8       0x20 /usr/lib/gcc/arm-none-eabi/10.3.1/../../../arm-none-eabi/lib/thumb/nofp/libc.a(lib_a-stdio.o)
 .debug_aranges
                0x0000000000000418       0x20 /usr/lib/gcc/arm-none-eabi/10.3.1/../../../arm-none-eabi/lib/thumb/nofp/libc.a(lib_a-strlen-stub.o)
 .debug_aranges
                0x0000000000000438       0x20 /usr/lib/gcc/arm-none-eabi/10.3.1/../../../arm-none-eabi/lib/thumb/nofp/libc.a(lib_a-vfiprintf.o)
 .debug_aranges
                0x0000000000000458       0x20 /usr/lib/gcc/arm-none-eabi/10.3.1/../../../arm-none-eabi/lib/thumb/nofp/libc.a(lib_a-wbuf.o)
 .debug_aranges
                0x0000000000000478       0x20 /usr/lib/gcc/arm-none-eabi/10.3.1/../../../arm-none-eabi/lib/thumb/nofp/libc.a(lib_a-writer.o)
 .debug_aranges
                0x0000000000000498       0x20 /usr/lib/gcc/arm-none-eabi/10.3.1/../../../arm-none-eabi/lib/thumb/nofp/libc.a(lib_a-assert.o)
 .debug_aranges
                0x00000000000004b8       0x20 /usr/lib/gcc/arm-none-eabi/10.3.1/../../../arm-none-eabi/lib/thumb/nofp/libc.a(lib_a-callocr.o)
 .debug_aranges
                0x00000000000004d8       0x20 /usr/lib/gcc/arm-none-eabi/10.3.1/../../../arm-none-eabi/lib/thumb/nofp/libc.a(lib_a-closer.o)
 .debug_aranges
                0x00000000000004f8       0x20 /usr/lib/gcc/arm-none-eabi/10.3.1/../../../arm-none-eabi/lib/thumb/nofp/libc.a(lib_a-fclose.o)
 .debug_aranges
                0x0000000000000518       0x20 /usr/lib/gcc/arm-none-eabi/10.3.1/../../../arm-none-eabi/lib/thumb/nofp/libc.a(lib_a-fiprintf.o)
 .debug_aranges
                0x0000000000000538       0x20 /usr/lib/gcc/arm-none-eabi/10.3.1/../../../arm-none-eabi/lib/thumb/nofp/libc.a(lib_a-fputwc.o)
 .debug_aranges
                0x0000000000000558       0x20 /usr/lib/gcc/arm-none-eabi/10.3.1/../../../arm-none-eabi/lib/thumb/nofp/libc.a(lib_a-fstatr.o)
 .debug_aranges
                0x0000000000000578       0x20 /usr/lib/gcc/arm-none-eabi/10.3.1/../../../arm-none-eabi/lib/thumb/nofp/libc.a(lib_a-fvwrite.o)
 .debug_aranges
                0x0000000000000598       0x20 /usr/lib/gcc/arm-none-eabi/10.3.1/../../../arm-none-eabi/lib/thumb/nofp/libc.a(lib_a-isattyr.o)
 .debug_aranges
                0x00000000000005b8       0x20 /usr/lib/gcc/arm-none-eabi/10.3.1/../../../arm-none-eabi/lib/thumb/nofp/libc.a(lib_a-locale.o)
 .debug_aranges
                0x00000000000005d8       0x20 /usr/lib/gcc/arm-none-eabi/10.3.1/../../../arm-none-eabi/lib/thumb/nofp/libc.a(lib_a-lseekr.o)
 .debug_aranges
                0x00000000000005f8       0x20 /usr/lib/gcc/arm-none-eabi/10.3.1/../../../arm-none-eabi/lib/thumb/nofp/libc.a(lib_a-mbtowc_r.o)
 .debug_aranges
                0x0000000000000618       0x20 /usr/lib/gcc/arm-none-eabi/10.3.1/../../../arm-none-eabi/lib/thumb/nofp/libc.a(lib_a-memmove.o)
 .debug_aranges
                0x0000000000000638       0x20 /usr/lib/gcc/arm-none-eabi/10.3.1/../../../arm-none-eabi/lib/thumb/nofp/libc.a(lib_a-readr.o)
 .debug_aranges
                0x0000000000000658       0x20 /usr/lib/gcc/arm-none-eabi/10.3.1/../../../arm-none-eabi/lib/thumb/nofp/libc.a(lib_a-reallocr.o)
 .debug_aranges
                0x0000000000000678       0x20 /usr/lib/gcc/arm-none-eabi/10.3.1/../../../arm-none-eabi/lib/thumb/nofp/libc.a(lib_a-strcmp.o)
 .debug_aranges
                0x0000000000000698       0x20 /usr/lib/gcc/arm-none-eabi/10.3.1/../../../arm-none-eabi/lib/thumb/nofp/libc.a(lib_a-wcrtomb.o)
 .debug_aranges
                0x00000000000006b8       0x20 /usr/lib/gcc/arm-none-eabi/10.3.1/../../../arm-none-eabi/lib/thumb/nofp/libc.a(lib_a-wctomb_r.o)
 .debug_aranges
                0x00000000000006d8       0x20 /usr/lib/gcc/arm-none-eabi/10.3.1/../../../arm-none-eabi/lib/thumb/nofp/libc.a(lib_a-abort.o)
 .debug_aranges
                0x00000000000006f8       0x18 /usr/lib/gcc/arm-none-eabi/10.3.1/../../../arm-none-eabi/lib/thumb/nofp/libc.a(lib_a-ctype_.o)
 .debug_aranges
                0x0000000000000710       0x20 /usr/lib/gcc/arm-none-eabi/10.3.1/../../../arm-none-eabi/lib/thumb/nofp/libc.a(lib_a-signal.o)
 .debug_aranges
                0x0000000000000730       0x20 /usr/lib/gcc/arm-none-eabi/10.3.1/../../../arm-none-eabi/lib/thumb/nofp/libc.a(lib_a-signalr.o)
 .debug_aranges
                0x0000000000000750       0x20 /usr/lib/gcc/arm-none-eabi/10.3.1/thumb/nofp/libgcc.a(_arm_muldf3.o)
 .debug_aranges
                0x0000000000000770       0x20 /usr/lib/gcc/arm-none-eabi/10.3.1/thumb/nofp/libgcc.a(_udivsi3.o)
 .debug_aranges
                0x0000000000000790       0x20 /usr/lib/gcc/arm-none-eabi/10.3.1/thumb/nofp/libgcc.a(_divsi3.o)
 .debug_aranges
                0x00000000000007b0       0x20 /usr/lib/gcc/arm-none-eabi/10.3.1/thumb/nofp/libgcc.a(_dvmd_tls.o)
 .debug_aranges
                0x00000000000007d0       0x20 /usr/lib/gcc/arm-none-eabi/10.3.1/thumb/nofp/libgcc.a(_arm_addsubdf3.o)
 .debug_aranges
                0x00000000000007f0       0x20 /usr/lib/gcc/arm-none-eabi/10.3.1/thumb/nofp/libgcc.a(_arm_muldivdf3.o)
 .debug_aranges
                0x0000000000000810       0x20 /usr/lib/gcc/arm-none-eabi/10.3.1/thumb/nofp/libgcc.a(_arm_cmpdf2.o)
 .debug_aranges
                0x0000000000000830       0x20 /usr/lib/gcc/arm-none-eabi/10.3.1/thumb/nofp/libgcc.a(_arm_unorddf2.o)
 .debug_aranges
                0x0000000000000850       0x20 /usr/lib/gcc/arm-none-eabi/10.3.1/thumb/nofp/libgcc.a(_arm_fixdfsi.o)
 .debug_aranges
                0x0000000000000870       0x20 /usr/lib/gcc/arm-none-eabi/10.3.1/thumb/nofp/libgcc.a(_aeabi_uldivmod.o)
 .debug_aranges
                0x0000000000000890       0x20 /usr/lib/gcc/arm-none-eabi/10.3.1/thumb/nofp/libgcc.a(_muldi3.o)
 .debug_aranges
                0x00000000000008b0       0x20 /usr/lib/gcc/arm-none-eabi/10.3.1/thumb/nofp/libgcc.a(_udivmoddi4.o)
 .debug_aranges
                0x00000000000008d0       0x20 /usr/lib/gcc/arm-none-eabi/10.3.1/thumb/nofp/libgcc.a(_clzdi2.o)
 .debug_aranges
                0x00000000000008f0       0x20 /usr/lib/gcc/arm-none-eabi/10.3.1/thumb/nofp/libgcc.a(_clzsi2.o)

.debug_line     0x0000000000000000     0xf919
 .debug_line    0x0000000000000000      0x10f gcc/main.o
 .debug_line    0x000000000000010f      0x21a gcc/list.o
 .debug_line    0x0000000000000329      0x82a gcc/queue.o
 .debug_line    0x0000000000000b53      0xc1b gcc/tasks.o
 .debug_line    0x000000000000176e      0x22e gcc/port.o
 .debug_line    0x000000000000199c      0x186 gcc/syscalls.o
 .debug_line    0x0000000000001b22      0x12e gcc/heap_1.o
 .debug_line    0x0000000000001c50       0x85 gcc/startup.o
 .debug_line    0x0000000000001cd5      0x1ad /usr/lib/gcc/arm-none-eabi/10.3.1/../../../arm-none-eabi/lib/thumb/nofp/libc.a(lib_a-memcpy-stub.o)
 .debug_line    0x0000000000001e82      0x1ce /usr/lib/gcc/arm-none-eabi/10.3.1/../../../arm-none-eabi/lib/thumb/nofp/libc.a(lib_a-memset.o)
 .debug_line    0x0000000000002050      0x1aa /usr/lib/gcc/arm-none-eabi/10.3.1/../../../arm-none-eabi/lib/thumb/nofp/libc.a(lib_a-printf.o)
 .debug_line    0x00000000000021fa      0x16c /usr/lib/gcc/arm-none-eabi/10.3.1/../../../arm-none-eabi/lib/thumb/nofp/libc.a(lib_a-putchar.o)
 .debug_line    0x0000000000002366      0x17e /usr/lib/gcc/arm-none-eabi/10.3.1/../../../arm-none-eabi/lib/thumb/nofp/libc.a(lib_a-rand.o)
 .debug_line    0x00000000000024e4      0x279 /usr/lib/gcc/arm-none-eabi/10.3.1/../../../arm-none-eabi/lib/thumb/nofp/libc.a(lib_a-reent.o)
 .debug_line    0x000000000000275d      0x1cd /usr/lib/gcc/arm-none-eabi/10.3.1/../../../arm-none-eabi/lib/thumb/nofp/libc.a(lib_a-time.o)
 .debug_line    0x000000000000292a     0x1b12 /usr/lib/gcc/arm-none-eabi/10.3.1/../../../arm-none-eabi/lib/thumb/nofp/libc.a(lib_a-vfprintf.o)
 .debug_line    0x000000000000443c      0x312 /usr/lib/gcc/arm-none-eabi/10.3.1/../../../arm-none-eabi/lib/thumb/nofp/libc.a(lib_a-wsetup.o)
 .debug_line    0x000000000000474e     0x1615 /usr/lib/gcc/arm-none-eabi/10.3.1/../../../arm-none-eabi/lib/thumb/nofp/libc.a(lib_a-dtoa.o)
 .debug_line    0x0000000000005d63      0x491 /usr/lib/gcc/arm-none-eabi/10.3.1/../../../arm-none-eabi/lib/thumb/nofp/libc.a(lib_a-fflush.o)
 .debug_line    0x00000000000061f4      0x5c2 /usr/lib/gcc/arm-none-eabi/10.3.1/../../../arm-none-eabi/lib/thumb/nofp/libc.a(lib_a-findfp.o)
 .debug_line    0x00000000000067b6      0x47d /usr/lib/gcc/arm-none-eabi/10.3.1/../../../arm-none-eabi/lib/thumb/nofp/libc.a(lib_a-freer.o)
 .debug_line    0x0000000000006c33      0x25f /usr/lib/gcc/arm-none-eabi/10.3.1/../../../arm-none-eabi/lib/thumb/nofp/libc.a(lib_a-fwalk.o)
 .debug_line    0x0000000000006e92      0x1e6 /usr/lib/gcc/arm-none-eabi/10.3.1/../../../arm-none-eabi/lib/thumb/nofp/libc.a(lib_a-gettimeofdayr.o)
 .debug_line    0x0000000000007078       0xe1 /usr/lib/gcc/arm-none-eabi/10.3.1/../../../arm-none-eabi/lib/thumb/nofp/libc.a(lib_a-impure.o)
 .debug_line    0x0000000000007159      0x1c0 /usr/lib/gcc/arm-none-eabi/10.3.1/../../../arm-none-eabi/lib/thumb/nofp/libc.a(lib_a-localeconv.o)
 .debug_line    0x0000000000007319      0x37d /usr/lib/gcc/arm-none-eabi/10.3.1/../../../arm-none-eabi/lib/thumb/nofp/libc.a(lib_a-makebuf.o)
 .debug_line    0x0000000000007696      0x8b1 /usr/lib/gcc/arm-none-eabi/10.3.1/../../../arm-none-eabi/lib/thumb/nofp/libc.a(lib_a-mallocr.o)
 .debug_line    0x0000000000007f47      0x1ae /usr/lib/gcc/arm-none-eabi/10.3.1/../../../arm-none-eabi/lib/thumb/nofp/libc.a(lib_a-memchr-stub.o)
 .debug_line    0x00000000000080f5      0x13b /usr/lib/gcc/arm-none-eabi/10.3.1/../../../arm-none-eabi/lib/thumb/nofp/libc.a(lib_a-mlock.o)
 .debug_line    0x0000000000008230     0x17c0 /usr/lib/gcc/arm-none-eabi/10.3.1/../../../arm-none-eabi/lib/thumb/nofp/libc.a(lib_a-mprec.o)
 .debug_line    0x00000000000099f0      0x295 /usr/lib/gcc/arm-none-eabi/10.3.1/../../../arm-none-eabi/lib/thumb/nofp/libc.a(lib_a-putc.o)
 .debug_line    0x0000000000009c85      0x180 /usr/lib/gcc/arm-none-eabi/10.3.1/../../../arm-none-eabi/lib/thumb/nofp/libc.a(lib_a-sbrkr.o)
 .debug_line    0x0000000000009e05      0x232 /usr/lib/gcc/arm-none-eabi/10.3.1/../../../arm-none-eabi/lib/thumb/nofp/libc.a(lib_a-stdio.o)
 .debug_line    0x000000000000a037      0x15f /usr/lib/gcc/arm-none-eabi/10.3.1/../../../arm-none-eabi/lib/thumb/nofp/libc.a(lib_a-strlen-stub.o)
 .debug_line    0x000000000000a196     0x1350 /usr/lib/gcc/arm-none-eabi/10.3.1/../../../arm-none-eabi/lib/thumb/nofp/libc.a(lib_a-vfiprintf.o)
 .debug_line    0x000000000000b4e6      0x2c0 /usr/lib/gcc/arm-none-eabi/10.3.1/../../../arm-none-eabi/lib/thumb/nofp/libc.a(lib_a-wbuf.o)
 .debug_line    0x000000000000b7a6      0x17b /usr/lib/gcc/arm-none-eabi/10.3.1/../../../arm-none-eabi/lib/thumb/nofp/libc.a(lib_a-writer.o)
 .debug_line    0x000000000000b921      0x183 /usr/lib/gcc/arm-none-eabi/10.3.1/../../../arm-none-eabi/lib/thumb/nofp/libc.a(lib_a-assert.o)
 .debug_line    0x000000000000baa4      0x1ce /usr/lib/gcc/arm-none-eabi/10.3.1/../../../arm-none-eabi/lib/thumb/nofp/libc.a(lib_a-callocr.o)
 .debug_line    0x000000000000bc72      0x180 /usr/lib/gcc/arm-none-eabi/10.3.1/../../../arm-none-eabi/lib/thumb/nofp/libc.a(lib_a-closer.o)
 .debug_line    0x000000000000bdf2      0x2c8 /usr/lib/gcc/arm-none-eabi/10.3.1/../../../arm-none-eabi/lib/thumb/nofp/libc.a(lib_a-fclose.o)
 .debug_line    0x000000000000c0ba      0x192 /usr/lib/gcc/arm-none-eabi/10.3.1/../../../arm-none-eabi/lib/thumb/nofp/libc.a(lib_a-fiprintf.o)
 .debug_line    0x000000000000c24c      0x322 /usr/lib/gcc/arm-none-eabi/10.3.1/../../../arm-none-eabi/lib/thumb/nofp/libc.a(lib_a-fputwc.o)
 .debug_line    0x000000000000c56e      0x1f9 /usr/lib/gcc/arm-none-eabi/10.3.1/../../../arm-none-eabi/lib/thumb/nofp/libc.a(lib_a-fstatr.o)
 .debug_line    0x000000000000c767      0x62b /usr/lib/gcc/arm-none-eabi/10.3.1/../../../arm-none-eabi/lib/thumb/nofp/libc.a(lib_a-fvwrite.o)
 .debug_line    0x000000000000cd92      0x181 /usr/lib/gcc/arm-none-eabi/10.3.1/../../../arm-none-eabi/lib/thumb/nofp/libc.a(lib_a-isattyr.o)
 .debug_line    0x000000000000cf13      0x242 /usr/lib/gcc/arm-none-eabi/10.3.1/../../../arm-none-eabi/lib/thumb/nofp/libc.a(lib_a-locale.o)
 .debug_line    0x000000000000d155      0x17b /usr/lib/gcc/arm-none-eabi/10.3.1/../../../arm-none-eabi/lib/thumb/nofp/libc.a(lib_a-lseekr.o)
 .debug_line    0x000000000000d2d0      0x1fa /usr/lib/gcc/arm-none-eabi/10.3.1/../../../arm-none-eabi/lib/thumb/nofp/libc.a(lib_a-mbtowc_r.o)
 .debug_line    0x000000000000d4ca      0x1dc /usr/lib/gcc/arm-none-eabi/10.3.1/../../../arm-none-eabi/lib/thumb/nofp/libc.a(lib_a-memmove.o)
 .debug_line    0x000000000000d6a6      0x17a /usr/lib/gcc/arm-none-eabi/10.3.1/../../../arm-none-eabi/lib/thumb/nofp/libc.a(lib_a-readr.o)
 .debug_line    0x000000000000d820      0x7a1 /usr/lib/gcc/arm-none-eabi/10.3.1/../../../arm-none-eabi/lib/thumb/nofp/libc.a(lib_a-reallocr.o)
 .debug_line    0x000000000000dfc1       0xff /usr/lib/gcc/arm-none-eabi/10.3.1/../../../arm-none-eabi/lib/thumb/nofp/libc.a(lib_a-strcmp.o)
 .debug_line    0x000000000000e0c0      0x28b /usr/lib/gcc/arm-none-eabi/10.3.1/../../../arm-none-eabi/lib/thumb/nofp/libc.a(lib_a-wcrtomb.o)
 .debug_line    0x000000000000e34b      0x1f0 /usr/lib/gcc/arm-none-eabi/10.3.1/../../../arm-none-eabi/lib/thumb/nofp/libc.a(lib_a-wctomb_r.o)
 .debug_line    0x000000000000e53b      0x106 /usr/lib/gcc/arm-none-eabi/10.3.1/../../../arm-none-eabi/lib/thumb/nofp/libc.a(lib_a-abort.o)
 .debug_line    0x000000000000e641       0x5e /usr/lib/gcc/arm-none-eabi/10.3.1/../../../arm-none-eabi/lib/thumb/nofp/libc.a(lib_a-ctype_.o)
 .debug_line    0x000000000000e69f      0x5fb /usr/lib/gcc/arm-none-eabi/10.3.1/../../../arm-none-eabi/lib/thumb/nofp/libc.a(lib_a-signal.o)
 .debug_line    0x000000000000ec9a      0x1a7 /usr/lib/gcc/arm-none-eabi/10.3.1/../../../arm-none-eabi/lib/thumb/nofp/libc.a(lib_a-signalr.o)
 .debug_line    0x000000000000ee41       0xf8 /usr/lib/gcc/arm-none-eabi/10.3.1/thumb/nofp/libgcc.a(_arm_muldf3.o)
 .debug_line    0x000000000000ef39       0x7a /usr/lib/gcc/arm-none-eabi/10.3.1/thumb/nofp/libgcc.a(_udivsi3.o)
 .debug_line    0x000000000000efb3       0x86 /usr/lib/gcc/arm-none-eabi/10.3.1/thumb/nofp/libgcc.a(_divsi3.o)
 .debug_line    0x000000000000f039       0x5d /usr/lib/gcc/arm-none-eabi/10.3.1/thumb/nofp/libgcc.a(_dvmd_tls.o)
 .debug_line    0x000000000000f096      0x16c /usr/lib/gcc/arm-none-eabi/10.3.1/thumb/nofp/libgcc.a(_arm_addsubdf3.o)
 .debug_line    0x000000000000f202      0x17b /usr/lib/gcc/arm-none-eabi/10.3.1/thumb/nofp/libgcc.a(_arm_muldivdf3.o)
 .debug_line    0x000000000000f37d       0xae /usr/lib/gcc/arm-none-eabi/10.3.1/thumb/nofp/libgcc.a(_arm_cmpdf2.o)
 .debug_line    0x000000000000f42b       0x6b /usr/lib/gcc/arm-none-eabi/10.3.1/thumb/nofp/libgcc.a(_arm_unorddf2.o)
 .debug_line    0x000000000000f496       0x74 /usr/lib/gcc/arm-none-eabi/10.3.1/thumb/nofp/libgcc.a(_arm_fixdfsi.o)
 .debug_line    0x000000000000f50a       0x5d /usr/lib/gcc/arm-none-eabi/10.3.1/thumb/nofp/libgcc.a(_aeabi_uldivmod.o)
 .debug_line    0x000000000000f567      0x126 /usr/lib/gcc/arm-none-eabi/10.3.1/thumb/nofp/libgcc.a(_muldi3.o)
 .debug_line    0x000000000000f68d      0x1bb /usr/lib/gcc/arm-none-eabi/10.3.1/thumb/nofp/libgcc.a(_udivmoddi4.o)
 .debug_line    0x000000000000f848       0x67 /usr/lib/gcc/arm-none-eabi/10.3.1/thumb/nofp/libgcc.a(_clzdi2.o)
 .debug_line    0x000000000000f8af       0x6a /usr/lib/gcc/arm-none-eabi/10.3.1/thumb/nofp/libgcc.a(_clzsi2.o)

.debug_str      0x0000000000000000     0x3a0c
 .debug_str     0x0000000000000000      0x15c gcc/main.o
                                        0x1a3 (size before relaxing)
 .debug_str     0x000000000000015c      0x16a gcc/list.o
                                        0x2c3 (size before relaxing)
 .debug_str     0x00000000000002c6      0x4e0 gcc/queue.o
                                        0x716 (size before relaxing)
 .debug_str     0x00000000000007a6      0x98d gcc/tasks.o
                                        0xcc6 (size before relaxing)
 .debug_str     0x0000000000001133      0x14f gcc/port.o
                                        0x327 (size before relaxing)
 .debug_str     0x0000000000001282      0x1b7 gcc/syscalls.o
                                        0x373 (size before relaxing)
 .debug_str     0x0000000000001439       0xcf gcc/heap_1.o
                                        0x221 (size before relaxing)
 .debug_str     0x0000000000001508       0x6c gcc/startup.o
                                        0x136 (size before relaxing)
 .debug_str     0x0000000000001574      0x142 /usr/lib/gcc/arm-none-eabi/10.3.1/../../../arm-none-eabi/lib/thumb/nofp/libc.a(lib_a-memcpy-stub.o)
                                        0x1de (size before relaxing)
 .debug_str     0x00000000000016b6       0xa0 /usr/lib/gcc/arm-none-eabi/10.3.1/../../../arm-none-eabi/lib/thumb/nofp/libc.a(lib_a-memset.o)
                                        0x1b9 (size before relaxing)
 .debug_str     0x0000000000001756      0x40d /usr/lib/gcc/arm-none-eabi/10.3.1/../../../arm-none-eabi/lib/thumb/nofp/libc.a(lib_a-printf.o)
                                        0x5a4 (size before relaxing)
 .debug_str     0x0000000000001b63       0x44 /usr/lib/gcc/arm-none-eabi/10.3.1/../../../arm-none-eabi/lib/thumb/nofp/libc.a(lib_a-putchar.o)
                                        0x583 (size before relaxing)
 .debug_str     0x0000000000001ba7       0x96 /usr/lib/gcc/arm-none-eabi/10.3.1/../../../arm-none-eabi/lib/thumb/nofp/libc.a(lib_a-rand.o)
                                        0x584 (size before relaxing)
 .debug_str     0x0000000000001c3d       0xb6 /usr/lib/gcc/arm-none-eabi/10.3.1/../../../arm-none-eabi/lib/thumb/nofp/libc.a(lib_a-reent.o)
                                        0x59f (size before relaxing)
 .debug_str     0x0000000000001cf3       0x8f /usr/lib/gcc/arm-none-eabi/10.3.1/../../../arm-none-eabi/lib/thumb/nofp/libc.a(lib_a-time.o)
                                        0x5ba (size before relaxing)
 .debug_str     0x0000000000001d82      0x39c /usr/lib/gcc/arm-none-eabi/10.3.1/../../../arm-none-eabi/lib/thumb/nofp/libc.a(lib_a-vfprintf.o)
                                        0xa0b (size before relaxing)
 .debug_str     0x000000000000211e       0x3d /usr/lib/gcc/arm-none-eabi/10.3.1/../../../arm-none-eabi/lib/thumb/nofp/libc.a(lib_a-wsetup.o)
                                        0x59f (size before relaxing)
 .debug_str     0x000000000000215b      0x1d8 /usr/lib/gcc/arm-none-eabi/10.3.1/../../../arm-none-eabi/lib/thumb/nofp/libc.a(lib_a-dtoa.o)
                                        0x955 (size before relaxing)
 .debug_str     0x0000000000002333       0x73 /usr/lib/gcc/arm-none-eabi/10.3.1/../../../arm-none-eabi/lib/thumb/nofp/libc.a(lib_a-fflush.o)
                                        0x5e0 (size before relaxing)
 .debug_str     0x00000000000023a6      0x156 /usr/lib/gcc/arm-none-eabi/10.3.1/../../../arm-none-eabi/lib/thumb/nofp/libc.a(lib_a-findfp.o)
                                        0x6d4 (size before relaxing)
 .debug_str     0x00000000000024fc      0x16f /usr/lib/gcc/arm-none-eabi/10.3.1/../../../arm-none-eabi/lib/thumb/nofp/libc.a(lib_a-freer.o)
                                        0x6cf (size before relaxing)
 .debug_str     0x000000000000266b       0x3e /usr/lib/gcc/arm-none-eabi/10.3.1/../../../arm-none-eabi/lib/thumb/nofp/libc.a(lib_a-fwalk.o)
                                        0x585 (size before relaxing)
 .debug_str     0x00000000000026a9       0x4a /usr/lib/gcc/arm-none-eabi/10.3.1/../../../arm-none-eabi/lib/thumb/nofp/libc.a(lib_a-gettimeofdayr.o)
                                        0x5db (size before relaxing)
 .debug_str     0x00000000000026f3       0x3c /usr/lib/gcc/arm-none-eabi/10.3.1/../../../arm-none-eabi/lib/thumb/nofp/libc.a(lib_a-impure.o)
                                        0x580 (size before relaxing)
 .debug_str     0x000000000000272f       0xeb /usr/lib/gcc/arm-none-eabi/10.3.1/../../../arm-none-eabi/lib/thumb/nofp/libc.a(lib_a-localeconv.o)
                                        0x7b5 (size before relaxing)
 .debug_str     0x000000000000281a       0x69 /usr/lib/gcc/arm-none-eabi/10.3.1/../../../arm-none-eabi/lib/thumb/nofp/libc.a(lib_a-makebuf.o)
                                        0x701 (size before relaxing)
 .debug_str     0x0000000000002883       0xe5 /usr/lib/gcc/arm-none-eabi/10.3.1/../../../arm-none-eabi/lib/thumb/nofp/libc.a(lib_a-mallocr.o)
                                        0x785 (size before relaxing)
 .debug_str     0x0000000000002968       0x51 /usr/lib/gcc/arm-none-eabi/10.3.1/../../../arm-none-eabi/lib/thumb/nofp/libc.a(lib_a-memchr-stub.o)
                                        0x1d1 (size before relaxing)
 .debug_str     0x00000000000029b9       0x49 /usr/lib/gcc/arm-none-eabi/10.3.1/../../../arm-none-eabi/lib/thumb/nofp/libc.a(lib_a-mlock.o)
                                        0x58d (size before relaxing)
 .debug_str     0x0000000000002a02       0x9b /usr/lib/gcc/arm-none-eabi/10.3.1/../../../arm-none-eabi/lib/thumb/nofp/libc.a(lib_a-mprec.o)
                                        0x892 (size before relaxing)
 .debug_str     0x0000000000002a9d       0x47 /usr/lib/gcc/arm-none-eabi/10.3.1/../../../arm-none-eabi/lib/thumb/nofp/libc.a(lib_a-putc.o)
                                        0x5af (size before relaxing)
 .debug_str     0x0000000000002ae4       0x39 /usr/lib/gcc/arm-none-eabi/10.3.1/../../../arm-none-eabi/lib/thumb/nofp/libc.a(lib_a-sbrkr.o)
                                        0x577 (size before relaxing)
 .debug_str     0x0000000000002b1d       0x8f /usr/lib/gcc/arm-none-eabi/10.3.1/../../../arm-none-eabi/lib/thumb/nofp/libc.a(lib_a-stdio.o)
                                        0x5d4 (size before relaxing)
 .debug_str     0x0000000000002bac       0x44 /usr/lib/gcc/arm-none-eabi/10.3.1/../../../arm-none-eabi/lib/thumb/nofp/libc.a(lib_a-strlen-stub.o)