Archive member included to satisfy reference by file (symbol)

hw_include/libdriver.a(gpio_pintypei2c_.o)
                              gcc/osram96x16.o (GPIOPinTypeI2C)
hw_include/libdriver.a(i2c_mastercontrol_.o)
                              gcc/osram96x16.o (I2CMasterControl)
hw_include/libdriver.a(i2c_masterdataput_.o)
                              gcc/osram96x16.o (I2CMasterDataPut)
hw_include/libdriver.a(i2c_masterinit_.o)
                              gcc/osram96x16.o (I2CMasterInit)
hw_include/libdriver.a(i2c_masterintstatus_.o)
                              gcc/osram96x16.o (I2CMasterIntStatus)
hw_include/libdriver.a(i2c_masterslaveaddrset_.o)
                              gcc/osram96x16.o (I2CMasterSlaveAddrSet)
hw_include/libdriver.a(sysctl_clockget_.o)
                              hw_include/libdriver.a(i2c_masterinit_.o) (SysCtlClockGet)
hw_include/libdriver.a(sysctl_peripheralenable_.o)
                              gcc/osram96x16.o (SysCtlPeripheralEnable)
hw_include/libdriver.a(sysctl_pulrcgcregs_.o)
                              hw_include/libdriver.a(sysctl_peripheralenable_.o) (g_pulRCGCRegs)
hw_include/libdriver.a(sysctl_pulxtals_.o)
                              hw_include/libdriver.a(sysctl_clockget_.o) (g_pulXtals)
hw_include/libdriver.a(gpio_dirmodeset_.o)
                              hw_include/libdriver.a(gpio_pintypei2c_.o) (GPIODirModeSet)
hw_include/libdriver.a(gpio_padconfigset_.o)
                              hw_include/libdriver.a(gpio_pintypei2c_.o) (GPIOPadConfigSet)
hw_include/libdriver.a(i2c_masterenable_.o)
                              hw_include/libdriver.a(i2c_masterinit_.o) (I2CMasterEnable)
/usr/lib/gcc/arm-none-eabi/10.3.1/../../../arm-none-eabi/lib/thumb/nofp/libc.a(lib_a-memcpy-stub.o)
                              gcc/queue.o (memcpy)
/usr/lib/gcc/arm-none-eabi/10.3.1/../../../arm-none-eabi/lib/thumb/nofp/libc.a(lib_a-memset.o)
                              gcc/tasks.o (memset)

Memory Configuration

Name             Origin             Length             Attributes
FLASH            0x0000000000000000 0x0000000000010000 xr
SRAM             0x0000000020000000 0x0000000000002000 xrw
*default*        0x0000000000000000 0xffffffffffffffff

Linker script and memory map


.text           0x0000000000000000     0x2d70
 *(.isr_vector)
 .isr_vector    0x0000000000000000       0xb8 gcc/startup.o
                0x0000000000000000                g_pfnVectors
 *(.text*)
 .text          0x00000000000000b8       0x10 gcc/startup.o
                0x00000000000000c4                ResetISR
 .text          0x00000000000000c8        0xc gcc/main.o
                0x00000000000000c8                vUART_ISR
                0x00000000000000cc                setupTimer0
                0x00000000000000d0                getTimerTicks
 .text.startup  0x00000000000000d4        0xc gcc/main.o
                0x00000000000000d4                main
 .text          0x00000000000000e0       0x90 gcc/list.o
                0x00000000000000e0                vListInitialise
                0x00000000000000f8                vListInitialiseItem
                0x0000000000000100                vListInsertEnd
                0x000000000000011c                vListInsert
                0x000000000000014c                uxListRemove
 .text          0x0000000000000170      0x860 gcc/queue.o
                0x000000000000025c                xQueueGenericReset
                0x00000000000002e0                xQueueGenericCreate
                0x000000000000032c                xQueueGenericSend
                0x0000000000000440                xQueueGenericSendFromISR
                0x00000000000004c0                xQueueGiveFromISR
                0x000000000000053c                xQueueReceive
                0x0000000000000664                xQueueSemaphoreTake
                0x0000000000000774                xQueuePeek
                0x0000000000000894                xQueueReceiveFromISR
                0x0000000000000928                xQueuePeekFromISR
                0x0000000000000970                uxQueueMessagesWaiting
                0x0000000000000984                uxQueueSpacesAvailable
                0x000000000000099c                uxQueueMessagesWaitingFromISR
                0x00000000000009a0                vQueueDelete
                0x00000000000009a4                uxQueueGetQueueNumber
                0x00000000000009a8                vQueueSetQueueNumber
                0x00000000000009ac                ucQueueGetQueueType
                0x00000000000009b4                xQueueIsQueueEmptyFromISR
                0x00000000000009c0                xQueueIsQueueFullFromISR
 .text          0x00000000000009d0     0x1010 gcc/tasks.o
                0x0000000000000b74                xTaskCreate
                0x0000000000000d18                eTaskGetState
                0x0000000000000d4c                vTaskStartScheduler
                0x0000000000000db0                vTaskEndScheduler
                0x0000000000000dd0                vTaskSuspendAll
                0x0000000000000de4                xTaskResumeAll
                0x0000000000000f30                xTaskDelayUntil
                0x0000000000000f88                vTaskDelay
                0x0000000000000fc0                xTaskGetTickCount
                0x0000000000000fcc                xTaskGetTickCountFromISR
                0x0000000000000fd8                uxTaskGetNumberOfTasks
                0x0000000000000fe4                pcTaskGetName
                0x0000000000000ff8                xTaskCatchUpTicks
                0x0000000000001028                xTaskIncrementTick
                0x0000000000001044                vTaskSwitchContext
                0x00000000000010c0                vTaskPlaceOnEventList
                0x00000000000010dc                vTaskPlaceOnUnorderedEventList
                0x0000000000001124                xTaskRemoveFromEventList
                0x00000000000011ec                vTaskRemoveFromUnorderedEventList
                0x0000000000001280                vTaskSetTimeOutState
                0x00000000000012a0                vTaskInternalSetTimeOutState
                0x00000000000012b0                xTaskCheckForTimeOut
                0x0000000000001300                vTaskMissedYield
                0x0000000000001310                uxTaskGetTaskNumber
                0x0000000000001318                vTaskSetTaskNumber
                0x0000000000001320                vTaskGetInfo
                0x000000000000141c                uxTaskGetSystemState
                0x00000000000014c0                uxTaskGetStackHighWaterMark
                0x00000000000014f4                xTaskGetCurrentTaskHandle
                0x0000000000001500                uxTaskResetEventItemValue
                0x0000000000001518                ulTaskGenericNotifyTake
                0x00000000000015a8                xTaskGenericNotifyWait
                0x0000000000001650                xTaskGenericNotify
                0x0000000000001750                xTaskGenericNotifyFromISR
                0x0000000000001890                vTaskGenericNotifyGiveFromISR
                0x000000000000197c                xTaskGenericNotifyStateClear
                0x00000000000019b0                ulTaskGenericNotifyValueClear
 .text          0x00000000000019e0      0x1ac gcc/port.o
                0x0000000000001a20                pxPortInitialiseStack
                0x0000000000001a44                vPortSVCHandler
                0x0000000000001a74                vPortEndScheduler
                0x0000000000001a78                vPortEnterCritical
                0x0000000000001a98                vPortExitCritical
                0x0000000000001aac                xPortPendSVHandler
                0x0000000000001af4                xPortSysTickHandler
                0x0000000000001b20                vPortSetupTimerInterrupt
                0x0000000000001b38                xPortStartScheduler
 .text          0x0000000000001b8c       0x8c gcc/heap_1.o
                0x0000000000001b8c                pvPortMalloc
                0x0000000000001bf8                vPortFree
                0x0000000000001bfc                vPortInitialiseBlocks
                0x0000000000001c08                xPortGetFreeHeapSize
 .text          0x0000000000001c18      0x200 gcc/BlockQ.o
                0x0000000000001c90                vStartBlockingQueueTasks
                0x0000000000001dcc                xAreBlockingQueuesStillRunning
 .text          0x0000000000001e18      0x128 gcc/PollQ.o
                0x0000000000001ed0                vStartPolledQueueTasks
                0x0000000000001f24                xArePollingQueuesStillRunning
 .text          0x0000000000001f40       0x9c gcc/integer.o
                0x0000000000001fa0                vStartIntegerMathTasks
                0x0000000000001fc8                xAreIntegerMathsTaskStillRunning
 .text          0x0000000000001fdc      0x1d8 gcc/semtest.o
                0x00000000000020ac                vStartSemaphoreTasks
                0x0000000000002180                xAreSemaphoreTasksStillRunning
 .text          0x00000000000021b4      0x4c0 gcc/osram96x16.o
                0x00000000000022f4                OSRAMClear
                0x0000000000002364                OSRAMStringDraw
                0x000000000000246c                OSRAMImageDraw
                0x0000000000002512                OSRAMInit
                0x00000000000025d4                OSRAMDisplayOn
                0x0000000000002648                OSRAMDisplayOff
 .text          0x0000000000002674       0x20 hw_include/libdriver.a(gpio_pintypei2c_.o)
                0x0000000000002674                GPIOPinTypeI2C
 .text          0x0000000000002694        0x4 hw_include/libdriver.a(i2c_mastercontrol_.o)
                0x0000000000002694                I2CMasterControl
 .text          0x0000000000002698        0x4 hw_include/libdriver.a(i2c_masterdataput_.o)
                0x0000000000002698                I2CMasterDataPut
 .text          0x000000000000269c       0x34 hw_include/libdriver.a(i2c_masterinit_.o)
                0x000000000000269c                I2CMasterInit
 .text          0x00000000000026d0       0x18 hw_include/libdriver.a(i2c_masterintstatus_.o)
                0x00000000000026d0                I2CMasterIntStatus
 .text          0x00000000000026e8        0x8 hw_include/libdriver.a(i2c_masterslaveaddrset_.o)
                0x00000000000026e8                I2CMasterSlaveAddrSet
 .text          0x00000000000026f0       0x90 hw_include/libdriver.a(sysctl_clockget_.o)
                0x00000000000026f0                SysCtlClockGet
 .text          0x0000000000002780       0x1c hw_include/libdriver.a(sysctl_peripheralenable_.o)
                0x0000000000002780                SysCtlPeripheralEnable
 .text          0x000000000000279c        0x0 hw_include/libdriver.a(sysctl_pulrcgcregs_.o)
 .text          0x000000000000279c        0x0 hw_include/libdriver.a(sysctl_pulxtals_.o)
 .text          0x000000000000279c       0x48 hw_include/libdriver.a(gpio_dirmodeset_.o)
                0x000000000000279c                GPIODirModeSet
 .text          0x00000000000027e4      0x11c hw_include/libdriver.a(gpio_padconfigset_.o)
                0x00000000000027e4                GPIOPadConfigSet
 .text          0x0000000000002900        0xc hw_include/libdriver.a(i2c_masterenable_.o)
                0x0000000000002900                I2CMasterEnable
 .text          0x000000000000290c       0xa8 /usr/lib/gcc/arm-none-eabi/10.3.1/../../../arm-none-eabi/lib/thumb/nofp/libc.a(lib_a-memcpy-stub.o)
                0x000000000000290c                memcpy
 .text          0x00000000000029b4       0xb0 /usr/lib/gcc/arm-none-eabi/10.3.1/../../../arm-none-eabi/lib/thumb/nofp/libc.a(lib_a-memset.o)
                0x00000000000029b4                memset
 *(.rodata*)
 .rodata.str1.4
                0x0000000000002a64        0x5 gcc/tasks.o
 *fill*         0x0000000000002a69        0x3 
 .rodata.str1.4
                0x0000000000002a6c       0x30 gcc/BlockQ.o
 .rodata.str1.4
                0x0000000000002a9c       0x10 gcc/PollQ.o
 .rodata.str1.4
                0x0000000000002aac        0x8 gcc/integer.o
 .rodata.str1.4
                0x0000000000002ab4       0x20 gcc/semtest.o
 .rodata        0x0000000000002ad4      0x25e gcc/osram96x16.o
 *fill*         0x0000000000002d32        0x2 
 .rodata        0x0000000000002d34        0xc hw_include/libdriver.a(sysctl_pulrcgcregs_.o)
                0x0000000000002d34                g_pulRCGCRegs
 .rodata        0x0000000000002d40       0x30 hw_include/libdriver.a(sysctl_pulxtals_.o)
                0x0000000000002d40                g_pulXtals
                0x0000000000002d70                _etext = .

.glue_7         0x0000000000002d70        0x0
 .glue_7        0x0000000000002d70        0x0 linker stubs

.glue_7t        0x0000000000002d70        0x0
 .glue_7t       0x0000000000002d70        0x0 linker stubs

.vfp11_veneer   0x0000000000002d70        0x0
 .vfp11_veneer  0x0000000000002d70        0x0 linker stubs

.v4_bx          0x0000000000002d70        0x0
 .v4_bx         0x0000000000002d70        0x0 linker stubs

.iplt           0x0000000000002d70        0x0
 .iplt          0x0000000000002d70        0x0 gcc/startup.o

.rel.dyn        0x0000000000002d70        0x0
 .rel.iplt      0x0000000000002d70        0x0 gcc/startup.o

.data           0x0000000020000000        0x8 load address 0x0000000000002d70
                0x0000000020000000                _data = .
 *(vtable)
 *(.data)
 .data          0x0000000020000000        0x0 gcc/startup.o
 .data          0x0000000020000000        0x0 gcc/main.o
 .data          0x0000000020000000        0x0 gcc/list.o
 .data          0x0000000020000000        0x0 gcc/queue.o
 .data          0x0000000020000000        0x4 gcc/tasks.o
                0x0000000020000000                uxTopUsedPriority
 .data          0x0000000020000004        0x4 gcc/port.o
 .data          0x0000000020000008        0x0 gcc/heap_1.o
 .data          0x0000000020000008        0x0 gcc/BlockQ.o
 .data          0x0000000020000008        0x0 gcc/PollQ.o
 .data          0x0000000020000008        0x0 gcc/integer.o
 .data          0x0000000020000008        0x0 gcc/semtest.o
 .data          0x0000000020000008        0x0 gcc/osram96x16.o
 .data          0x0000000020000008        0x0 hw_include/libdriver.a(gpio_pintypei2c_.o)
 .data          0x0000000020000008        0x0 hw_include/libdriver.a(i2c_mastercontrol_.o)
 .data          0x0000000020000008        0x0 hw_include/libdriver.a(i2c_masterdataput_.o)
 .data          0x0000000020000008        0x0 hw_include/libdriver.a(i2c_masterinit_.o)
 .data          0x0000000020000008        0x0 hw_include/libdriver.a(i2c_masterintstatus_.o)
 .data          0x0000000020000008        0x0 hw_include/libdriver.a(i2c_masterslaveaddrset_.o)
 .data          0x0000000020000008        0x0 hw_include/libdriver.a(sysctl_clockget_.o)
 .data          0x0000000020000008        0x0 hw_include/libdriver.a(sysctl_peripheralenable_.o)
 .data          0x0000000020000008        0x0 hw_include/libdriver.a(sysctl_pulrcgcregs_.o)
 .data          0x0000000020000008        0x0 hw_include/libdriver.a(sysctl_pulxtals_.o)
 .data          0x0000000020000008        0x0 hw_include/libdriver.a(gpio_dirmodeset_.o)
 .data          0x0000000020000008        0x0 hw_include/libdriver.a(gpio_padconfigset_.o)
 .data          0x0000000020000008        0x0 hw_include/libdriver.a(i2c_masterenable_.o)
 .data          0x0000000020000008        0x0 /usr/lib/gcc/arm-none-eabi/10.3.1/../../../arm-none-eabi/lib/thumb/nofp/libc.a(lib_a-memcpy-stub.o)
 .data          0x0000000020000008        0x0 /usr/lib/gcc/arm-none-eabi/10.3.1/../../../arm-none-eabi/lib/thumb/nofp/libc.a(lib_a-memset.o)
                0x0000000020000008                _edata = .

.igot.plt       0x0000000020000008        0x0 load address 0x0000000000002d78
 .igot.plt      0x0000000020000008        0x0 gcc/startup.o

.bss            0x0000000020000008     0x15b8 load address 0x0000000000002d78
                0x0000000020000008                _bss = .
 *(.bss)
 .bss           0x0000000020000008      0x100 gcc/startup.o
 .bss           0x0000000020000108        0x0 gcc/main.o
 .bss           0x0000000020000108        0x0 gcc/list.o
 .bss           0x0000000020000108        0x0 gcc/queue.o
 .bss           0x0000000020000108       0xe0 gcc/tasks.o
                0x000000002000010c                pxCurrentTCB
 .bss           0x00000000200001e8        0x0 gcc/port.o
 .bss           0x00000000200001e8     0x1390 gcc/heap_1.o
 .bss           0x0000000020001578       0x1e gcc/BlockQ.o
 *fill*         0x0000000020001596        0x2 
 .bss           0x0000000020001598        0xc gcc/PollQ.o
 .bss           0x00000000200015a4        0x4 gcc/integer.o
 .bss           0x00000000200015a8       0x14 gcc/semtest.o
 .bss           0x00000000200015bc        0x4 gcc/osram96x16.o
 .bss           0x00000000200015c0        0x0 hw_include/libdriver.a(gpio_pintypei2c_.o)
 .bss           0x00000000200015c0        0x0 hw_include/libdriver.a(i2c_mastercontrol_.o)
 .bss           0x00000000200015c0        0x0 hw_include/libdriver.a(i2c_masterdataput_.o)
 .bss           0x00000000200015c0        0x0 hw_include/libdriver.a(i2c_masterinit_.o)
 .bss           0x00000000200015c0        0x0 hw_include/libdriver.a(i2c_masterintstatus_.o)
 .bss           0x00000000200015c0        0x0 hw_include/libdriver.a(i2c_masterslaveaddrset_.o)
 .bss           0x00000000200015c0        0x0 hw_include/libdriver.a(sysctl_clockget_.o)
 .bss           0x00000000200015c0        0x0 hw_include/libdriver.a(sysctl_peripheralenable_.o)
 .bss           0x00000000200015c0        0x0 hw_include/libdriver.a(sysctl_pulrcgcregs_.o)
 .bss           0x00000000200015c0        0x0 hw_include/libdriver.a(sysctl_pulxtals_.o)
 .bss           0x00000000200015c0        0x0 hw_include/libdriver.a(gpio_dirmodeset_.o)
 .bss           0x00000000200015c0        0x0 hw_include/libdriver.a(gpio_padconfigset_.o)
 .bss           0x00000000200015c0        0x0 hw_include/libdriver.a(i2c_masterenable_.o)
 .bss           0x00000000200015c0        0x0 /usr/lib/gcc/arm-none-eabi/10.3.1/../../../arm-none-eabi/lib/thumb/nofp/libc.a(lib_a-memcpy-stub.o)
 .bss           0x00000000200015c0        0x0 /usr/lib/gcc/arm-none-eabi/10.3.1/../../../arm-none-eabi/lib/thumb/nofp/libc.a(lib_a-memset.o)
 *(COMMON)
                0x00000000200015c0                _ebss = .
LOAD gcc/startup.o
LOAD gcc/main.o
LOAD gcc/list.o
LOAD gcc/queue.o
LOAD gcc/tasks.o
LOAD gcc/port.o
LOAD gcc/heap_1.o
LOAD gcc/BlockQ.o
LOAD gcc/PollQ.o
LOAD gcc/integer.o
LOAD gcc/semtest.o
LOAD gcc/osram96x16.o
LOAD hw_include/libdriver.a
LOAD /usr/lib/gcc/arm-none-eabi/10.3.1/../../../arm-none-eabi/lib/thumb/nofp/libc.a
LOAD /usr/lib/gcc/arm-none-eabi/10.3.1/thumb/nofp/libgcc.a
OUTPUT(gcc/RTOSDemo.axf elf32-littlearm)
LOAD linker stubs

.comment        0x0000000000000000      0x1ed
 .comment       0x0000000000000000       0x33 gcc/startup.o
                                         0x34 (size before relaxing)
 .comment       0x0000000000000033       0x34 gcc/main.o
 .comment       0x0000000000000033       0x34 gcc/list.o
 .comment       0x0000000000000033       0x34 gcc/queue.o
 .comment       0x0000000000000033       0x34 gcc/tasks.o
 .comment       0x0000000000000033       0x34 gcc/port.o
 .comment       0x0000000000000033       0x34 gcc/heap_1.o
 .comment       0x0000000000000033       0x34 gcc/BlockQ.o
 .comment       0x0000000000000033       0x34 gcc/PollQ.o
 .comment       0x0000000000000033       0x34 gcc/integer.o
 .comment       0x0000000000000033       0x34 gcc/semtest.o
 .comment       0x0000000000000033       0x34 gcc/osram96x16.o
 .comment       0x0000000000000033       0x22 hw_include/libdriver.a(gpio_pintypei2c_.o)
 .comment       0x0000000000000055       0x22 hw_include/libdriver.a(i2c_mastercontrol_.o)
 .comment       0x0000000000000077       0x22 hw_include/libdriver.a(i2c_masterdataput_.o)
 .comment       0x0000000000000099       0x22 hw_include/libdriver.a(i2c_masterinit_.o)
 .comment       0x00000000000000bb       0x22 hw_include/libdriver.a(i2c_masterintstatus_.o)
 .comment       0x00000000000000dd       0x22 hw_include/libdriver.a(i2c_masterslaveaddrset_.o)
 .comment       0x00000000000000ff       0x22 hw_include/libdriver.a(sysctl_clockget_.o)
 .comment       0x0000000000000121       0x22 hw_include/libdriver.a(sysctl_peripheralenable_.o)
 .comment       0x0000000000000143       0x22 hw_include/libdriver.a(sysctl_pulrcgcregs_.o)
 .comment       0x0000000000000165       0x22 hw_include/libdriver.a(sysctl_pulxtals_.o)
 .comment       0x0000000000000187       0x22 hw_include/libdriver.a(gpio_dirmodeset_.o)
 .comment       0x00000000000001a9       0x22 hw_include/libdriver.a(gpio_padconfigset_.o)
 .comment       0x00000000000001cb       0x22 hw_include/libdriver.a(i2c_masterenable_.o)
 .comment       0x00000000000001ed       0x34 /usr/lib/gcc/arm-none-eabi/10.3.1/../../../arm-none-eabi/lib/thumb/nofp/libc.a(lib_a-memcpy-stub.o)
 .comment       0x00000000000001ed       0x34 /usr/lib/gcc/arm-none-eabi/10.3.1/../../../arm-none-eabi/lib/thumb/nofp/libc.a(lib_a-memset.o)

.ARM.attributes
                0x0000000000000000       0x2f
 .ARM.attributes
                0x0000000000000000       0x2d gcc/startup.o
 .ARM.attributes
                0x000000000000002d       0x2d gcc/main.o
 .ARM.attributes
                0x000000000000005a       0x2d gcc/list.o
 .ARM.attributes
                0x0000000000000087       0x2d gcc/queue.o
 .ARM.attributes
                0x00000000000000b4       0x2d gcc/tasks.o
 .ARM.attributes
                0x00000000000000e1       0x2d gcc/port.o
 .ARM.attributes
                0x000000000000010e       0x2d gcc/heap_1.o
 .ARM.attributes
                0x000000000000013b       0x2d gcc/BlockQ.o
 .ARM.attributes
                0x0000000000000168       0x2d gcc/PollQ.o
 .ARM.attributes
                0x0000000000000195       0x2d gcc/integer.o
 .ARM.attributes
                0x00000000000001c2       0x2d gcc/semtest.o
 .ARM.attributes
                0x00000000000001ef       0x2d gcc/osram96x16.o
 .ARM.attributes
                0x000000000000021c       0x31 hw_include/libdriver.a(gpio_pintypei2c_.o)
 .ARM.attributes
                0x000000000000024d       0x31 hw_include/libdriver.a(i2c_mastercontrol_.o)
 .ARM.attributes
                0x000000000000027e       0x31 hw_include/libdriver.a(i2c_masterdataput_.o)
 .ARM.attributes
                0x00000000000002af       0x31 hw_include/libdriver.a(i2c_masterinit_.o)
 .ARM.attributes
                0x00000000000002e0       0x31 hw_include/libdriver.a(i2c_masterintstatus_.o)
 .ARM.attributes
                0x0000000000000311       0x31 hw_include/libdriver.a(i2c_masterslaveaddrset_.o)
 .ARM.attributes
                0x0000000000000342       0x31 hw_include/libdriver.a(sysctl_clockget_.o)
 .ARM.attributes
                0x0000000000000373       0x31 hw_include/libdriver.a(sysctl_peripheralenable_.o)
 .ARM.attributes
                0x00000000000003a4       0x2f hw_include/libdriver.a(sysctl_pulrcgcregs_.o)
 .ARM.attributes
                0x00000000000003d3       0x2f hw_include/libdriver.a(sysctl_pulxtals_.o)
 .ARM.attributes
                0x0000000000000402       0x31 hw_include/libdriver.a(gpio_dirmodeset_.o)
 .ARM.attributes
                0x0000000000000433       0x31 hw_include/libdriver.a(gpio_padconfigset_.o)
 .ARM.attributes
                0x0000000000000464       0x31 hw_include/libdriver.a(i2c_masterenable_.o)
 .ARM.attributes
                0x0000000000000495       0x2a /usr/lib/gcc/arm-none-eabi/10.3.1/../../../arm-none-eabi/lib/thumb/nofp/libc.a(lib_a-memcpy-stub.o)
 .ARM.attributes
                0x00000000000004bf       0x2a /usr/lib/gcc/arm-none-eabi/10.3.1/../../../arm-none-eabi/lib/thumb/nofp/libc.a(lib_a-memset.o)

.debug_info     0x0000000000000000      0x5bd
 .debug_info    0x0000000000000000      0x324 gcc/osram96x16.o
 .debug_info    0x0000000000000324      0x15c /usr/lib/gcc/arm-none-eabi/10.3.1/../../../arm-none-eabi/lib/thumb/nofp/libc.a(lib_a-memcpy-stub.o)
 .debug_info    0x0000000000000480      0x13d /usr/lib/gcc/arm-none-eabi/10.3.1/../../../arm-none-eabi/lib/thumb/nofp/libc.a(lib_a-memset.o)

.debug_abbrev   0x0000000000000000      0x277
 .debug_abbrev  0x0000000000000000       0xfc gcc/osram96x16.o
 .debug_abbrev  0x00000000000000fc       0xc7 /usr/lib/gcc/arm-none-eabi/10.3.1/../../../arm-none-eabi/lib/thumb/nofp/libc.a(lib_a-memcpy-stub.o)
 .debug_abbrev  0x00000000000001c3       0xb4 /usr/lib/gcc/arm-none-eabi/10.3.1/../../../arm-none-eabi/lib/thumb/nofp/libc.a(lib_a-memset.o)

.debug_aranges  0x0000000000000000       0x60
 .debug_aranges
                0x0000000000000000       0x20 gcc/osram96x16.o
 .debug_aranges
                0x0000000000000020       0x20 /usr/lib/gcc/arm-none-eabi/10.3.1/../../../arm-none-eabi/lib/thumb/nofp/libc.a(lib_a-memcpy-stub.o)
 .debug_aranges
                0x0000000000000040       0x20 /usr/lib/gcc/arm-none-eabi/10.3.1/../../../arm-none-eabi/lib/thumb/nofp/libc.a(lib_a-memset.o)

.debug_line     0x0000000000000000      0x660
 .debug_line    0x0000000000000000      0x2e5 gcc/osram96x16.o
 .debug_line    0x00000000000002e5      0x1ad /usr/lib/gcc/arm-none-eabi/10.3.1/../../../arm-none-eabi/lib/thumb/nofp/libc.a(lib_a-memcpy-stub.o)
 .debug_line    0x0000000000000492      0x1ce /usr/lib/gcc/arm-none-eabi/10.3.1/../../../arm-none-eabi/lib/thumb/nofp/libc.a(lib_a-memset.o)

.debug_str      0x0000000000000000      0x416
 .debug_str     0x0000000000000000      0x1df gcc/osram96x16.o
                                        0x20d (size before relaxing)
 .debug_str     0x00000000000001df      0x197 /usr/lib/gcc/arm-none-eabi/10.3.1/../../../arm-none-eabi/lib/thumb/nofp/libc.a(lib_a-memcpy-stub.o)
                                        0x1de (size before relaxing)
 .debug_str     0x0000000000000376       0xa0 /usr/lib/gcc/arm-none-eabi/10.3.1/../../../arm-none-eabi/lib/thumb/nofp/libc.a(lib_a-memset.o)
                                        0x1b9 (size before relaxing)

.debug_frame    0x0000000000000000      0x1e4
 .debug_frame   0x0000000000000000      0x180 gcc/osram96x16.o
 .debug_frame   0x0000000000000180       0x34 /usr/lib/gcc/arm-none-eabi/10.3.1/../../../arm-none-eabi/lib/thumb/nofp/libc.a(lib_a-memcpy-stub.o)
 .debug_frame   0x00000000000001b4       0x30 /usr/lib/gcc/arm-none-eabi/10.3.1/../../../arm-none-eabi/lib/thumb/nofp/libc.a(lib_a-memset.o)

.debug_loc      0x0000000000000000      0x70f
 .debug_loc     0x0000000000000000      0x46c /usr/lib/gcc/arm-none-eabi/10.3.1/../../../arm-none-eabi/lib/thumb/nofp/libc.a(lib_a-memcpy-stub.o)
 .debug_loc     0x000000000000046c      0x2a3 /usr/lib/gcc/arm-none-eabi/10.3.1/../../../arm-none-eabi/lib/thumb/nofp/libc.a(lib_a-memset.o)
