Archive member included to satisfy reference by file (symbol)

hw_include/libdriver.a(gpio_pintypei2c_.o)
                              gcc/osram96x16.o (GPIOPinTypeI2C)
hw_include/libdriver.a(i2c_mastercontrol_.o)
                              gcc/osram96x16.o (I2CMasterControl)
hw_include/libdriver.a(i2c_masterdataput_.o)
                              gcc/osram96x16.o (I2CMasterDataPut)
hw_include/libdriver.a(i2c_masterinit_.o)
                              gcc/osram96x16.o (I2CMasterInit)
hw_include/libdriver.a(i2c_masterintstatus_.o)
                              gcc/osram96x16.o (I2CMasterIntStatus)
hw_include/libdriver.a(i2c_masterslaveaddrset_.o)
                              gcc/osram96x16.o (I2CMasterSlaveAddrSet)
hw_include/libdriver.a(interrupt_enable_.o)
                              gcc/main.o (IntEnable)
hw_include/libdriver.a(interrupt_masterenable_.o)
                              gcc/main.o (IntMasterEnable)
hw_include/libdriver.a(interrupt_priorityset_.o)
                              gcc/main.o (IntPrioritySet)
hw_include/libdriver.a(interrupt_pulregs_.o)
                              hw_include/libdriver.a(interrupt_priorityset_.o) (g_pulRegs)
hw_include/libdriver.a(sysctl_clockget_.o)
                              hw_include/libdriver.a(i2c_masterinit_.o) (SysCtlClockGet)
hw_include/libdriver.a(sysctl_peripheralenable_.o)
                              gcc/main.o (SysCtlPeripheralEnable)
hw_include/libdriver.a(sysctl_pulrcgcregs_.o)
                              hw_include/libdriver.a(sysctl_peripheralenable_.o) (g_pulRCGCRegs)
hw_include/libdriver.a(sysctl_pulxtals_.o)
                              hw_include/libdriver.a(sysctl_clockget_.o) (g_pulXtals)
hw_include/libdriver.a(timer_configure_.o)
                              gcc/main.o (TimerConfigure)
hw_include/libdriver.a(timer_enable_.o)
                              gcc/main.o (TimerEnable)
hw_include/libdriver.a(timer_intclear_.o)
                              gcc/main.o (TimerIntClear)
hw_include/libdriver.a(timer_intenable_.o)
                              gcc/main.o (TimerIntEnable)
hw_include/libdriver.a(timer_intregister_.o)
                              gcc/main.o (TimerIntRegister)
hw_include/libdriver.a(timer_loadset_.o)
                              gcc/main.o (TimerLoadSet)
hw_include/libdriver.a(uart_charget_.o)
                              gcc/main.o (UARTCharGet)
hw_include/libdriver.a(uart_charput_.o)
                              gcc/main.o (UARTCharPut)
hw_include/libdriver.a(uart_configset_.o)
                              gcc/main.o (UARTConfigSet)
hw_include/libdriver.a(uart_disable_.o)
                              hw_include/libdriver.a(uart_configset_.o) (UARTDisable)
hw_include/libdriver.a(uart_enable_.o)
                              hw_include/libdriver.a(uart_configset_.o) (UARTEnable)
hw_include/libdriver.a(uart_intclear_.o)
                              gcc/main.o (UARTIntClear)
hw_include/libdriver.a(uart_intenable_.o)
                              gcc/main.o (UARTIntEnable)
hw_include/libdriver.a(uart_intstatus_.o)
                              gcc/main.o (UARTIntStatus)
hw_include/libdriver.a(cpu_cpsie_.o)
                              hw_include/libdriver.a(interrupt_masterenable_.o) (CPUcpsie)
hw_include/libdriver.a(gpio_dirmodeset_.o)
                              hw_include/libdriver.a(gpio_pintypei2c_.o) (GPIODirModeSet)
hw_include/libdriver.a(gpio_padconfigset_.o)
                              hw_include/libdriver.a(gpio_pintypei2c_.o) (GPIOPadConfigSet)
hw_include/libdriver.a(i2c_masterenable_.o)
                              hw_include/libdriver.a(i2c_masterinit_.o) (I2CMasterEnable)
hw_include/libdriver.a(interrupt_register_.o)
                              hw_include/libdriver.a(timer_intregister_.o) (IntRegister)
hw_include/libdriver.a(interrupt_vtable_.o)
                              hw_include/libdriver.a(interrupt_register_.o) (g_pfnRAMVectors)
/usr/lib/gcc/arm-none-eabi/10.3.1/../../../arm-none-eabi/lib/thumb/nofp/libc.a(lib_a-memcpy-stub.o)
                              gcc/queue.o (memcpy)
/usr/lib/gcc/arm-none-eabi/10.3.1/../../../arm-none-eabi/lib/thumb/nofp/libc.a(lib_a-memmove.o)
                              gcc/main.o (memmove)
/usr/lib/gcc/arm-none-eabi/10.3.1/../../../arm-none-eabi/lib/thumb/nofp/libc.a(lib_a-memset.o)
                              gcc/main.o (memset)

Memory Configuration

Name             Origin             Length             Attributes
FLASH            0x0000000000000000 0x0000000000010000 xr
SRAM             0x0000000020000000 0x0000000000002000 xrw
*default*        0x0000000000000000 0xffffffffffffffff

Linker script and memory map


.text           0x0000000000000000     0x38f8
 *(.isr_vector)
 .isr_vector    0x0000000000000000       0xb8 gcc/startup.o
                0x0000000000000000                g_pfnVectors
 *(.text*)
 .text          0x00000000000000b8       0x10 gcc/startup.o
                0x00000000000000c4                ResetISR
 .text          0x00000000000000c8      0x684 gcc/main.o
                0x00000000000000f8                Timer0IntHandler
                0x0000000000000450                setN
                0x000000000000045c                getN
                0x0000000000000468                updateArray
                0x0000000000000484                reverse
                0x00000000000004bc                itoa
                0x00000000000004d4                bitMapping
                0x0000000000000628                vUART_ISR
                0x00000000000006c4                sendUART0
                0x00000000000006e4                setupTimer0
                0x0000000000000740                getTimerTicks
 .text.startup  0x000000000000074c       0xe0 gcc/main.o
                0x000000000000074c                main
 .text          0x000000000000082c       0x90 gcc/list.o
                0x000000000000082c                vListInitialise
                0x0000000000000844                vListInitialiseItem
                0x000000000000084c                vListInsertEnd
                0x0000000000000868                vListInsert
                0x0000000000000898                uxListRemove
 .text          0x00000000000008bc      0x860 gcc/queue.o
                0x00000000000009a8                xQueueGenericReset
                0x0000000000000a2c                xQueueGenericCreate
                0x0000000000000a78                xQueueGenericSend
                0x0000000000000b8c                xQueueGenericSendFromISR
                0x0000000000000c0c                xQueueGiveFromISR
                0x0000000000000c88                xQueueReceive
                0x0000000000000db0                xQueueSemaphoreTake
                0x0000000000000ec0                xQueuePeek
                0x0000000000000fe0                xQueueReceiveFromISR
                0x0000000000001074                xQueuePeekFromISR
                0x00000000000010bc                uxQueueMessagesWaiting
                0x00000000000010d0                uxQueueSpacesAvailable
                0x00000000000010e8                uxQueueMessagesWaitingFromISR
                0x00000000000010ec                vQueueDelete
                0x00000000000010f0                uxQueueGetQueueNumber
                0x00000000000010f4                vQueueSetQueueNumber
                0x00000000000010f8                ucQueueGetQueueType
                0x0000000000001100                xQueueIsQueueEmptyFromISR
                0x000000000000110c                xQueueIsQueueFullFromISR
 .text          0x000000000000111c     0x1010 gcc/tasks.o
                0x00000000000012c0                xTaskCreate
                0x0000000000001464                eTaskGetState
                0x0000000000001498                vTaskStartScheduler
                0x00000000000014fc                vTaskEndScheduler
                0x000000000000151c                vTaskSuspendAll
                0x0000000000001530                xTaskResumeAll
                0x000000000000167c                xTaskDelayUntil
                0x00000000000016d4                vTaskDelay
                0x000000000000170c                xTaskGetTickCount
                0x0000000000001718                xTaskGetTickCountFromISR
                0x0000000000001724                uxTaskGetNumberOfTasks
                0x0000000000001730                pcTaskGetName
                0x0000000000001744                xTaskCatchUpTicks
                0x0000000000001774                xTaskIncrementTick
                0x0000000000001790                vTaskSwitchContext
                0x000000000000180c                vTaskPlaceOnEventList
                0x0000000000001828                vTaskPlaceOnUnorderedEventList
                0x0000000000001870                xTaskRemoveFromEventList
                0x0000000000001938                vTaskRemoveFromUnorderedEventList
                0x00000000000019cc                vTaskSetTimeOutState
                0x00000000000019ec                vTaskInternalSetTimeOutState
                0x00000000000019fc                xTaskCheckForTimeOut
                0x0000000000001a4c                vTaskMissedYield
                0x0000000000001a5c                uxTaskGetTaskNumber
                0x0000000000001a64                vTaskSetTaskNumber
                0x0000000000001a6c                vTaskGetInfo
                0x0000000000001b68                uxTaskGetSystemState
                0x0000000000001c0c                uxTaskGetStackHighWaterMark
                0x0000000000001c40                xTaskGetCurrentTaskHandle
                0x0000000000001c4c                uxTaskResetEventItemValue
                0x0000000000001c64                ulTaskGenericNotifyTake
                0x0000000000001cf4                xTaskGenericNotifyWait
                0x0000000000001d9c                xTaskGenericNotify
                0x0000000000001e9c                xTaskGenericNotifyFromISR
                0x0000000000001fdc                vTaskGenericNotifyGiveFromISR
                0x00000000000020c8                xTaskGenericNotifyStateClear
                0x00000000000020fc                ulTaskGenericNotifyValueClear
 *fill*         0x000000000000212c        0x4 
 .text          0x0000000000002130      0x1ac gcc/port.o
                0x0000000000002170                pxPortInitialiseStack
                0x0000000000002194                vPortSVCHandler
                0x00000000000021c4                vPortEndScheduler
                0x00000000000021c8                vPortEnterCritical
                0x00000000000021e8                vPortExitCritical
                0x00000000000021fc                xPortPendSVHandler
                0x0000000000002244                xPortSysTickHandler
                0x0000000000002270                vPortSetupTimerInterrupt
                0x0000000000002288                xPortStartScheduler
 .text          0x00000000000022dc       0x8c gcc/heap_1.o
                0x00000000000022dc                pvPortMalloc
                0x0000000000002348                vPortFree
                0x000000000000234c                vPortInitialiseBlocks
                0x0000000000002358                xPortGetFreeHeapSize
 .text          0x0000000000002368      0x200 gcc/BlockQ.o
                0x00000000000023e0                vStartBlockingQueueTasks
                0x000000000000251c                xAreBlockingQueuesStillRunning
 .text          0x0000000000002568      0x128 gcc/PollQ.o
                0x0000000000002620                vStartPolledQueueTasks
                0x0000000000002674                xArePollingQueuesStillRunning
 .text          0x0000000000002690       0x9c gcc/integer.o
                0x00000000000026f0                vStartIntegerMathTasks
                0x0000000000002718                xAreIntegerMathsTaskStillRunning
 .text          0x000000000000272c      0x1d8 gcc/semtest.o
                0x00000000000027fc                vStartSemaphoreTasks
                0x00000000000028d0                xAreSemaphoreTasksStillRunning
 .text          0x0000000000002904      0x4c0 gcc/osram96x16.o
                0x0000000000002a44                OSRAMClear
                0x0000000000002ab4                OSRAMStringDraw
                0x0000000000002bbc                OSRAMImageDraw
                0x0000000000002c62                OSRAMInit
                0x0000000000002d24                OSRAMDisplayOn
                0x0000000000002d98                OSRAMDisplayOff
 .text          0x0000000000002dc4       0x20 hw_include/libdriver.a(gpio_pintypei2c_.o)
                0x0000000000002dc4                GPIOPinTypeI2C
 .text          0x0000000000002de4        0x4 hw_include/libdriver.a(i2c_mastercontrol_.o)
                0x0000000000002de4                I2CMasterControl
 .text          0x0000000000002de8        0x4 hw_include/libdriver.a(i2c_masterdataput_.o)
                0x0000000000002de8                I2CMasterDataPut
 .text          0x0000000000002dec       0x34 hw_include/libdriver.a(i2c_masterinit_.o)
                0x0000000000002dec                I2CMasterInit
 .text          0x0000000000002e20       0x18 hw_include/libdriver.a(i2c_masterintstatus_.o)
                0x0000000000002e20                I2CMasterIntStatus
 .text          0x0000000000002e38        0x8 hw_include/libdriver.a(i2c_masterslaveaddrset_.o)
                0x0000000000002e38                I2CMasterSlaveAddrSet
 .text          0x0000000000002e40       0x5c hw_include/libdriver.a(interrupt_enable_.o)
                0x0000000000002e40                IntEnable
 .text          0x0000000000002e9c        0xc hw_include/libdriver.a(interrupt_masterenable_.o)
                0x0000000000002e9c                IntMasterEnable
 .text          0x0000000000002ea8       0x30 hw_include/libdriver.a(interrupt_priorityset_.o)
                0x0000000000002ea8                IntPrioritySet
 .text          0x0000000000002ed8        0x0 hw_include/libdriver.a(interrupt_pulregs_.o)
 .text          0x0000000000002ed8       0x90 hw_include/libdriver.a(sysctl_clockget_.o)
                0x0000000000002ed8                SysCtlClockGet
 .text          0x0000000000002f68       0x1c hw_include/libdriver.a(sysctl_peripheralenable_.o)
                0x0000000000002f68                SysCtlPeripheralEnable
 .text          0x0000000000002f84        0x0 hw_include/libdriver.a(sysctl_pulrcgcregs_.o)
 .text          0x0000000000002f84        0x0 hw_include/libdriver.a(sysctl_pulxtals_.o)
 .text          0x0000000000002f84       0x20 hw_include/libdriver.a(timer_configure_.o)
                0x0000000000002f84                TimerConfigure
 .text          0x0000000000002fa4       0x10 hw_include/libdriver.a(timer_enable_.o)
                0x0000000000002fa4                TimerEnable
 .text          0x0000000000002fb4        0x4 hw_include/libdriver.a(timer_intclear_.o)
                0x0000000000002fb4                TimerIntClear
 .text          0x0000000000002fb8        0x8 hw_include/libdriver.a(timer_intenable_.o)
                0x0000000000002fb8                TimerIntEnable
 .text          0x0000000000002fc0       0x50 hw_include/libdriver.a(timer_intregister_.o)
                0x0000000000002fc0                TimerIntRegister
 .text          0x0000000000003010       0x14 hw_include/libdriver.a(timer_loadset_.o)
                0x0000000000003010                TimerLoadSet
 .text          0x0000000000003024       0x10 hw_include/libdriver.a(uart_charget_.o)
                0x0000000000003024                UARTCharGet
 .text          0x0000000000003034       0x10 hw_include/libdriver.a(uart_charput_.o)
                0x0000000000003034                UARTCharPut
 .text          0x0000000000003044       0x38 hw_include/libdriver.a(uart_configset_.o)
                0x0000000000003044                UARTConfigSet
 .text          0x000000000000307c       0x24 hw_include/libdriver.a(uart_disable_.o)
                0x000000000000307c                UARTDisable
 .text          0x00000000000030a0       0x18 hw_include/libdriver.a(uart_enable_.o)
                0x00000000000030a0                UARTEnable
 .text          0x00000000000030b8        0x4 hw_include/libdriver.a(uart_intclear_.o)
                0x00000000000030b8                UARTIntClear
 .text          0x00000000000030bc        0x8 hw_include/libdriver.a(uart_intenable_.o)
                0x00000000000030bc                UARTIntEnable
 .text          0x00000000000030c4        0xc hw_include/libdriver.a(uart_intstatus_.o)
                0x00000000000030c4                UARTIntStatus
 .text          0x00000000000030d0        0x4 hw_include/libdriver.a(cpu_cpsie_.o)
                0x00000000000030d0                CPUcpsie
 .text          0x00000000000030d4       0x48 hw_include/libdriver.a(gpio_dirmodeset_.o)
                0x00000000000030d4                GPIODirModeSet
 .text          0x000000000000311c      0x11c hw_include/libdriver.a(gpio_padconfigset_.o)
                0x000000000000311c                GPIOPadConfigSet
 .text          0x0000000000003238        0xc hw_include/libdriver.a(i2c_masterenable_.o)
                0x0000000000003238                I2CMasterEnable
 .text          0x0000000000003244       0x3c hw_include/libdriver.a(interrupt_register_.o)
                0x0000000000003244                IntRegister
 .text          0x0000000000003280        0x0 hw_include/libdriver.a(interrupt_vtable_.o)
 .text          0x0000000000003280       0xa8 /usr/lib/gcc/arm-none-eabi/10.3.1/../../../arm-none-eabi/lib/thumb/nofp/libc.a(lib_a-memcpy-stub.o)
                0x0000000000003280                memcpy
 .text          0x0000000000003328       0xbc /usr/lib/gcc/arm-none-eabi/10.3.1/../../../arm-none-eabi/lib/thumb/nofp/libc.a(lib_a-memmove.o)
                0x0000000000003328                memmove
 .text          0x00000000000033e4       0xb0 /usr/lib/gcc/arm-none-eabi/10.3.1/../../../arm-none-eabi/lib/thumb/nofp/libc.a(lib_a-memset.o)
                0x00000000000033e4                memset
 *(.rodata*)
 .rodata.str1.4
                0x0000000000003494      0x127 gcc/main.o
 *fill*         0x00000000000035bb        0x1 
 .rodata.str1.4
                0x00000000000035bc        0x5 gcc/tasks.o
 *fill*         0x00000000000035c1        0x3 
 .rodata.str1.4
                0x00000000000035c4       0x30 gcc/BlockQ.o
 .rodata.str1.4
                0x00000000000035f4       0x10 gcc/PollQ.o
 .rodata.str1.4
                0x0000000000003604        0x8 gcc/integer.o
 .rodata.str1.4
                0x000000000000360c       0x20 gcc/semtest.o
 .rodata        0x000000000000362c      0x25e gcc/osram96x16.o
 *fill*         0x000000000000388a        0x2 
 .rodata        0x000000000000388c       0x30 hw_include/libdriver.a(interrupt_pulregs_.o)
                0x000000000000388c                g_pulRegs
 .rodata        0x00000000000038bc        0xc hw_include/libdriver.a(sysctl_pulrcgcregs_.o)
                0x00000000000038bc                g_pulRCGCRegs
 .rodata        0x00000000000038c8       0x30 hw_include/libdriver.a(sysctl_pulxtals_.o)
                0x00000000000038c8                g_pulXtals
                0x00000000000038f8                _etext = .

.glue_7         0x00000000000038f8        0x0
 .glue_7        0x00000000000038f8        0x0 linker stubs

.glue_7t        0x00000000000038f8        0x0
 .glue_7t       0x00000000000038f8        0x0 linker stubs

.vfp11_veneer   0x00000000000038f8        0x0
 .vfp11_veneer  0x00000000000038f8        0x0 linker stubs

.v4_bx          0x00000000000038f8        0x0
 .v4_bx         0x00000000000038f8        0x0 linker stubs

.iplt           0x00000000000038f8        0x0
 .iplt          0x00000000000038f8        0x0 gcc/startup.o

.rel.dyn        0x00000000000038f8        0x0
 .rel.iplt      0x00000000000038f8        0x0 gcc/startup.o

.data           0x0000000020000000       0xc0 load address 0x00000000000038f8
                0x0000000020000000                _data = .
 *(vtable)
 vtable         0x0000000020000000       0xb8 hw_include/libdriver.a(interrupt_vtable_.o)
                0x0000000020000000                g_pfnRAMVectors
 *(.data)
 .data          0x00000000200000b8        0x0 gcc/startup.o
 .data          0x00000000200000b8        0x0 gcc/main.o
 .data          0x00000000200000b8        0x0 gcc/list.o
 .data          0x00000000200000b8        0x0 gcc/queue.o
 .data          0x00000000200000b8        0x4 gcc/tasks.o
                0x00000000200000b8                uxTopUsedPriority
 .data          0x00000000200000bc        0x4 gcc/port.o
 .data          0x00000000200000c0        0x0 gcc/heap_1.o
 .data          0x00000000200000c0        0x0 gcc/BlockQ.o
 .data          0x00000000200000c0        0x0 gcc/PollQ.o
 .data          0x00000000200000c0        0x0 gcc/integer.o
 .data          0x00000000200000c0        0x0 gcc/semtest.o
 .data          0x00000000200000c0        0x0 gcc/osram96x16.o
 .data          0x00000000200000c0        0x0 hw_include/libdriver.a(gpio_pintypei2c_.o)
 .data          0x00000000200000c0        0x0 hw_include/libdriver.a(i2c_mastercontrol_.o)
 .data          0x00000000200000c0        0x0 hw_include/libdriver.a(i2c_masterdataput_.o)
 .data          0x00000000200000c0        0x0 hw_include/libdriver.a(i2c_masterinit_.o)
 .data          0x00000000200000c0        0x0 hw_include/libdriver.a(i2c_masterintstatus_.o)
 .data          0x00000000200000c0        0x0 hw_include/libdriver.a(i2c_masterslaveaddrset_.o)
 .data          0x00000000200000c0        0x0 hw_include/libdriver.a(interrupt_enable_.o)
 .data          0x00000000200000c0        0x0 hw_include/libdriver.a(interrupt_masterenable_.o)
 .data          0x00000000200000c0        0x0 hw_include/libdriver.a(interrupt_priorityset_.o)
 .data          0x00000000200000c0        0x0 hw_include/libdriver.a(interrupt_pulregs_.o)
 .data          0x00000000200000c0        0x0 hw_include/libdriver.a(sysctl_clockget_.o)
 .data          0x00000000200000c0        0x0 hw_include/libdriver.a(sysctl_peripheralenable_.o)
 .data          0x00000000200000c0        0x0 hw_include/libdriver.a(sysctl_pulrcgcregs_.o)
 .data          0x00000000200000c0        0x0 hw_include/libdriver.a(sysctl_pulxtals_.o)
 .data          0x00000000200000c0        0x0 hw_include/libdriver.a(timer_configure_.o)
 .data          0x00000000200000c0        0x0 hw_include/libdriver.a(timer_enable_.o)
 .data          0x00000000200000c0        0x0 hw_include/libdriver.a(timer_intclear_.o)
 .data          0x00000000200000c0        0x0 hw_include/libdriver.a(timer_intenable_.o)
 .data          0x00000000200000c0        0x0 hw_include/libdriver.a(timer_intregister_.o)
 .data          0x00000000200000c0        0x0 hw_include/libdriver.a(timer_loadset_.o)
 .data          0x00000000200000c0        0x0 hw_include/libdriver.a(uart_charget_.o)
 .data          0x00000000200000c0        0x0 hw_include/libdriver.a(uart_charput_.o)
 .data          0x00000000200000c0        0x0 hw_include/libdriver.a(uart_configset_.o)
 .data          0x00000000200000c0        0x0 hw_include/libdriver.a(uart_disable_.o)
 .data          0x00000000200000c0        0x0 hw_include/libdriver.a(uart_enable_.o)
 .data          0x00000000200000c0        0x0 hw_include/libdriver.a(uart_intclear_.o)
 .data          0x00000000200000c0        0x0 hw_include/libdriver.a(uart_intenable_.o)
 .data          0x00000000200000c0        0x0 hw_include/libdriver.a(uart_intstatus_.o)
 .data          0x00000000200000c0        0x0 hw_include/libdriver.a(cpu_cpsie_.o)
 .data          0x00000000200000c0        0x0 hw_include/libdriver.a(gpio_dirmodeset_.o)
 .data          0x00000000200000c0        0x0 hw_include/libdriver.a(gpio_padconfigset_.o)
 .data          0x00000000200000c0        0x0 hw_include/libdriver.a(i2c_masterenable_.o)
 .data          0x00000000200000c0        0x0 hw_include/libdriver.a(interrupt_register_.o)
 .data          0x00000000200000c0        0x0 hw_include/libdriver.a(interrupt_vtable_.o)
 .data          0x00000000200000c0        0x0 /usr/lib/gcc/arm-none-eabi/10.3.1/../../../arm-none-eabi/lib/thumb/nofp/libc.a(lib_a-memcpy-stub.o)
 .data          0x00000000200000c0        0x0 /usr/lib/gcc/arm-none-eabi/10.3.1/../../../arm-none-eabi/lib/thumb/nofp/libc.a(lib_a-memmove.o)
 .data          0x00000000200000c0        0x0 /usr/lib/gcc/arm-none-eabi/10.3.1/../../../arm-none-eabi/lib/thumb/nofp/libc.a(lib_a-memset.o)
                0x00000000200000c0                _edata = .

.igot.plt       0x00000000200000c0        0x0 load address 0x00000000000039b8
 .igot.plt      0x00000000200000c0        0x0 gcc/startup.o

.bss            0x00000000200000c0     0x15d4 load address 0x00000000000039b8
                0x00000000200000c0                _bss = .
 *(.bss)
 .bss           0x00000000200000c0      0x100 gcc/startup.o
 .bss           0x00000000200001c0       0x1c gcc/main.o
                0x00000000200001c0                xValTempQueue
                0x00000000200001c4                ulHighFrequencyTimerTicks
                0x00000000200001cc                xValFilterQueue
 .bss           0x00000000200001dc        0x0 gcc/list.o
 .bss           0x00000000200001dc        0x0 gcc/queue.o
 .bss           0x00000000200001dc       0xe0 gcc/tasks.o
                0x00000000200001e0                pxCurrentTCB
 .bss           0x00000000200002bc        0x0 gcc/port.o
 .bss           0x00000000200002bc     0x1390 gcc/heap_1.o
 .bss           0x000000002000164c       0x1e gcc/BlockQ.o
 *fill*         0x000000002000166a        0x2 
 .bss           0x000000002000166c        0xc gcc/PollQ.o
 .bss           0x0000000020001678        0x4 gcc/integer.o
 .bss           0x000000002000167c       0x14 gcc/semtest.o
 .bss           0x0000000020001690        0x4 gcc/osram96x16.o
 .bss           0x0000000020001694        0x0 hw_include/libdriver.a(gpio_pintypei2c_.o)
 .bss           0x0000000020001694        0x0 hw_include/libdriver.a(i2c_mastercontrol_.o)
 .bss           0x0000000020001694        0x0 hw_include/libdriver.a(i2c_masterdataput_.o)
 .bss           0x0000000020001694        0x0 hw_include/libdriver.a(i2c_masterinit_.o)
 .bss           0x0000000020001694        0x0 hw_include/libdriver.a(i2c_masterintstatus_.o)
 .bss           0x0000000020001694        0x0 hw_include/libdriver.a(i2c_masterslaveaddrset_.o)
 .bss           0x0000000020001694        0x0 hw_include/libdriver.a(interrupt_enable_.o)
 .bss           0x0000000020001694        0x0 hw_include/libdriver.a(interrupt_masterenable_.o)
 .bss           0x0000000020001694        0x0 hw_include/libdriver.a(interrupt_priorityset_.o)
 .bss           0x0000000020001694        0x0 hw_include/libdriver.a(interrupt_pulregs_.o)
 .bss           0x0000000020001694        0x0 hw_include/libdriver.a(sysctl_clockget_.o)
 .bss           0x0000000020001694        0x0 hw_include/libdriver.a(sysctl_peripheralenable_.o)
 .bss           0x0000000020001694        0x0 hw_include/libdriver.a(sysctl_pulrcgcregs_.o)
 .bss           0x0000000020001694        0x0 hw_include/libdriver.a(sysctl_pulxtals_.o)
 .bss           0x0000000020001694        0x0 hw_include/libdriver.a(timer_configure_.o)
 .bss           0x0000000020001694        0x0 hw_include/libdriver.a(timer_enable_.o)
 .bss           0x0000000020001694        0x0 hw_include/libdriver.a(timer_intclear_.o)
 .bss           0x0000000020001694        0x0 hw_include/libdriver.a(timer_intenable_.o)
 .bss           0x0000000020001694        0x0 hw_include/libdriver.a(timer_intregister_.o)
 .bss           0x0000000020001694        0x0 hw_include/libdriver.a(timer_loadset_.o)
 .bss           0x0000000020001694        0x0 hw_include/libdriver.a(uart_charget_.o)
 .bss           0x0000000020001694        0x0 hw_include/libdriver.a(uart_charput_.o)
 .bss           0x0000000020001694        0x0 hw_include/libdriver.a(uart_configset_.o)
 .bss           0x0000000020001694        0x0 hw_include/libdriver.a(uart_disable_.o)
 .bss           0x0000000020001694        0x0 hw_include/libdriver.a(uart_enable_.o)
 .bss           0x0000000020001694        0x0 hw_include/libdriver.a(uart_intclear_.o)
 .bss           0x0000000020001694        0x0 hw_include/libdriver.a(uart_intenable_.o)
 .bss           0x0000000020001694        0x0 hw_include/libdriver.a(uart_intstatus_.o)
 .bss           0x0000000020001694        0x0 hw_include/libdriver.a(cpu_cpsie_.o)
 .bss           0x0000000020001694        0x0 hw_include/libdriver.a(gpio_dirmodeset_.o)
 .bss           0x0000000020001694        0x0 hw_include/libdriver.a(gpio_padconfigset_.o)
 .bss           0x0000000020001694        0x0 hw_include/libdriver.a(i2c_masterenable_.o)
 .bss           0x0000000020001694        0x0 hw_include/libdriver.a(interrupt_register_.o)
 .bss           0x0000000020001694        0x0 hw_include/libdriver.a(interrupt_vtable_.o)
 .bss           0x0000000020001694        0x0 /usr/lib/gcc/arm-none-eabi/10.3.1/../../../arm-none-eabi/lib/thumb/nofp/libc.a(lib_a-memcpy-stub.o)
 .bss           0x0000000020001694        0x0 /usr/lib/gcc/arm-none-eabi/10.3.1/../../../arm-none-eabi/lib/thumb/nofp/libc.a(lib_a-memmove.o)
 .bss           0x0000000020001694        0x0 /usr/lib/gcc/arm-none-eabi/10.3.1/../../../arm-none-eabi/lib/thumb/nofp/libc.a(lib_a-memset.o)
 *(COMMON)
                0x0000000020001694                _ebss = .
LOAD gcc/startup.o
LOAD gcc/main.o
LOAD gcc/list.o
LOAD gcc/queue.o
LOAD gcc/tasks.o
LOAD gcc/port.o
LOAD gcc/heap_1.o
LOAD gcc/BlockQ.o
LOAD gcc/PollQ.o
LOAD gcc/integer.o
LOAD gcc/semtest.o
LOAD gcc/osram96x16.o
LOAD hw_include/libdriver.a
LOAD /usr/lib/gcc/arm-none-eabi/10.3.1/../../../arm-none-eabi/lib/thumb/nofp/libc.a
LOAD /usr/lib/gcc/arm-none-eabi/10.3.1/thumb/nofp/libgcc.a
OUTPUT(gcc/RTOSDemo.axf elf32-littlearm)
LOAD linker stubs

.comment        0x0000000000000000      0x495
 .comment       0x0000000000000000       0x33 gcc/startup.o
                                         0x34 (size before relaxing)
 .comment       0x0000000000000033       0x34 gcc/main.o
 .comment       0x0000000000000033       0x34 gcc/list.o
 .comment       0x0000000000000033       0x34 gcc/queue.o
 .comment       0x0000000000000033       0x34 gcc/tasks.o
 .comment       0x0000000000000033       0x34 gcc/port.o
 .comment       0x0000000000000033       0x34 gcc/heap_1.o
 .comment       0x0000000000000033       0x34 gcc/BlockQ.o
 .comment       0x0000000000000033       0x34 gcc/PollQ.o
 .comment       0x0000000000000033       0x34 gcc/integer.o
 .comment       0x0000000000000033       0x34 gcc/semtest.o
 .comment       0x0000000000000033       0x34 gcc/osram96x16.o
 .comment       0x0000000000000033       0x22 hw_include/libdriver.a(gpio_pintypei2c_.o)
 .comment       0x0000000000000055       0x22 hw_include/libdriver.a(i2c_mastercontrol_.o)
 .comment       0x0000000000000077       0x22 hw_include/libdriver.a(i2c_masterdataput_.o)
 .comment       0x0000000000000099       0x22 hw_include/libdriver.a(i2c_masterinit_.o)
 .comment       0x00000000000000bb       0x22 hw_include/libdriver.a(i2c_masterintstatus_.o)
 .comment       0x00000000000000dd       0x22 hw_include/libdriver.a(i2c_masterslaveaddrset_.o)
 .comment       0x00000000000000ff       0x22 hw_include/libdriver.a(interrupt_enable_.o)
 .comment       0x0000000000000121       0x22 hw_include/libdriver.a(interrupt_masterenable_.o)
 .comment       0x0000000000000143       0x22 hw_include/libdriver.a(interrupt_priorityset_.o)
 .comment       0x0000000000000165       0x22 hw_include/libdriver.a(interrupt_pulregs_.o)
 .comment       0x0000000000000187       0x22 hw_include/libdriver.a(sysctl_clockget_.o)
 .comment       0x00000000000001a9       0x22 hw_include/libdriver.a(sysctl_peripheralenable_.o)
 .comment       0x00000000000001cb       0x22 hw_include/libdriver.a(sysctl_pulrcgcregs_.o)
 .comment       0x00000000000001ed       0x22 hw_include/libdriver.a(sysctl_pulxtals_.o)
 .comment       0x000000000000020f       0x22 hw_include/libdriver.a(timer_configure_.o)
 .comment       0x0000000000000231       0x22 hw_include/libdriver.a(timer_enable_.o)
 .comment       0x0000000000000253       0x22 hw_include/libdriver.a(timer_intclear_.o)
 .comment       0x0000000000000275       0x22 hw_include/libdriver.a(timer_intenable_.o)
 .comment       0x0000000000000297       0x22 hw_include/libdriver.a(timer_intregister_.o)
 .comment       0x00000000000002b9       0x22 hw_include/libdriver.a(timer_loadset_.o)
 .comment       0x00000000000002db       0x22 hw_include/libdriver.a(uart_charget_.o)
 .comment       0x00000000000002fd       0x22 hw_include/libdriver.a(uart_charput_.o)
 .comment       0x000000000000031f       0x22 hw_include/libdriver.a(uart_configset_.o)
 .comment       0x0000000000000341       0x22 hw_include/libdriver.a(uart_disable_.o)
 .comment       0x0000000000000363       0x22 hw_include/libdriver.a(uart_enable_.o)
 .comment       0x0000000000000385       0x22 hw_include/libdriver.a(uart_intclear_.o)
 .comment       0x00000000000003a7       0x22 hw_include/libdriver.a(uart_intenable_.o)
 .comment       0x00000000000003c9       0x22 hw_include/libdriver.a(uart_intstatus_.o)
 .comment       0x00000000000003eb       0x22 hw_include/libdriver.a(gpio_dirmodeset_.o)
 .comment       0x000000000000040d       0x22 hw_include/libdriver.a(gpio_padconfigset_.o)
 .comment       0x000000000000042f       0x22 hw_include/libdriver.a(i2c_masterenable_.o)
 .comment       0x0000000000000451       0x22 hw_include/libdriver.a(interrupt_register_.o)
 .comment       0x0000000000000473       0x22 hw_include/libdriver.a(interrupt_vtable_.o)
 .comment       0x0000000000000495       0x34 /usr/lib/gcc/arm-none-eabi/10.3.1/../../../arm-none-eabi/lib/thumb/nofp/libc.a(lib_a-memcpy-stub.o)
 .comment       0x0000000000000495       0x34 /usr/lib/gcc/arm-none-eabi/10.3.1/../../../arm-none-eabi/lib/thumb/nofp/libc.a(lib_a-memmove.o)
 .comment       0x0000000000000495       0x34 /usr/lib/gcc/arm-none-eabi/10.3.1/../../../arm-none-eabi/lib/thumb/nofp/libc.a(lib_a-memset.o)

.ARM.attributes
                0x0000000000000000       0x2d
 .ARM.attributes
                0x0000000000000000       0x2d gcc/startup.o
 .ARM.attributes
                0x000000000000002d       0x2d gcc/main.o
 .ARM.attributes
                0x000000000000005a       0x2d gcc/list.o
 .ARM.attributes
                0x0000000000000087       0x2d gcc/queue.o
 .ARM.attributes
                0x00000000000000b4       0x2d gcc/tasks.o
 .ARM.attributes
                0x00000000000000e1       0x2d gcc/port.o
 .ARM.attributes
                0x000000000000010e       0x2d gcc/heap_1.o
 .ARM.attributes
                0x000000000000013b       0x2d gcc/BlockQ.o
 .ARM.attributes
                0x0000000000000168       0x2d gcc/PollQ.o
 .ARM.attributes
                0x0000000000000195       0x2d gcc/integer.o
 .ARM.attributes
                0x00000000000001c2       0x2d gcc/semtest.o
 .ARM.attributes
                0x00000000000001ef       0x2d gcc/osram96x16.o
 .ARM.attributes
                0x000000000000021c       0x31 hw_include/libdriver.a(gpio_pintypei2c_.o)
 .ARM.attributes
                0x000000000000024d       0x31 hw_include/libdriver.a(i2c_mastercontrol_.o)
 .ARM.attributes
                0x000000000000027e       0x31 hw_include/libdriver.a(i2c_masterdataput_.o)
 .ARM.attributes
                0x00000000000002af       0x31 hw_include/libdriver.a(i2c_masterinit_.o)
 .ARM.attributes
                0x00000000000002e0       0x31 hw_include/libdriver.a(i2c_masterintstatus_.o)
 .ARM.attributes
                0x0000000000000311       0x31 hw_include/libdriver.a(i2c_masterslaveaddrset_.o)
 .ARM.attributes
                0x0000000000000342       0x31 hw_include/libdriver.a(interrupt_enable_.o)
 .ARM.attributes
                0x0000000000000373       0x31 hw_include/libdriver.a(interrupt_masterenable_.o)
 .ARM.attributes
                0x00000000000003a4       0x31 hw_include/libdriver.a(interrupt_priorityset_.o)
 .ARM.attributes
                0x00000000000003d5       0x2f hw_include/libdriver.a(interrupt_pulregs_.o)
 .ARM.attributes
                0x0000000000000404       0x31 hw_include/libdriver.a(sysctl_clockget_.o)
 .ARM.attributes
                0x0000000000000435       0x31 hw_include/libdriver.a(sysctl_peripheralenable_.o)
 .ARM.attributes
                0x0000000000000466       0x2f hw_include/libdriver.a(sysctl_pulrcgcregs_.o)
 .ARM.attributes
                0x0000000000000495       0x2f hw_include/libdriver.a(sysctl_pulxtals_.o)
 .ARM.attributes
                0x00000000000004c4       0x31 hw_include/libdriver.a(timer_configure_.o)
 .ARM.attributes
                0x00000000000004f5       0x31 hw_include/libdriver.a(timer_enable_.o)
 .ARM.attributes
                0x0000000000000526       0x31 hw_include/libdriver.a(timer_intclear_.o)
 .ARM.attributes
                0x0000000000000557       0x31 hw_include/libdriver.a(timer_intenable_.o)
 .ARM.attributes
                0x0000000000000588       0x31 hw_include/libdriver.a(timer_intregister_.o)
 .ARM.attributes
                0x00000000000005b9       0x31 hw_include/libdriver.a(timer_loadset_.o)
 .ARM.attributes
                0x00000000000005ea       0x31 hw_include/libdriver.a(uart_charget_.o)
 .ARM.attributes
                0x000000000000061b       0x31 hw_include/libdriver.a(uart_charput_.o)
 .ARM.attributes
                0x000000000000064c       0x31 hw_include/libdriver.a(uart_configset_.o)
 .ARM.attributes
                0x000000000000067d       0x31 hw_include/libdriver.a(uart_disable_.o)
 .ARM.attributes
                0x00000000000006ae       0x31 hw_include/libdriver.a(uart_enable_.o)
 .ARM.attributes
                0x00000000000006df       0x31 hw_include/libdriver.a(uart_intclear_.o)
 .ARM.attributes
                0x0000000000000710       0x31 hw_include/libdriver.a(uart_intenable_.o)
 .ARM.attributes
                0x0000000000000741       0x31 hw_include/libdriver.a(uart_intstatus_.o)
 .ARM.attributes
                0x0000000000000772       0x21 hw_include/libdriver.a(cpu_cpsie_.o)
 .ARM.attributes
                0x0000000000000793       0x31 hw_include/libdriver.a(gpio_dirmodeset_.o)
 .ARM.attributes
                0x00000000000007c4       0x31 hw_include/libdriver.a(gpio_padconfigset_.o)
 .ARM.attributes
                0x00000000000007f5       0x31 hw_include/libdriver.a(i2c_masterenable_.o)
 .ARM.attributes
                0x0000000000000826       0x31 hw_include/libdriver.a(interrupt_register_.o)
 .ARM.attributes
                0x0000000000000857       0x2f hw_include/libdriver.a(interrupt_vtable_.o)
 .ARM.attributes
                0x0000000000000886       0x2a /usr/lib/gcc/arm-none-eabi/10.3.1/../../../arm-none-eabi/lib/thumb/nofp/libc.a(lib_a-memcpy-stub.o)
 .ARM.attributes
                0x00000000000008b0       0x2a /usr/lib/gcc/arm-none-eabi/10.3.1/../../../arm-none-eabi/lib/thumb/nofp/libc.a(lib_a-memmove.o)
 .ARM.attributes
                0x00000000000008da       0x2a /usr/lib/gcc/arm-none-eabi/10.3.1/../../../arm-none-eabi/lib/thumb/nofp/libc.a(lib_a-memset.o)

.debug_info     0x0000000000000000      0x70f
 .debug_info    0x0000000000000000      0x324 gcc/osram96x16.o
 .debug_info    0x0000000000000324      0x15c /usr/lib/gcc/arm-none-eabi/10.3.1/../../../arm-none-eabi/lib/thumb/nofp/libc.a(lib_a-memcpy-stub.o)
 .debug_info    0x0000000000000480      0x152 /usr/lib/gcc/arm-none-eabi/10.3.1/../../../arm-none-eabi/lib/thumb/nofp/libc.a(lib_a-memmove.o)
 .debug_info    0x00000000000005d2      0x13d /usr/lib/gcc/arm-none-eabi/10.3.1/../../../arm-none-eabi/lib/thumb/nofp/libc.a(lib_a-memset.o)

.debug_abbrev   0x0000000000000000      0x337
 .debug_abbrev  0x0000000000000000       0xfc gcc/osram96x16.o
 .debug_abbrev  0x00000000000000fc       0xc7 /usr/lib/gcc/arm-none-eabi/10.3.1/../../../arm-none-eabi/lib/thumb/nofp/libc.a(lib_a-memcpy-stub.o)
 .debug_abbrev  0x00000000000001c3       0xc0 /usr/lib/gcc/arm-none-eabi/10.3.1/../../../arm-none-eabi/lib/thumb/nofp/libc.a(lib_a-memmove.o)
 .debug_abbrev  0x0000000000000283       0xb4 /usr/lib/gcc/arm-none-eabi/10.3.1/../../../arm-none-eabi/lib/thumb/nofp/libc.a(lib_a-memset.o)

.debug_aranges  0x0000000000000000       0x80
 .debug_aranges
                0x0000000000000000       0x20 gcc/osram96x16.o
 .debug_aranges
                0x0000000000000020       0x20 /usr/lib/gcc/arm-none-eabi/10.3.1/../../../arm-none-eabi/lib/thumb/nofp/libc.a(lib_a-memcpy-stub.o)
 .debug_aranges
                0x0000000000000040       0x20 /usr/lib/gcc/arm-none-eabi/10.3.1/../../../arm-none-eabi/lib/thumb/nofp/libc.a(lib_a-memmove.o)
 .debug_aranges
                0x0000000000000060       0x20 /usr/lib/gcc/arm-none-eabi/10.3.1/../../../arm-none-eabi/lib/thumb/nofp/libc.a(lib_a-memset.o)

.debug_line     0x0000000000000000      0x83c
 .debug_line    0x0000000000000000      0x2e5 gcc/osram96x16.o
 .debug_line    0x00000000000002e5      0x1ad /usr/lib/gcc/arm-none-eabi/10.3.1/../../../arm-none-eabi/lib/thumb/nofp/libc.a(lib_a-memcpy-stub.o)
 .debug_line    0x0000000000000492      0x1dc /usr/lib/gcc/arm-none-eabi/10.3.1/../../../arm-none-eabi/lib/thumb/nofp/libc.a(lib_a-memmove.o)
 .debug_line    0x000000000000066e      0x1ce /usr/lib/gcc/arm-none-eabi/10.3.1/../../../arm-none-eabi/lib/thumb/nofp/libc.a(lib_a-memset.o)

.debug_str      0x0000000000000000      0x469
 .debug_str     0x0000000000000000      0x1df gcc/osram96x16.o
                                        0x20d (size before relaxing)
 .debug_str     0x00000000000001df      0x197 /usr/lib/gcc/arm-none-eabi/10.3.1/../../../arm-none-eabi/lib/thumb/nofp/libc.a(lib_a-memcpy-stub.o)
                                        0x1de (size before relaxing)
 .debug_str     0x0000000000000376       0xa7 /usr/lib/gcc/arm-none-eabi/10.3.1/../../../arm-none-eabi/lib/thumb/nofp/libc.a(lib_a-memmove.o)
                                        0x1d8 (size before relaxing)
 .debug_str     0x000000000000041d       0x4c /usr/lib/gcc/arm-none-eabi/10.3.1/../../../arm-none-eabi/lib/thumb/nofp/libc.a(lib_a-memset.o)
                                        0x1b9 (size before relaxing)

.debug_frame    0x0000000000000000      0x218
 .debug_frame   0x0000000000000000      0x180 gcc/osram96x16.o
 .debug_frame   0x0000000000000180       0x34 /usr/lib/gcc/arm-none-eabi/10.3.1/../../../arm-none-eabi/lib/thumb/nofp/libc.a(lib_a-memcpy-stub.o)
 .debug_frame   0x00000000000001b4       0x34 /usr/lib/gcc/arm-none-eabi/10.3.1/../../../arm-none-eabi/lib/thumb/nofp/libc.a(lib_a-memmove.o)
 .debug_frame   0x00000000000001e8       0x30 /usr/lib/gcc/arm-none-eabi/10.3.1/../../../arm-none-eabi/lib/thumb/nofp/libc.a(lib_a-memset.o)

.debug_loc      0x0000000000000000      0xc2c
 .debug_loc     0x0000000000000000      0x46c /usr/lib/gcc/arm-none-eabi/10.3.1/../../../arm-none-eabi/lib/thumb/nofp/libc.a(lib_a-memcpy-stub.o)
 .debug_loc     0x000000000000046c      0x51d /usr/lib/gcc/arm-none-eabi/10.3.1/../../../arm-none-eabi/lib/thumb/nofp/libc.a(lib_a-memmove.o)
 .debug_loc     0x0000000000000989      0x2a3 /usr/lib/gcc/arm-none-eabi/10.3.1/../../../arm-none-eabi/lib/thumb/nofp/libc.a(lib_a-memset.o)
