Archive member included to satisfy reference by file (symbol)

hw_include/libdriver.a(gpio_dirmodeset_.o)
                              gcc/main.o (GPIODirModeSet)
hw_include/libdriver.a(gpio_inttypeset_.o)
                              gcc/main.o (GPIOIntTypeSet)
hw_include/libdriver.a(gpio_pinintclear_.o)
                              gcc/main.o (GPIOPinIntClear)
hw_include/libdriver.a(gpio_pinintenable_.o)
                              gcc/main.o (GPIOPinIntEnable)
hw_include/libdriver.a(gpio_pintypei2c_.o)
                              gcc/osram96x16.o (GPIOPinTypeI2C)
hw_include/libdriver.a(i2c_mastercontrol_.o)
                              gcc/osram96x16.o (I2CMasterControl)
hw_include/libdriver.a(i2c_masterdataput_.o)
                              gcc/osram96x16.o (I2CMasterDataPut)
hw_include/libdriver.a(i2c_masterinit_.o)
                              gcc/osram96x16.o (I2CMasterInit)
hw_include/libdriver.a(i2c_masterintstatus_.o)
                              gcc/osram96x16.o (I2CMasterIntStatus)
hw_include/libdriver.a(i2c_masterslaveaddrset_.o)
                              gcc/osram96x16.o (I2CMasterSlaveAddrSet)
hw_include/libdriver.a(interrupt_enable_.o)
                              gcc/main.o (IntEnable)
hw_include/libdriver.a(interrupt_priorityset_.o)
                              gcc/main.o (IntPrioritySet)
hw_include/libdriver.a(interrupt_pulregs_.o)
                              hw_include/libdriver.a(interrupt_priorityset_.o) (g_pulRegs)
hw_include/libdriver.a(sysctl_clockget_.o)
                              hw_include/libdriver.a(i2c_masterinit_.o) (SysCtlClockGet)
hw_include/libdriver.a(sysctl_clockset_.o)
                              gcc/main.o (SysCtlClockSet)
hw_include/libdriver.a(sysctl_peripheralenable_.o)
                              gcc/main.o (SysCtlPeripheralEnable)
hw_include/libdriver.a(sysctl_pulrcgcregs_.o)
                              hw_include/libdriver.a(sysctl_peripheralenable_.o) (g_pulRCGCRegs)
hw_include/libdriver.a(sysctl_pulxtals_.o)
                              hw_include/libdriver.a(sysctl_clockget_.o) (g_pulXtals)
hw_include/libdriver.a(uart_configset_.o)
                              gcc/main.o (UARTConfigSet)
hw_include/libdriver.a(uart_disable_.o)
                              hw_include/libdriver.a(uart_configset_.o) (UARTDisable)
hw_include/libdriver.a(uart_enable_.o)
                              hw_include/libdriver.a(uart_configset_.o) (UARTEnable)
hw_include/libdriver.a(uart_intclear_.o)
                              gcc/main.o (UARTIntClear)
hw_include/libdriver.a(uart_intdisable_.o)
                              gcc/main.o (UARTIntDisable)
hw_include/libdriver.a(uart_intenable_.o)
                              gcc/main.o (UARTIntEnable)
hw_include/libdriver.a(uart_intstatus_.o)
                              gcc/main.o (UARTIntStatus)
hw_include/libdriver.a(gpio_padconfigset_.o)
                              hw_include/libdriver.a(gpio_pintypei2c_.o) (GPIOPadConfigSet)
hw_include/libdriver.a(i2c_masterenable_.o)
                              hw_include/libdriver.a(i2c_masterinit_.o) (I2CMasterEnable)
/usr/lib/gcc/arm-none-eabi/10.3.1/../../../arm-none-eabi/lib/thumb/nofp/libc.a(lib_a-memcpy-stub.o)
                              gcc/queue.o (memcpy)
/usr/lib/gcc/arm-none-eabi/10.3.1/../../../arm-none-eabi/lib/thumb/nofp/libc.a(lib_a-memset.o)
                              gcc/tasks.o (memset)

Memory Configuration

Name             Origin             Length             Attributes
FLASH            0x0000000000000000 0x0000000000010000 xr
SRAM             0x0000000020000000 0x0000000000002000 xrw
*default*        0x0000000000000000 0xffffffffffffffff

Linker script and memory map


.text           0x0000000000000000     0x43f8
 *(.isr_vector)
 .isr_vector    0x0000000000000000       0xb8 gcc/startup.o
                0x0000000000000000                g_pfnVectors
 *(.text*)
 .text          0x00000000000000b8       0x54 gcc/startup.o
                0x00000000000000b8                ResetISR
 .text          0x000000000000010c      0x3d0 gcc/main.o
                0x000000000000010c                main
                0x00000000000003e0                vUART_ISR
                0x0000000000000444                vGPIO_ISR
 .text          0x00000000000004dc      0x15e gcc/list.o
                0x00000000000004dc                vListInitialise
                0x000000000000051a                vListInitialiseItem
                0x0000000000000532                vListInsertEnd
                0x0000000000000578                vListInsert
                0x00000000000005e8                uxListRemove
 *fill*         0x000000000000063a        0x2 
 .text          0x000000000000063c      0xc4c gcc/queue.o
                0x000000000000063c                xQueueGenericReset
                0x0000000000000724                xQueueGenericCreate
                0x00000000000007e0                xQueueGenericSend
                0x0000000000000934                xQueueGenericSendFromISR
                0x00000000000009fe                xQueueGiveFromISR
                0x0000000000000ab6                xQueueReceive
                0x0000000000000bfc                xQueueSemaphoreTake
                0x0000000000000d38                xQueuePeek
                0x0000000000000e80                xQueueReceiveFromISR
                0x0000000000000f42                xQueuePeekFromISR
                0x0000000000000fa8                uxQueueMessagesWaiting
                0x0000000000000fc8                uxQueueSpacesAvailable
                0x0000000000000ff2                uxQueueMessagesWaitingFromISR
                0x0000000000001010                vQueueDelete
                0x00000000000011fe                xQueueIsQueueEmptyFromISR
                0x0000000000001258                xQueueIsQueueFullFromISR
 .text          0x0000000000001288     0x1758 gcc/tasks.o
                0x0000000000001288                xTaskCreate
                0x0000000000001504                xTaskDelayUntil
                0x00000000000015a8                vTaskDelay
                0x00000000000015f0                vTaskStartScheduler
                0x0000000000001668                vTaskEndScheduler
                0x0000000000001698                vTaskSuspendAll
                0x00000000000016b4                xTaskResumeAll
                0x000000000000188c                xTaskGetTickCount
                0x00000000000018a8                xTaskGetTickCountFromISR
                0x00000000000018c8                uxTaskGetNumberOfTasks
                0x00000000000018dc                pcTaskGetName
                0x0000000000001908                xTaskCatchUpTicks
                0x000000000000193c                xTaskIncrementTick
                0x0000000000001b48                vTaskSwitchContext
                0x0000000000001bd4                vTaskPlaceOnEventList
                0x0000000000001c00                vTaskPlaceOnUnorderedEventList
                0x0000000000001c70                xTaskRemoveFromEventList
                0x0000000000001e00                vTaskRemoveFromUnorderedEventList
                0x0000000000001f40                vTaskSetTimeOutState
                0x0000000000001f70                vTaskInternalSetTimeOutState
                0x0000000000001f9c                xTaskCheckForTimeOut
                0x0000000000002020                vTaskMissedYield
                0x00000000000020f0                xTaskGetCurrentTaskHandle
                0x000000000000210c                uxTaskResetEventItemValue
                0x000000000000213c                ulTaskGenericNotifyTake
                0x00000000000021f0                xTaskGenericNotifyWait
                0x00000000000022d4                xTaskGenericNotify
                0x0000000000002498                xTaskGenericNotifyFromISR
                0x00000000000026d0                vTaskGenericNotifyGiveFromISR
                0x0000000000002884                xTaskGenericNotifyStateClear
                0x00000000000028dc                ulTaskGenericNotifyValueClear
 .text          0x00000000000029e0      0x250 gcc/port.o
                0x00000000000029e0                pxPortInitialiseStack
                0x0000000000002a6a                vPortSVCHandler
                0x0000000000002ab6                xPortStartScheduler
                0x0000000000002af8                vPortEndScheduler
                0x0000000000002b04                vPortEnterCritical
                0x0000000000002b38                vPortExitCritical
                0x0000000000002b6c                xPortPendSVHandler
                0x0000000000002bb6                xPortSysTickHandler
                0x0000000000002bfc                vPortSetupTimerInterrupt
 .text          0x0000000000002c30       0xe8 gcc/heap_1.o
                0x0000000000002c30                pvPortMalloc
                0x0000000000002cd4                vPortFree
                0x0000000000002ce6                vPortInitialiseBlocks
                0x0000000000002cfc                xPortGetFreeHeapSize
 .text          0x0000000000002d18      0x2dc gcc/BlockQ.o
                0x0000000000002d18                vStartBlockingQueueTasks
                0x0000000000002f62                xAreBlockingQueuesStillRunning
 .text          0x0000000000002ff4      0x184 gcc/PollQ.o
                0x0000000000002ff4                vStartPolledQueueTasks
                0x0000000000003138                xArePollingQueuesStillRunning
 .text          0x0000000000003178      0x114 gcc/integer.o
                0x0000000000003178                vStartIntegerMathTasks
                0x0000000000003238                xAreIntegerMathsTaskStillRunning
 .text          0x000000000000328c      0x290 gcc/semtest.o
                0x000000000000328c                vStartSemaphoreTasks
                0x00000000000034c0                xAreSemaphoreTasksStillRunning
 .text          0x000000000000351c      0x4c0 gcc/osram96x16.o
                0x000000000000365c                OSRAMClear
                0x00000000000036cc                OSRAMStringDraw
                0x00000000000037d4                OSRAMImageDraw
                0x000000000000387a                OSRAMInit
                0x000000000000393c                OSRAMDisplayOn
                0x00000000000039b0                OSRAMDisplayOff
 .text          0x00000000000039dc       0x48 hw_include/libdriver.a(gpio_dirmodeset_.o)
                0x00000000000039dc                GPIODirModeSet
 .text          0x0000000000003a24       0x74 hw_include/libdriver.a(gpio_inttypeset_.o)
                0x0000000000003a24                GPIOIntTypeSet
 .text          0x0000000000003a98        0x8 hw_include/libdriver.a(gpio_pinintclear_.o)
                0x0000000000003a98                GPIOPinIntClear
 .text          0x0000000000003aa0        0xc hw_include/libdriver.a(gpio_pinintenable_.o)
                0x0000000000003aa0                GPIOPinIntEnable
 .text          0x0000000000003aac       0x20 hw_include/libdriver.a(gpio_pintypei2c_.o)
                0x0000000000003aac                GPIOPinTypeI2C
 .text          0x0000000000003acc        0x4 hw_include/libdriver.a(i2c_mastercontrol_.o)
                0x0000000000003acc                I2CMasterControl
 .text          0x0000000000003ad0        0x4 hw_include/libdriver.a(i2c_masterdataput_.o)
                0x0000000000003ad0                I2CMasterDataPut
 .text          0x0000000000003ad4       0x34 hw_include/libdriver.a(i2c_masterinit_.o)
                0x0000000000003ad4                I2CMasterInit
 .text          0x0000000000003b08       0x18 hw_include/libdriver.a(i2c_masterintstatus_.o)
                0x0000000000003b08                I2CMasterIntStatus
 .text          0x0000000000003b20        0x8 hw_include/libdriver.a(i2c_masterslaveaddrset_.o)
                0x0000000000003b20                I2CMasterSlaveAddrSet
 .text          0x0000000000003b28       0x5c hw_include/libdriver.a(interrupt_enable_.o)
                0x0000000000003b28                IntEnable
 .text          0x0000000000003b84       0x30 hw_include/libdriver.a(interrupt_priorityset_.o)
                0x0000000000003b84                IntPrioritySet
 .text          0x0000000000003bb4        0x0 hw_include/libdriver.a(interrupt_pulregs_.o)
 .text          0x0000000000003bb4       0x90 hw_include/libdriver.a(sysctl_clockget_.o)
                0x0000000000003bb4                SysCtlClockGet
 .text          0x0000000000003c44       0xcc hw_include/libdriver.a(sysctl_clockset_.o)
                0x0000000000003c44                SysCtlClockSet
 .text          0x0000000000003d10       0x1c hw_include/libdriver.a(sysctl_peripheralenable_.o)
                0x0000000000003d10                SysCtlPeripheralEnable
 .text          0x0000000000003d2c        0x0 hw_include/libdriver.a(sysctl_pulrcgcregs_.o)
 .text          0x0000000000003d2c        0x0 hw_include/libdriver.a(sysctl_pulxtals_.o)
 .text          0x0000000000003d2c       0x38 hw_include/libdriver.a(uart_configset_.o)
                0x0000000000003d2c                UARTConfigSet
 .text          0x0000000000003d64       0x24 hw_include/libdriver.a(uart_disable_.o)
                0x0000000000003d64                UARTDisable
 .text          0x0000000000003d88       0x18 hw_include/libdriver.a(uart_enable_.o)
                0x0000000000003d88                UARTEnable
 .text          0x0000000000003da0        0x4 hw_include/libdriver.a(uart_intclear_.o)
                0x0000000000003da0                UARTIntClear
 .text          0x0000000000003da4        0xc hw_include/libdriver.a(uart_intdisable_.o)
                0x0000000000003da4                UARTIntDisable
 .text          0x0000000000003db0        0x8 hw_include/libdriver.a(uart_intenable_.o)
                0x0000000000003db0                UARTIntEnable
 .text          0x0000000000003db8        0xc hw_include/libdriver.a(uart_intstatus_.o)
                0x0000000000003db8                UARTIntStatus
 .text          0x0000000000003dc4      0x11c hw_include/libdriver.a(gpio_padconfigset_.o)
                0x0000000000003dc4                GPIOPadConfigSet
 .text          0x0000000000003ee0        0xc hw_include/libdriver.a(i2c_masterenable_.o)
                0x0000000000003ee0                I2CMasterEnable
 .text          0x0000000000003eec       0xa8 /usr/lib/gcc/arm-none-eabi/10.3.1/../../../arm-none-eabi/lib/thumb/nofp/libc.a(lib_a-memcpy-stub.o)
                0x0000000000003eec                memcpy
 .text          0x0000000000003f94       0xb0 /usr/lib/gcc/arm-none-eabi/10.3.1/../../../arm-none-eabi/lib/thumb/nofp/libc.a(lib_a-memset.o)
                0x0000000000003f94                memset
 *(.rodata*)
 .rodata        0x0000000000004044       0x78 gcc/main.o
 .rodata        0x00000000000040bc        0x5 gcc/tasks.o
 *fill*         0x00000000000040c1        0x3 
 .rodata        0x00000000000040c4       0x30 gcc/BlockQ.o
 .rodata        0x00000000000040f4       0x10 gcc/PollQ.o
 .rodata        0x0000000000004104        0x8 gcc/integer.o
 .rodata        0x000000000000410c       0x20 gcc/semtest.o
 .rodata        0x000000000000412c      0x25e gcc/osram96x16.o
 *fill*         0x000000000000438a        0x2 
 .rodata        0x000000000000438c       0x30 hw_include/libdriver.a(interrupt_pulregs_.o)
                0x000000000000438c                g_pulRegs
 .rodata        0x00000000000043bc        0xc hw_include/libdriver.a(sysctl_pulrcgcregs_.o)
                0x00000000000043bc                g_pulRCGCRegs
 .rodata        0x00000000000043c8       0x30 hw_include/libdriver.a(sysctl_pulxtals_.o)
                0x00000000000043c8                g_pulXtals
                0x00000000000043f8                _etext = .

.glue_7         0x00000000000043f8        0x0
 .glue_7        0x00000000000043f8        0x0 linker stubs

.glue_7t        0x00000000000043f8        0x0
 .glue_7t       0x00000000000043f8        0x0 linker stubs

.vfp11_veneer   0x00000000000043f8        0x0
 .vfp11_veneer  0x00000000000043f8        0x0 linker stubs

.v4_bx          0x00000000000043f8        0x0
 .v4_bx         0x00000000000043f8        0x0 linker stubs

.iplt           0x00000000000043f8        0x0
 .iplt          0x00000000000043f8        0x0 gcc/startup.o

.rel.dyn        0x00000000000043f8        0x0
 .rel.iplt      0x00000000000043f8        0x0 gcc/startup.o

.data           0x0000000020000000        0xc load address 0x00000000000043f8
                0x0000000020000000                _data = .
 *(vtable)
 *(.data)
 .data          0x0000000020000000        0x0 gcc/startup.o
 .data          0x0000000020000000        0x4 gcc/main.o
 .data          0x0000000020000004        0x0 gcc/list.o
 .data          0x0000000020000004        0x0 gcc/queue.o
 .data          0x0000000020000004        0x4 gcc/tasks.o
                0x0000000020000004                uxTopUsedPriority
 .data          0x0000000020000008        0x4 gcc/port.o
 .data          0x000000002000000c        0x0 gcc/heap_1.o
 .data          0x000000002000000c        0x0 gcc/BlockQ.o
 .data          0x000000002000000c        0x0 gcc/PollQ.o
 .data          0x000000002000000c        0x0 gcc/integer.o
 .data          0x000000002000000c        0x0 gcc/semtest.o
 .data          0x000000002000000c        0x0 gcc/osram96x16.o
 .data          0x000000002000000c        0x0 hw_include/libdriver.a(gpio_dirmodeset_.o)
 .data          0x000000002000000c        0x0 hw_include/libdriver.a(gpio_inttypeset_.o)
 .data          0x000000002000000c        0x0 hw_include/libdriver.a(gpio_pinintclear_.o)
 .data          0x000000002000000c        0x0 hw_include/libdriver.a(gpio_pinintenable_.o)
 .data          0x000000002000000c        0x0 hw_include/libdriver.a(gpio_pintypei2c_.o)
 .data          0x000000002000000c        0x0 hw_include/libdriver.a(i2c_mastercontrol_.o)
 .data          0x000000002000000c        0x0 hw_include/libdriver.a(i2c_masterdataput_.o)
 .data          0x000000002000000c        0x0 hw_include/libdriver.a(i2c_masterinit_.o)
 .data          0x000000002000000c        0x0 hw_include/libdriver.a(i2c_masterintstatus_.o)
 .data          0x000000002000000c        0x0 hw_include/libdriver.a(i2c_masterslaveaddrset_.o)
 .data          0x000000002000000c        0x0 hw_include/libdriver.a(interrupt_enable_.o)
 .data          0x000000002000000c        0x0 hw_include/libdriver.a(interrupt_priorityset_.o)
 .data          0x000000002000000c        0x0 hw_include/libdriver.a(interrupt_pulregs_.o)
 .data          0x000000002000000c        0x0 hw_include/libdriver.a(sysctl_clockget_.o)
 .data          0x000000002000000c        0x0 hw_include/libdriver.a(sysctl_clockset_.o)
 .data          0x000000002000000c        0x0 hw_include/libdriver.a(sysctl_peripheralenable_.o)
 .data          0x000000002000000c        0x0 hw_include/libdriver.a(sysctl_pulrcgcregs_.o)
 .data          0x000000002000000c        0x0 hw_include/libdriver.a(sysctl_pulxtals_.o)
 .data          0x000000002000000c        0x0 hw_include/libdriver.a(uart_configset_.o)
 .data          0x000000002000000c        0x0 hw_include/libdriver.a(uart_disable_.o)
 .data          0x000000002000000c        0x0 hw_include/libdriver.a(uart_enable_.o)
 .data          0x000000002000000c        0x0 hw_include/libdriver.a(uart_intclear_.o)
 .data          0x000000002000000c        0x0 hw_include/libdriver.a(uart_intdisable_.o)
 .data          0x000000002000000c        0x0 hw_include/libdriver.a(uart_intenable_.o)
 .data          0x000000002000000c        0x0 hw_include/libdriver.a(uart_intstatus_.o)
 .data          0x000000002000000c        0x0 hw_include/libdriver.a(gpio_padconfigset_.o)
 .data          0x000000002000000c        0x0 hw_include/libdriver.a(i2c_masterenable_.o)
 .data          0x000000002000000c        0x0 /usr/lib/gcc/arm-none-eabi/10.3.1/../../../arm-none-eabi/lib/thumb/nofp/libc.a(lib_a-memcpy-stub.o)
 .data          0x000000002000000c        0x0 /usr/lib/gcc/arm-none-eabi/10.3.1/../../../arm-none-eabi/lib/thumb/nofp/libc.a(lib_a-memset.o)
                0x000000002000000c                _edata = .

.igot.plt       0x000000002000000c        0x0 load address 0x0000000000004404
 .igot.plt      0x000000002000000c        0x0 gcc/startup.o

.bss            0x000000002000000c     0x1d8c load address 0x0000000000004404
                0x000000002000000c                _bss = .
 *(.bss)
 .bss           0x000000002000000c      0x100 gcc/startup.o
 .bss           0x000000002000010c        0xc gcc/main.o
                0x0000000020000110                xButtonSemaphore
                0x0000000020000114                xPrintQueue
 .bss           0x0000000020000118        0x0 gcc/list.o
 .bss           0x0000000020000118        0x0 gcc/queue.o
 .bss           0x0000000020000118       0xd8 gcc/tasks.o
                0x0000000020000118                pxCurrentTCB
 .bss           0x00000000200001f0        0x0 gcc/port.o
 .bss           0x00000000200001f0     0x1b60 gcc/heap_1.o
 .bss           0x0000000020001d50       0x1e gcc/BlockQ.o
 *fill*         0x0000000020001d6e        0x2 
 .bss           0x0000000020001d70        0xc gcc/PollQ.o
 .bss           0x0000000020001d7c        0x4 gcc/integer.o
 .bss           0x0000000020001d80       0x14 gcc/semtest.o
 .bss           0x0000000020001d94        0x4 gcc/osram96x16.o
 .bss           0x0000000020001d98        0x0 hw_include/libdriver.a(gpio_dirmodeset_.o)
 .bss           0x0000000020001d98        0x0 hw_include/libdriver.a(gpio_inttypeset_.o)
 .bss           0x0000000020001d98        0x0 hw_include/libdriver.a(gpio_pinintclear_.o)
 .bss           0x0000000020001d98        0x0 hw_include/libdriver.a(gpio_pinintenable_.o)
 .bss           0x0000000020001d98        0x0 hw_include/libdriver.a(gpio_pintypei2c_.o)
 .bss           0x0000000020001d98        0x0 hw_include/libdriver.a(i2c_mastercontrol_.o)
 .bss           0x0000000020001d98        0x0 hw_include/libdriver.a(i2c_masterdataput_.o)
 .bss           0x0000000020001d98        0x0 hw_include/libdriver.a(i2c_masterinit_.o)
 .bss           0x0000000020001d98        0x0 hw_include/libdriver.a(i2c_masterintstatus_.o)
 .bss           0x0000000020001d98        0x0 hw_include/libdriver.a(i2c_masterslaveaddrset_.o)
 .bss           0x0000000020001d98        0x0 hw_include/libdriver.a(interrupt_enable_.o)
 .bss           0x0000000020001d98        0x0 hw_include/libdriver.a(interrupt_priorityset_.o)
 .bss           0x0000000020001d98        0x0 hw_include/libdriver.a(interrupt_pulregs_.o)
 .bss           0x0000000020001d98        0x0 hw_include/libdriver.a(sysctl_clockget_.o)
 .bss           0x0000000020001d98        0x0 hw_include/libdriver.a(sysctl_clockset_.o)
 .bss           0x0000000020001d98        0x0 hw_include/libdriver.a(sysctl_peripheralenable_.o)
 .bss           0x0000000020001d98        0x0 hw_include/libdriver.a(sysctl_pulrcgcregs_.o)
 .bss           0x0000000020001d98        0x0 hw_include/libdriver.a(sysctl_pulxtals_.o)
 .bss           0x0000000020001d98        0x0 hw_include/libdriver.a(uart_configset_.o)
 .bss           0x0000000020001d98        0x0 hw_include/libdriver.a(uart_disable_.o)
 .bss           0x0000000020001d98        0x0 hw_include/libdriver.a(uart_enable_.o)
 .bss           0x0000000020001d98        0x0 hw_include/libdriver.a(uart_intclear_.o)
 .bss           0x0000000020001d98        0x0 hw_include/libdriver.a(uart_intdisable_.o)
 .bss           0x0000000020001d98        0x0 hw_include/libdriver.a(uart_intenable_.o)
 .bss           0x0000000020001d98        0x0 hw_include/libdriver.a(uart_intstatus_.o)
 .bss           0x0000000020001d98        0x0 hw_include/libdriver.a(gpio_padconfigset_.o)
 .bss           0x0000000020001d98        0x0 hw_include/libdriver.a(i2c_masterenable_.o)
 .bss           0x0000000020001d98        0x0 /usr/lib/gcc/arm-none-eabi/10.3.1/../../../arm-none-eabi/lib/thumb/nofp/libc.a(lib_a-memcpy-stub.o)
 .bss           0x0000000020001d98        0x0 /usr/lib/gcc/arm-none-eabi/10.3.1/../../../arm-none-eabi/lib/thumb/nofp/libc.a(lib_a-memset.o)
 *(COMMON)
                0x0000000020001d98                _ebss = .
LOAD gcc/startup.o
LOAD gcc/main.o
LOAD gcc/list.o
LOAD gcc/queue.o
LOAD gcc/tasks.o
LOAD gcc/port.o
LOAD gcc/heap_1.o
LOAD gcc/BlockQ.o
LOAD gcc/PollQ.o
LOAD gcc/integer.o
LOAD gcc/semtest.o
LOAD gcc/osram96x16.o
LOAD hw_include/libdriver.a
LOAD /usr/lib/gcc/arm-none-eabi/10.3.1/../../../arm-none-eabi/lib/thumb/nofp/libc.a
LOAD /usr/lib/gcc/arm-none-eabi/10.3.1/thumb/nofp/libgcc.a
OUTPUT(gcc/RTOSDemo.axf elf32-littlearm)
LOAD linker stubs

.debug_info     0x0000000000000000     0x3dc3
 .debug_info    0x0000000000000000      0x11e gcc/startup.o
 .debug_info    0x000000000000011e      0x2a9 gcc/main.o
 .debug_info    0x00000000000003c7      0x2c1 gcc/list.o
 .debug_info    0x0000000000000688      0xe87 gcc/queue.o
 .debug_info    0x000000000000150f     0x14fb gcc/tasks.o
 .debug_info    0x0000000000002a0a      0x2d1 gcc/port.o
 .debug_info    0x0000000000002cdb      0x16f gcc/heap_1.o
 .debug_info    0x0000000000002e4a      0x34f gcc/BlockQ.o
 .debug_info    0x0000000000003199      0x21f gcc/PollQ.o
 .debug_info    0x00000000000033b8      0x19a gcc/integer.o
 .debug_info    0x0000000000003552      0x2b4 gcc/semtest.o
 .debug_info    0x0000000000003806      0x324 gcc/osram96x16.o
 .debug_info    0x0000000000003b2a      0x15c /usr/lib/gcc/arm-none-eabi/10.3.1/../../../arm-none-eabi/lib/thumb/nofp/libc.a(lib_a-memcpy-stub.o)
 .debug_info    0x0000000000003c86      0x13d /usr/lib/gcc/arm-none-eabi/10.3.1/../../../arm-none-eabi/lib/thumb/nofp/libc.a(lib_a-memset.o)

.debug_abbrev   0x0000000000000000     0x10a1
 .debug_abbrev  0x0000000000000000       0xb3 gcc/startup.o
 .debug_abbrev  0x00000000000000b3      0x13b gcc/main.o
 .debug_abbrev  0x00000000000001ee       0xef gcc/list.o
 .debug_abbrev  0x00000000000002dd      0x1f4 gcc/queue.o
 .debug_abbrev  0x00000000000004d1      0x29c gcc/tasks.o
 .debug_abbrev  0x000000000000076d      0x1e3 gcc/port.o
 .debug_abbrev  0x0000000000000950       0xfc gcc/heap_1.o
 .debug_abbrev  0x0000000000000a4c      0x119 gcc/BlockQ.o
 .debug_abbrev  0x0000000000000b65       0xcd gcc/PollQ.o
 .debug_abbrev  0x0000000000000c32       0xdf gcc/integer.o
 .debug_abbrev  0x0000000000000d11      0x119 gcc/semtest.o
 .debug_abbrev  0x0000000000000e2a       0xfc gcc/osram96x16.o
 .debug_abbrev  0x0000000000000f26       0xc7 /usr/lib/gcc/arm-none-eabi/10.3.1/../../../arm-none-eabi/lib/thumb/nofp/libc.a(lib_a-memcpy-stub.o)
 .debug_abbrev  0x0000000000000fed       0xb4 /usr/lib/gcc/arm-none-eabi/10.3.1/../../../arm-none-eabi/lib/thumb/nofp/libc.a(lib_a-memset.o)

.debug_aranges  0x0000000000000000      0x1c0
 .debug_aranges
                0x0000000000000000       0x20 gcc/startup.o
 .debug_aranges
                0x0000000000000020       0x20 gcc/main.o
 .debug_aranges
                0x0000000000000040       0x20 gcc/list.o
 .debug_aranges
                0x0000000000000060       0x20 gcc/queue.o
 .debug_aranges
                0x0000000000000080       0x20 gcc/tasks.o
 .debug_aranges
                0x00000000000000a0       0x20 gcc/port.o
 .debug_aranges
                0x00000000000000c0       0x20 gcc/heap_1.o
 .debug_aranges
                0x00000000000000e0       0x20 gcc/BlockQ.o
 .debug_aranges
                0x0000000000000100       0x20 gcc/PollQ.o
 .debug_aranges
                0x0000000000000120       0x20 gcc/integer.o
 .debug_aranges
                0x0000000000000140       0x20 gcc/semtest.o
 .debug_aranges
                0x0000000000000160       0x20 gcc/osram96x16.o
 .debug_aranges
                0x0000000000000180       0x20 /usr/lib/gcc/arm-none-eabi/10.3.1/../../../arm-none-eabi/lib/thumb/nofp/libc.a(lib_a-memcpy-stub.o)
 .debug_aranges
                0x00000000000001a0       0x20 /usr/lib/gcc/arm-none-eabi/10.3.1/../../../arm-none-eabi/lib/thumb/nofp/libc.a(lib_a-memset.o)

.debug_line     0x0000000000000000     0x2618
 .debug_line    0x0000000000000000       0x85 gcc/startup.o
 .debug_line    0x0000000000000085      0x21c gcc/main.o
 .debug_line    0x00000000000002a1      0x1a8 gcc/list.o
 .debug_line    0x0000000000000449      0x7b8 gcc/queue.o
 .debug_line    0x0000000000000c01      0x987 gcc/tasks.o
 .debug_line    0x0000000000001588      0x20b gcc/port.o
 .debug_line    0x0000000000001793      0x101 gcc/heap_1.o
 .debug_line    0x0000000000001894      0x20c gcc/BlockQ.o
 .debug_line    0x0000000000001aa0      0x1ac gcc/PollQ.o
 .debug_line    0x0000000000001c4c      0x143 gcc/integer.o
 .debug_line    0x0000000000001d8f      0x229 gcc/semtest.o
 .debug_line    0x0000000000001fb8      0x2e5 gcc/osram96x16.o
 .debug_line    0x000000000000229d      0x1ad /usr/lib/gcc/arm-none-eabi/10.3.1/../../../arm-none-eabi/lib/thumb/nofp/libc.a(lib_a-memcpy-stub.o)
 .debug_line    0x000000000000244a      0x1ce /usr/lib/gcc/arm-none-eabi/10.3.1/../../../arm-none-eabi/lib/thumb/nofp/libc.a(lib_a-memset.o)

.debug_str      0x0000000000000000     0x1aac
 .debug_str     0x0000000000000000      0x122 gcc/startup.o
                                        0x141 (size before relaxing)
 .debug_str     0x0000000000000122      0x1b4 gcc/main.o
                                        0x2ca (size before relaxing)
 .debug_str     0x00000000000002d6      0x131 gcc/list.o
                                        0x2a1 (size before relaxing)
 .debug_str     0x0000000000000407      0x494 gcc/queue.o
                                        0x6f4 (size before relaxing)
 .debug_str     0x000000000000089b      0x890 gcc/tasks.o
                                        0xbc5 (size before relaxing)
 .debug_str     0x000000000000112b      0x122 gcc/port.o
                                        0x305 (size before relaxing)
 .debug_str     0x000000000000124d       0xa2 gcc/heap_1.o
                                        0x1ff (size before relaxing)
 .debug_str     0x00000000000012ef      0x215 gcc/BlockQ.o
                                        0x3db (size before relaxing)
 .debug_str     0x0000000000001504       0xbf gcc/PollQ.o
                                        0x2be (size before relaxing)
 .debug_str     0x00000000000015c3       0x95 gcc/integer.o
                                        0x239 (size before relaxing)
 .debug_str     0x0000000000001658      0x146 gcc/semtest.o
                                        0x352 (size before relaxing)
 .debug_str     0x000000000000179e      0x12c gcc/osram96x16.o
                                        0x218 (size before relaxing)
 .debug_str     0x00000000000018ca      0x142 /usr/lib/gcc/arm-none-eabi/10.3.1/../../../arm-none-eabi/lib/thumb/nofp/libc.a(lib_a-memcpy-stub.o)
                                        0x1de (size before relaxing)
 .debug_str     0x0000000000001a0c       0xa0 /usr/lib/gcc/arm-none-eabi/10.3.1/../../../arm-none-eabi/lib/thumb/nofp/libc.a(lib_a-memset.o)
                                        0x1b9 (size before relaxing)

.comment        0x0000000000000000      0x3c9
 .comment       0x0000000000000000       0x33 gcc/startup.o
                                         0x34 (size before relaxing)
 .comment       0x0000000000000033       0x34 gcc/main.o
 .comment       0x0000000000000033       0x34 gcc/list.o
 .comment       0x0000000000000033       0x34 gcc/queue.o
 .comment       0x0000000000000033       0x34 gcc/tasks.o
 .comment       0x0000000000000033       0x34 gcc/port.o
 .comment       0x0000000000000033       0x34 gcc/heap_1.o
 .comment       0x0000000000000033       0x34 gcc/BlockQ.o
 .comment       0x0000000000000033       0x34 gcc/PollQ.o
 .comment       0x0000000000000033       0x34 gcc/integer.o
 .comment       0x0000000000000033       0x34 gcc/semtest.o
 .comment       0x0000000000000033       0x34 gcc/osram96x16.o
 .comment       0x0000000000000033       0x22 hw_include/libdriver.a(gpio_dirmodeset_.o)
 .comment       0x0000000000000055       0x22 hw_include/libdriver.a(gpio_inttypeset_.o)
 .comment       0x0000000000000077       0x22 hw_include/libdriver.a(gpio_pinintclear_.o)
 .comment       0x0000000000000099       0x22 hw_include/libdriver.a(gpio_pinintenable_.o)
 .comment       0x00000000000000bb       0x22 hw_include/libdriver.a(gpio_pintypei2c_.o)
 .comment       0x00000000000000dd       0x22 hw_include/libdriver.a(i2c_mastercontrol_.o)
 .comment       0x00000000000000ff       0x22 hw_include/libdriver.a(i2c_masterdataput_.o)
 .comment       0x0000000000000121       0x22 hw_include/libdriver.a(i2c_masterinit_.o)
 .comment       0x0000000000000143       0x22 hw_include/libdriver.a(i2c_masterintstatus_.o)
 .comment       0x0000000000000165       0x22 hw_include/libdriver.a(i2c_masterslaveaddrset_.o)
 .comment       0x0000000000000187       0x22 hw_include/libdriver.a(interrupt_enable_.o)
 .comment       0x00000000000001a9       0x22 hw_include/libdriver.a(interrupt_priorityset_.o)
 .comment       0x00000000000001cb       0x22 hw_include/libdriver.a(interrupt_pulregs_.o)
 .comment       0x00000000000001ed       0x22 hw_include/libdriver.a(sysctl_clockget_.o)
 .comment       0x000000000000020f       0x22 hw_include/libdriver.a(sysctl_clockset_.o)
 .comment       0x0000000000000231       0x22 hw_include/libdriver.a(sysctl_peripheralenable_.o)
 .comment       0x0000000000000253       0x22 hw_include/libdriver.a(sysctl_pulrcgcregs_.o)
 .comment       0x0000000000000275       0x22 hw_include/libdriver.a(sysctl_pulxtals_.o)
 .comment       0x0000000000000297       0x22 hw_include/libdriver.a(uart_configset_.o)
 .comment       0x00000000000002b9       0x22 hw_include/libdriver.a(uart_disable_.o)
 .comment       0x00000000000002db       0x22 hw_include/libdriver.a(uart_enable_.o)
 .comment       0x00000000000002fd       0x22 hw_include/libdriver.a(uart_intclear_.o)
 .comment       0x000000000000031f       0x22 hw_include/libdriver.a(uart_intdisable_.o)
 .comment       0x0000000000000341       0x22 hw_include/libdriver.a(uart_intenable_.o)
 .comment       0x0000000000000363       0x22 hw_include/libdriver.a(uart_intstatus_.o)
 .comment       0x0000000000000385       0x22 hw_include/libdriver.a(gpio_padconfigset_.o)
 .comment       0x00000000000003a7       0x22 hw_include/libdriver.a(i2c_masterenable_.o)
 .comment       0x00000000000003c9       0x34 /usr/lib/gcc/arm-none-eabi/10.3.1/../../../arm-none-eabi/lib/thumb/nofp/libc.a(lib_a-memcpy-stub.o)
 .comment       0x00000000000003c9       0x34 /usr/lib/gcc/arm-none-eabi/10.3.1/../../../arm-none-eabi/lib/thumb/nofp/libc.a(lib_a-memset.o)

.ARM.attributes
                0x0000000000000000       0x2f
 .ARM.attributes
                0x0000000000000000       0x2d gcc/startup.o
 .ARM.attributes
                0x000000000000002d       0x2d gcc/main.o
 .ARM.attributes
                0x000000000000005a       0x2d gcc/list.o
 .ARM.attributes
                0x0000000000000087       0x2d gcc/queue.o
 .ARM.attributes
                0x00000000000000b4       0x2d gcc/tasks.o
 .ARM.attributes
                0x00000000000000e1       0x2d gcc/port.o
 .ARM.attributes
                0x000000000000010e       0x2d gcc/heap_1.o
 .ARM.attributes
                0x000000000000013b       0x2d gcc/BlockQ.o
 .ARM.attributes
                0x0000000000000168       0x2d gcc/PollQ.o
 .ARM.attributes
                0x0000000000000195       0x2d gcc/integer.o
 .ARM.attributes
                0x00000000000001c2       0x2d gcc/semtest.o
 .ARM.attributes
                0x00000000000001ef       0x2d gcc/osram96x16.o
 .ARM.attributes
                0x000000000000021c       0x31 hw_include/libdriver.a(gpio_dirmodeset_.o)
 .ARM.attributes
                0x000000000000024d       0x31 hw_include/libdriver.a(gpio_inttypeset_.o)
 .ARM.attributes
                0x000000000000027e       0x31 hw_include/libdriver.a(gpio_pinintclear_.o)
 .ARM.attributes
                0x00000000000002af       0x31 hw_include/libdriver.a(gpio_pinintenable_.o)
 .ARM.attributes
                0x00000000000002e0       0x31 hw_include/libdriver.a(gpio_pintypei2c_.o)
 .ARM.attributes
                0x0000000000000311       0x31 hw_include/libdriver.a(i2c_mastercontrol_.o)
 .ARM.attributes
                0x0000000000000342       0x31 hw_include/libdriver.a(i2c_masterdataput_.o)
 .ARM.attributes
                0x0000000000000373       0x31 hw_include/libdriver.a(i2c_masterinit_.o)
 .ARM.attributes
                0x00000000000003a4       0x31 hw_include/libdriver.a(i2c_masterintstatus_.o)
 .ARM.attributes
                0x00000000000003d5       0x31 hw_include/libdriver.a(i2c_masterslaveaddrset_.o)
 .ARM.attributes
                0x0000000000000406       0x31 hw_include/libdriver.a(interrupt_enable_.o)
 .ARM.attributes
                0x0000000000000437       0x31 hw_include/libdriver.a(interrupt_priorityset_.o)
 .ARM.attributes
                0x0000000000000468       0x2f hw_include/libdriver.a(interrupt_pulregs_.o)
 .ARM.attributes
                0x0000000000000497       0x31 hw_include/libdriver.a(sysctl_clockget_.o)
 .ARM.attributes
                0x00000000000004c8       0x31 hw_include/libdriver.a(sysctl_clockset_.o)
 .ARM.attributes
                0x00000000000004f9       0x31 hw_include/libdriver.a(sysctl_peripheralenable_.o)
 .ARM.attributes
                0x000000000000052a       0x2f hw_include/libdriver.a(sysctl_pulrcgcregs_.o)
 .ARM.attributes
                0x0000000000000559       0x2f hw_include/libdriver.a(sysctl_pulxtals_.o)
 .ARM.attributes
                0x0000000000000588       0x31 hw_include/libdriver.a(uart_configset_.o)
 .ARM.attributes
                0x00000000000005b9       0x31 hw_include/libdriver.a(uart_disable_.o)
 .ARM.attributes
                0x00000000000005ea       0x31 hw_include/libdriver.a(uart_enable_.o)
 .ARM.attributes
                0x000000000000061b       0x31 hw_include/libdriver.a(uart_intclear_.o)
 .ARM.attributes
                0x000000000000064c       0x31 hw_include/libdriver.a(uart_intdisable_.o)
 .ARM.attributes
                0x000000000000067d       0x31 hw_include/libdriver.a(uart_intenable_.o)
 .ARM.attributes
                0x00000000000006ae       0x31 hw_include/libdriver.a(uart_intstatus_.o)
 .ARM.attributes
                0x00000000000006df       0x31 hw_include/libdriver.a(gpio_padconfigset_.o)
 .ARM.attributes
                0x0000000000000710       0x31 hw_include/libdriver.a(i2c_masterenable_.o)
 .ARM.attributes
                0x0000000000000741       0x2a /usr/lib/gcc/arm-none-eabi/10.3.1/../../../arm-none-eabi/lib/thumb/nofp/libc.a(lib_a-memcpy-stub.o)
 .ARM.attributes
                0x000000000000076b       0x2a /usr/lib/gcc/arm-none-eabi/10.3.1/../../../arm-none-eabi/lib/thumb/nofp/libc.a(lib_a-memset.o)

.debug_frame    0x0000000000000000     0x1118
 .debug_frame   0x0000000000000000       0x7c gcc/startup.o
 .debug_frame   0x000000000000007c       0xf8 gcc/main.o
 .debug_frame   0x0000000000000174       0xd8 gcc/list.o
 .debug_frame   0x000000000000024c      0x334 gcc/queue.o
 .debug_frame   0x0000000000000580      0x580 gcc/tasks.o
 .debug_frame   0x0000000000000b00      0x160 gcc/port.o
 .debug_frame   0x0000000000000c60       0x9c gcc/heap_1.o
 .debug_frame   0x0000000000000cfc       0xa0 gcc/BlockQ.o
 .debug_frame   0x0000000000000d9c       0x9c gcc/PollQ.o
 .debug_frame   0x0000000000000e38       0x7c gcc/integer.o
 .debug_frame   0x0000000000000eb4       0x80 gcc/semtest.o
 .debug_frame   0x0000000000000f34      0x180 gcc/osram96x16.o
 .debug_frame   0x00000000000010b4       0x34 /usr/lib/gcc/arm-none-eabi/10.3.1/../../../arm-none-eabi/lib/thumb/nofp/libc.a(lib_a-memcpy-stub.o)
 .debug_frame   0x00000000000010e8       0x30 /usr/lib/gcc/arm-none-eabi/10.3.1/../../../arm-none-eabi/lib/thumb/nofp/libc.a(lib_a-memset.o)

.debug_loc      0x0000000000000000      0x70f
 .debug_loc     0x0000000000000000      0x46c /usr/lib/gcc/arm-none-eabi/10.3.1/../../../arm-none-eabi/lib/thumb/nofp/libc.a(lib_a-memcpy-stub.o)
 .debug_loc     0x000000000000046c      0x2a3 /usr/lib/gcc/arm-none-eabi/10.3.1/../../../arm-none-eabi/lib/thumb/nofp/libc.a(lib_a-memset.o)
