Archive member included to satisfy reference by file (symbol)

hw_include/libdriver.a(gpio_dirmodeset_.o)
                              gcc/main.o (GPIODirModeSet)
hw_include/libdriver.a(gpio_inttypeset_.o)
                              gcc/main.o (GPIOIntTypeSet)
hw_include/libdriver.a(gpio_pinintenable_.o)
                              gcc/main.o (GPIOPinIntEnable)
hw_include/libdriver.a(gpio_pintypei2c_.o)
                              gcc/osram96x16.o (GPIOPinTypeI2C)
hw_include/libdriver.a(i2c_mastercontrol_.o)
                              gcc/osram96x16.o (I2CMasterControl)
hw_include/libdriver.a(i2c_masterdataput_.o)
                              gcc/osram96x16.o (I2CMasterDataPut)
hw_include/libdriver.a(i2c_masterinit_.o)
                              gcc/osram96x16.o (I2CMasterInit)
hw_include/libdriver.a(i2c_masterintstatus_.o)
                              gcc/osram96x16.o (I2CMasterIntStatus)
hw_include/libdriver.a(i2c_masterslaveaddrset_.o)
                              gcc/osram96x16.o (I2CMasterSlaveAddrSet)
hw_include/libdriver.a(interrupt_enable_.o)
                              gcc/main.o (IntEnable)
hw_include/libdriver.a(interrupt_priorityset_.o)
                              gcc/main.o (IntPrioritySet)
hw_include/libdriver.a(interrupt_pulregs_.o)
                              hw_include/libdriver.a(interrupt_priorityset_.o) (g_pulRegs)
hw_include/libdriver.a(sysctl_clockget_.o)
                              hw_include/libdriver.a(i2c_masterinit_.o) (SysCtlClockGet)
hw_include/libdriver.a(sysctl_clockset_.o)
                              gcc/main.o (SysCtlClockSet)
hw_include/libdriver.a(sysctl_peripheralenable_.o)
                              gcc/main.o (SysCtlPeripheralEnable)
hw_include/libdriver.a(sysctl_pulrcgcregs_.o)
                              hw_include/libdriver.a(sysctl_peripheralenable_.o) (g_pulRCGCRegs)
hw_include/libdriver.a(sysctl_pulxtals_.o)
                              hw_include/libdriver.a(sysctl_clockget_.o) (g_pulXtals)
hw_include/libdriver.a(uart_configset_.o)
                              gcc/main.o (UARTConfigSet)
hw_include/libdriver.a(uart_disable_.o)
                              hw_include/libdriver.a(uart_configset_.o) (UARTDisable)
hw_include/libdriver.a(uart_enable_.o)
                              hw_include/libdriver.a(uart_configset_.o) (UARTEnable)
hw_include/libdriver.a(gpio_padconfigset_.o)
                              hw_include/libdriver.a(gpio_pintypei2c_.o) (GPIOPadConfigSet)
hw_include/libdriver.a(i2c_masterenable_.o)
                              hw_include/libdriver.a(i2c_masterinit_.o) (I2CMasterEnable)
/usr/lib/gcc/arm-none-eabi/10.3.1/../../../arm-none-eabi/lib/thumb/nofp/libc.a(lib_a-memcpy-stub.o)
                              gcc/queue.o (memcpy)
/usr/lib/gcc/arm-none-eabi/10.3.1/../../../arm-none-eabi/lib/thumb/nofp/libc.a(lib_a-memmove.o)
                              gcc/main.o (memmove)
/usr/lib/gcc/arm-none-eabi/10.3.1/../../../arm-none-eabi/lib/thumb/nofp/libc.a(lib_a-memset.o)
                              gcc/main.o (memset)

Memory Configuration

Name             Origin             Length             Attributes
FLASH            0x0000000000000000 0x0000000000010000 xr
SRAM             0x0000000020000000 0x0000000000002000 xrw
*default*        0x0000000000000000 0xffffffffffffffff

Linker script and memory map


.text           0x0000000000000000     0x331c
 *(.isr_vector)
 .isr_vector    0x0000000000000000       0xb8 gcc/startup.o
                0x0000000000000000                g_pfnVectors
 *(.text*)
 .text          0x00000000000000b8       0x10 gcc/startup.o
                0x00000000000000c4                ResetISR
 .text          0x00000000000000c8      0x11c gcc/main.o
                0x00000000000001a4                setN
                0x00000000000001b0                getN
                0x00000000000001bc                updateArray
                0x00000000000001d8                vUART_ISR
                0x00000000000001dc                setupTimer0
                0x00000000000001e0                getTimerTicks
 .text.startup  0x00000000000001e4      0x134 gcc/main.o
                0x00000000000001e4                main
 .text          0x0000000000000318       0x90 gcc/list.o
                0x0000000000000318                vListInitialise
                0x0000000000000330                vListInitialiseItem
                0x0000000000000338                vListInsertEnd
                0x0000000000000354                vListInsert
                0x0000000000000384                uxListRemove
 .text          0x00000000000003a8      0x860 gcc/queue.o
                0x0000000000000494                xQueueGenericReset
                0x0000000000000518                xQueueGenericCreate
                0x0000000000000564                xQueueGenericSend
                0x0000000000000678                xQueueGenericSendFromISR
                0x00000000000006f8                xQueueGiveFromISR
                0x0000000000000774                xQueueReceive
                0x000000000000089c                xQueueSemaphoreTake
                0x00000000000009ac                xQueuePeek
                0x0000000000000acc                xQueueReceiveFromISR
                0x0000000000000b60                xQueuePeekFromISR
                0x0000000000000ba8                uxQueueMessagesWaiting
                0x0000000000000bbc                uxQueueSpacesAvailable
                0x0000000000000bd4                uxQueueMessagesWaitingFromISR
                0x0000000000000bd8                vQueueDelete
                0x0000000000000bdc                uxQueueGetQueueNumber
                0x0000000000000be0                vQueueSetQueueNumber
                0x0000000000000be4                ucQueueGetQueueType
                0x0000000000000bec                xQueueIsQueueEmptyFromISR
                0x0000000000000bf8                xQueueIsQueueFullFromISR
 .text          0x0000000000000c08     0x1010 gcc/tasks.o
                0x0000000000000dac                xTaskCreate
                0x0000000000000f50                eTaskGetState
                0x0000000000000f84                vTaskStartScheduler
                0x0000000000000fe8                vTaskEndScheduler
                0x0000000000001008                vTaskSuspendAll
                0x000000000000101c                xTaskResumeAll
                0x0000000000001168                xTaskDelayUntil
                0x00000000000011c0                vTaskDelay
                0x00000000000011f8                xTaskGetTickCount
                0x0000000000001204                xTaskGetTickCountFromISR
                0x0000000000001210                uxTaskGetNumberOfTasks
                0x000000000000121c                pcTaskGetName
                0x0000000000001230                xTaskCatchUpTicks
                0x0000000000001260                xTaskIncrementTick
                0x000000000000127c                vTaskSwitchContext
                0x00000000000012f8                vTaskPlaceOnEventList
                0x0000000000001314                vTaskPlaceOnUnorderedEventList
                0x000000000000135c                xTaskRemoveFromEventList
                0x0000000000001424                vTaskRemoveFromUnorderedEventList
                0x00000000000014b8                vTaskSetTimeOutState
                0x00000000000014d8                vTaskInternalSetTimeOutState
                0x00000000000014e8                xTaskCheckForTimeOut
                0x0000000000001538                vTaskMissedYield
                0x0000000000001548                uxTaskGetTaskNumber
                0x0000000000001550                vTaskSetTaskNumber
                0x0000000000001558                vTaskGetInfo
                0x0000000000001654                uxTaskGetSystemState
                0x00000000000016f8                uxTaskGetStackHighWaterMark
                0x000000000000172c                xTaskGetCurrentTaskHandle
                0x0000000000001738                uxTaskResetEventItemValue
                0x0000000000001750                ulTaskGenericNotifyTake
                0x00000000000017e0                xTaskGenericNotifyWait
                0x0000000000001888                xTaskGenericNotify
                0x0000000000001988                xTaskGenericNotifyFromISR
                0x0000000000001ac8                vTaskGenericNotifyGiveFromISR
                0x0000000000001bb4                xTaskGenericNotifyStateClear
                0x0000000000001be8                ulTaskGenericNotifyValueClear
 *fill*         0x0000000000001c18        0x8 
 .text          0x0000000000001c20      0x1ac gcc/port.o
                0x0000000000001c60                pxPortInitialiseStack
                0x0000000000001c84                vPortSVCHandler
                0x0000000000001cb4                vPortEndScheduler
                0x0000000000001cb8                vPortEnterCritical
                0x0000000000001cd8                vPortExitCritical
                0x0000000000001cec                xPortPendSVHandler
                0x0000000000001d34                xPortSysTickHandler
                0x0000000000001d60                vPortSetupTimerInterrupt
                0x0000000000001d78                xPortStartScheduler
 .text          0x0000000000001dcc       0x8c gcc/heap_1.o
                0x0000000000001dcc                pvPortMalloc
                0x0000000000001e38                vPortFree
                0x0000000000001e3c                vPortInitialiseBlocks
                0x0000000000001e48                xPortGetFreeHeapSize
 .text          0x0000000000001e58      0x200 gcc/BlockQ.o
                0x0000000000001ed0                vStartBlockingQueueTasks
                0x000000000000200c                xAreBlockingQueuesStillRunning
 .text          0x0000000000002058      0x128 gcc/PollQ.o
                0x0000000000002110                vStartPolledQueueTasks
                0x0000000000002164                xArePollingQueuesStillRunning
 .text          0x0000000000002180       0x9c gcc/integer.o
                0x00000000000021e0                vStartIntegerMathTasks
                0x0000000000002208                xAreIntegerMathsTaskStillRunning
 .text          0x000000000000221c      0x1d8 gcc/semtest.o
                0x00000000000022ec                vStartSemaphoreTasks
                0x00000000000023c0                xAreSemaphoreTasksStillRunning
 .text          0x00000000000023f4      0x4c0 gcc/osram96x16.o
                0x0000000000002534                OSRAMClear
                0x00000000000025a4                OSRAMStringDraw
                0x00000000000026ac                OSRAMImageDraw
                0x0000000000002752                OSRAMInit
                0x0000000000002814                OSRAMDisplayOn
                0x0000000000002888                OSRAMDisplayOff
 .text          0x00000000000028b4       0x48 hw_include/libdriver.a(gpio_dirmodeset_.o)
                0x00000000000028b4                GPIODirModeSet
 .text          0x00000000000028fc       0x74 hw_include/libdriver.a(gpio_inttypeset_.o)
                0x00000000000028fc                GPIOIntTypeSet
 .text          0x0000000000002970        0xc hw_include/libdriver.a(gpio_pinintenable_.o)
                0x0000000000002970                GPIOPinIntEnable
 .text          0x000000000000297c       0x20 hw_include/libdriver.a(gpio_pintypei2c_.o)
                0x000000000000297c                GPIOPinTypeI2C
 .text          0x000000000000299c        0x4 hw_include/libdriver.a(i2c_mastercontrol_.o)
                0x000000000000299c                I2CMasterControl
 .text          0x00000000000029a0        0x4 hw_include/libdriver.a(i2c_masterdataput_.o)
                0x00000000000029a0                I2CMasterDataPut
 .text          0x00000000000029a4       0x34 hw_include/libdriver.a(i2c_masterinit_.o)
                0x00000000000029a4                I2CMasterInit
 .text          0x00000000000029d8       0x18 hw_include/libdriver.a(i2c_masterintstatus_.o)
                0x00000000000029d8                I2CMasterIntStatus
 .text          0x00000000000029f0        0x8 hw_include/libdriver.a(i2c_masterslaveaddrset_.o)
                0x00000000000029f0                I2CMasterSlaveAddrSet
 .text          0x00000000000029f8       0x5c hw_include/libdriver.a(interrupt_enable_.o)
                0x00000000000029f8                IntEnable
 .text          0x0000000000002a54       0x30 hw_include/libdriver.a(interrupt_priorityset_.o)
                0x0000000000002a54                IntPrioritySet
 .text          0x0000000000002a84        0x0 hw_include/libdriver.a(interrupt_pulregs_.o)
 .text          0x0000000000002a84       0x90 hw_include/libdriver.a(sysctl_clockget_.o)
                0x0000000000002a84                SysCtlClockGet
 .text          0x0000000000002b14       0xcc hw_include/libdriver.a(sysctl_clockset_.o)
                0x0000000000002b14                SysCtlClockSet
 .text          0x0000000000002be0       0x1c hw_include/libdriver.a(sysctl_peripheralenable_.o)
                0x0000000000002be0                SysCtlPeripheralEnable
 .text          0x0000000000002bfc        0x0 hw_include/libdriver.a(sysctl_pulrcgcregs_.o)
 .text          0x0000000000002bfc        0x0 hw_include/libdriver.a(sysctl_pulxtals_.o)
 .text          0x0000000000002bfc       0x38 hw_include/libdriver.a(uart_configset_.o)
                0x0000000000002bfc                UARTConfigSet
 .text          0x0000000000002c34       0x24 hw_include/libdriver.a(uart_disable_.o)
                0x0000000000002c34                UARTDisable
 .text          0x0000000000002c58       0x18 hw_include/libdriver.a(uart_enable_.o)
                0x0000000000002c58                UARTEnable
 .text          0x0000000000002c70      0x11c hw_include/libdriver.a(gpio_padconfigset_.o)
                0x0000000000002c70                GPIOPadConfigSet
 .text          0x0000000000002d8c        0xc hw_include/libdriver.a(i2c_masterenable_.o)
                0x0000000000002d8c                I2CMasterEnable
 .text          0x0000000000002d98       0xa8 /usr/lib/gcc/arm-none-eabi/10.3.1/../../../arm-none-eabi/lib/thumb/nofp/libc.a(lib_a-memcpy-stub.o)
                0x0000000000002d98                memcpy
 .text          0x0000000000002e40       0xbc /usr/lib/gcc/arm-none-eabi/10.3.1/../../../arm-none-eabi/lib/thumb/nofp/libc.a(lib_a-memmove.o)
                0x0000000000002e40                memmove
 .text          0x0000000000002efc       0xb0 /usr/lib/gcc/arm-none-eabi/10.3.1/../../../arm-none-eabi/lib/thumb/nofp/libc.a(lib_a-memset.o)
                0x0000000000002efc                memset
 *(.rodata*)
 .rodata.str1.4
                0x0000000000002fac       0x34 gcc/main.o
 .rodata.str1.4
                0x0000000000002fe0        0x5 gcc/tasks.o
 *fill*         0x0000000000002fe5        0x3 
 .rodata.str1.4
                0x0000000000002fe8       0x30 gcc/BlockQ.o
 .rodata.str1.4
                0x0000000000003018       0x10 gcc/PollQ.o
 .rodata.str1.4
                0x0000000000003028        0x8 gcc/integer.o
 .rodata.str1.4
                0x0000000000003030       0x20 gcc/semtest.o
 .rodata        0x0000000000003050      0x25e gcc/osram96x16.o
 *fill*         0x00000000000032ae        0x2 
 .rodata        0x00000000000032b0       0x30 hw_include/libdriver.a(interrupt_pulregs_.o)
                0x00000000000032b0                g_pulRegs
 .rodata        0x00000000000032e0        0xc hw_include/libdriver.a(sysctl_pulrcgcregs_.o)
                0x00000000000032e0                g_pulRCGCRegs
 .rodata        0x00000000000032ec       0x30 hw_include/libdriver.a(sysctl_pulxtals_.o)
                0x00000000000032ec                g_pulXtals
                0x000000000000331c                _etext = .

.glue_7         0x000000000000331c        0x0
 .glue_7        0x000000000000331c        0x0 linker stubs

.glue_7t        0x000000000000331c        0x0
 .glue_7t       0x000000000000331c        0x0 linker stubs

.vfp11_veneer   0x000000000000331c        0x0
 .vfp11_veneer  0x000000000000331c        0x0 linker stubs

.v4_bx          0x000000000000331c        0x0
 .v4_bx         0x000000000000331c        0x0 linker stubs

.iplt           0x000000000000331c        0x0
 .iplt          0x000000000000331c        0x0 gcc/startup.o

.rel.dyn        0x000000000000331c        0x0
 .rel.iplt      0x000000000000331c        0x0 gcc/startup.o

.data           0x0000000020000000        0x8 load address 0x000000000000331c
                0x0000000020000000                _data = .
 *(vtable)
 *(.data)
 .data          0x0000000020000000        0x0 gcc/startup.o
 .data          0x0000000020000000        0x0 gcc/main.o
 .data          0x0000000020000000        0x0 gcc/list.o
 .data          0x0000000020000000        0x0 gcc/queue.o
 .data          0x0000000020000000        0x4 gcc/tasks.o
                0x0000000020000000                uxTopUsedPriority
 .data          0x0000000020000004        0x4 gcc/port.o
 .data          0x0000000020000008        0x0 gcc/heap_1.o
 .data          0x0000000020000008        0x0 gcc/BlockQ.o
 .data          0x0000000020000008        0x0 gcc/PollQ.o
 .data          0x0000000020000008        0x0 gcc/integer.o
 .data          0x0000000020000008        0x0 gcc/semtest.o
 .data          0x0000000020000008        0x0 gcc/osram96x16.o
 .data          0x0000000020000008        0x0 hw_include/libdriver.a(gpio_dirmodeset_.o)
 .data          0x0000000020000008        0x0 hw_include/libdriver.a(gpio_inttypeset_.o)
 .data          0x0000000020000008        0x0 hw_include/libdriver.a(gpio_pinintenable_.o)
 .data          0x0000000020000008        0x0 hw_include/libdriver.a(gpio_pintypei2c_.o)
 .data          0x0000000020000008        0x0 hw_include/libdriver.a(i2c_mastercontrol_.o)
 .data          0x0000000020000008        0x0 hw_include/libdriver.a(i2c_masterdataput_.o)
 .data          0x0000000020000008        0x0 hw_include/libdriver.a(i2c_masterinit_.o)
 .data          0x0000000020000008        0x0 hw_include/libdriver.a(i2c_masterintstatus_.o)
 .data          0x0000000020000008        0x0 hw_include/libdriver.a(i2c_masterslaveaddrset_.o)
 .data          0x0000000020000008        0x0 hw_include/libdriver.a(interrupt_enable_.o)
 .data          0x0000000020000008        0x0 hw_include/libdriver.a(interrupt_priorityset_.o)
 .data          0x0000000020000008        0x0 hw_include/libdriver.a(interrupt_pulregs_.o)
 .data          0x0000000020000008        0x0 hw_include/libdriver.a(sysctl_clockget_.o)
 .data          0x0000000020000008        0x0 hw_include/libdriver.a(sysctl_clockset_.o)
 .data          0x0000000020000008        0x0 hw_include/libdriver.a(sysctl_peripheralenable_.o)
 .data          0x0000000020000008        0x0 hw_include/libdriver.a(sysctl_pulrcgcregs_.o)
 .data          0x0000000020000008        0x0 hw_include/libdriver.a(sysctl_pulxtals_.o)
 .data          0x0000000020000008        0x0 hw_include/libdriver.a(uart_configset_.o)
 .data          0x0000000020000008        0x0 hw_include/libdriver.a(uart_disable_.o)
 .data          0x0000000020000008        0x0 hw_include/libdriver.a(uart_enable_.o)
 .data          0x0000000020000008        0x0 hw_include/libdriver.a(gpio_padconfigset_.o)
 .data          0x0000000020000008        0x0 hw_include/libdriver.a(i2c_masterenable_.o)
 .data          0x0000000020000008        0x0 /usr/lib/gcc/arm-none-eabi/10.3.1/../../../arm-none-eabi/lib/thumb/nofp/libc.a(lib_a-memcpy-stub.o)
 .data          0x0000000020000008        0x0 /usr/lib/gcc/arm-none-eabi/10.3.1/../../../arm-none-eabi/lib/thumb/nofp/libc.a(lib_a-memmove.o)
 .data          0x0000000020000008        0x0 /usr/lib/gcc/arm-none-eabi/10.3.1/../../../arm-none-eabi/lib/thumb/nofp/libc.a(lib_a-memset.o)
                0x0000000020000008                _edata = .

.igot.plt       0x0000000020000008        0x0 load address 0x0000000000003324
 .igot.plt      0x0000000020000008        0x0 gcc/startup.o

.bss            0x0000000020000008     0x15c8 load address 0x0000000000003324
                0x0000000020000008                _bss = .
 *(.bss)
 .bss           0x0000000020000008      0x100 gcc/startup.o
 .bss           0x0000000020000108       0x10 gcc/main.o
                0x0000000020000108                xDisplayQueue
                0x000000002000010c                xValTempQueue
                0x0000000020000114                xValFilterQueue
 .bss           0x0000000020000118        0x0 gcc/list.o
 .bss           0x0000000020000118        0x0 gcc/queue.o
 .bss           0x0000000020000118       0xe0 gcc/tasks.o
                0x000000002000011c                pxCurrentTCB
 .bss           0x00000000200001f8        0x0 gcc/port.o
 .bss           0x00000000200001f8     0x1390 gcc/heap_1.o
 .bss           0x0000000020001588       0x1e gcc/BlockQ.o
 *fill*         0x00000000200015a6        0x2 
 .bss           0x00000000200015a8        0xc gcc/PollQ.o
 .bss           0x00000000200015b4        0x4 gcc/integer.o
 .bss           0x00000000200015b8       0x14 gcc/semtest.o
 .bss           0x00000000200015cc        0x4 gcc/osram96x16.o
 .bss           0x00000000200015d0        0x0 hw_include/libdriver.a(gpio_dirmodeset_.o)
 .bss           0x00000000200015d0        0x0 hw_include/libdriver.a(gpio_inttypeset_.o)
 .bss           0x00000000200015d0        0x0 hw_include/libdriver.a(gpio_pinintenable_.o)
 .bss           0x00000000200015d0        0x0 hw_include/libdriver.a(gpio_pintypei2c_.o)
 .bss           0x00000000200015d0        0x0 hw_include/libdriver.a(i2c_mastercontrol_.o)
 .bss           0x00000000200015d0        0x0 hw_include/libdriver.a(i2c_masterdataput_.o)
 .bss           0x00000000200015d0        0x0 hw_include/libdriver.a(i2c_masterinit_.o)
 .bss           0x00000000200015d0        0x0 hw_include/libdriver.a(i2c_masterintstatus_.o)
 .bss           0x00000000200015d0        0x0 hw_include/libdriver.a(i2c_masterslaveaddrset_.o)
 .bss           0x00000000200015d0        0x0 hw_include/libdriver.a(interrupt_enable_.o)
 .bss           0x00000000200015d0        0x0 hw_include/libdriver.a(interrupt_priorityset_.o)
 .bss           0x00000000200015d0        0x0 hw_include/libdriver.a(interrupt_pulregs_.o)
 .bss           0x00000000200015d0        0x0 hw_include/libdriver.a(sysctl_clockget_.o)
 .bss           0x00000000200015d0        0x0 hw_include/libdriver.a(sysctl_clockset_.o)
 .bss           0x00000000200015d0        0x0 hw_include/libdriver.a(sysctl_peripheralenable_.o)
 .bss           0x00000000200015d0        0x0 hw_include/libdriver.a(sysctl_pulrcgcregs_.o)
 .bss           0x00000000200015d0        0x0 hw_include/libdriver.a(sysctl_pulxtals_.o)
 .bss           0x00000000200015d0        0x0 hw_include/libdriver.a(uart_configset_.o)
 .bss           0x00000000200015d0        0x0 hw_include/libdriver.a(uart_disable_.o)
 .bss           0x00000000200015d0        0x0 hw_include/libdriver.a(uart_enable_.o)
 .bss           0x00000000200015d0        0x0 hw_include/libdriver.a(gpio_padconfigset_.o)
 .bss           0x00000000200015d0        0x0 hw_include/libdriver.a(i2c_masterenable_.o)
 .bss           0x00000000200015d0        0x0 /usr/lib/gcc/arm-none-eabi/10.3.1/../../../arm-none-eabi/lib/thumb/nofp/libc.a(lib_a-memcpy-stub.o)
 .bss           0x00000000200015d0        0x0 /usr/lib/gcc/arm-none-eabi/10.3.1/../../../arm-none-eabi/lib/thumb/nofp/libc.a(lib_a-memmove.o)
 .bss           0x00000000200015d0        0x0 /usr/lib/gcc/arm-none-eabi/10.3.1/../../../arm-none-eabi/lib/thumb/nofp/libc.a(lib_a-memset.o)
 *(COMMON)
                0x00000000200015d0                _ebss = .
LOAD gcc/startup.o
LOAD gcc/main.o
LOAD gcc/list.o
LOAD gcc/queue.o
LOAD gcc/tasks.o
LOAD gcc/port.o
LOAD gcc/heap_1.o
LOAD gcc/BlockQ.o
LOAD gcc/PollQ.o
LOAD gcc/integer.o
LOAD gcc/semtest.o
LOAD gcc/osram96x16.o
LOAD hw_include/libdriver.a
LOAD /usr/lib/gcc/arm-none-eabi/10.3.1/../../../arm-none-eabi/lib/thumb/nofp/libc.a
LOAD /usr/lib/gcc/arm-none-eabi/10.3.1/thumb/nofp/libgcc.a
OUTPUT(gcc/RTOSDemo.axf elf32-littlearm)
LOAD linker stubs

.comment        0x0000000000000000      0x31f
 .comment       0x0000000000000000       0x33 gcc/startup.o
                                         0x34 (size before relaxing)
 .comment       0x0000000000000033       0x34 gcc/main.o
 .comment       0x0000000000000033       0x34 gcc/list.o
 .comment       0x0000000000000033       0x34 gcc/queue.o
 .comment       0x0000000000000033       0x34 gcc/tasks.o
 .comment       0x0000000000000033       0x34 gcc/port.o
 .comment       0x0000000000000033       0x34 gcc/heap_1.o
 .comment       0x0000000000000033       0x34 gcc/BlockQ.o
 .comment       0x0000000000000033       0x34 gcc/PollQ.o
 .comment       0x0000000000000033       0x34 gcc/integer.o
 .comment       0x0000000000000033       0x34 gcc/semtest.o
 .comment       0x0000000000000033       0x34 gcc/osram96x16.o
 .comment       0x0000000000000033       0x22 hw_include/libdriver.a(gpio_dirmodeset_.o)
 .comment       0x0000000000000055       0x22 hw_include/libdriver.a(gpio_inttypeset_.o)
 .comment       0x0000000000000077       0x22 hw_include/libdriver.a(gpio_pinintenable_.o)
 .comment       0x0000000000000099       0x22 hw_include/libdriver.a(gpio_pintypei2c_.o)
 .comment       0x00000000000000bb       0x22 hw_include/libdriver.a(i2c_mastercontrol_.o)
 .comment       0x00000000000000dd       0x22 hw_include/libdriver.a(i2c_masterdataput_.o)
 .comment       0x00000000000000ff       0x22 hw_include/libdriver.a(i2c_masterinit_.o)
 .comment       0x0000000000000121       0x22 hw_include/libdriver.a(i2c_masterintstatus_.o)
 .comment       0x0000000000000143       0x22 hw_include/libdriver.a(i2c_masterslaveaddrset_.o)
 .comment       0x0000000000000165       0x22 hw_include/libdriver.a(interrupt_enable_.o)
 .comment       0x0000000000000187       0x22 hw_include/libdriver.a(interrupt_priorityset_.o)
 .comment       0x00000000000001a9       0x22 hw_include/libdriver.a(interrupt_pulregs_.o)
 .comment       0x00000000000001cb       0x22 hw_include/libdriver.a(sysctl_clockget_.o)
 .comment       0x00000000000001ed       0x22 hw_include/libdriver.a(sysctl_clockset_.o)
 .comment       0x000000000000020f       0x22 hw_include/libdriver.a(sysctl_peripheralenable_.o)
 .comment       0x0000000000000231       0x22 hw_include/libdriver.a(sysctl_pulrcgcregs_.o)
 .comment       0x0000000000000253       0x22 hw_include/libdriver.a(sysctl_pulxtals_.o)
 .comment       0x0000000000000275       0x22 hw_include/libdriver.a(uart_configset_.o)
 .comment       0x0000000000000297       0x22 hw_include/libdriver.a(uart_disable_.o)
 .comment       0x00000000000002b9       0x22 hw_include/libdriver.a(uart_enable_.o)
 .comment       0x00000000000002db       0x22 hw_include/libdriver.a(gpio_padconfigset_.o)
 .comment       0x00000000000002fd       0x22 hw_include/libdriver.a(i2c_masterenable_.o)
 .comment       0x000000000000031f       0x34 /usr/lib/gcc/arm-none-eabi/10.3.1/../../../arm-none-eabi/lib/thumb/nofp/libc.a(lib_a-memcpy-stub.o)
 .comment       0x000000000000031f       0x34 /usr/lib/gcc/arm-none-eabi/10.3.1/../../../arm-none-eabi/lib/thumb/nofp/libc.a(lib_a-memmove.o)
 .comment       0x000000000000031f       0x34 /usr/lib/gcc/arm-none-eabi/10.3.1/../../../arm-none-eabi/lib/thumb/nofp/libc.a(lib_a-memset.o)

.ARM.attributes
                0x0000000000000000       0x2f
 .ARM.attributes
                0x0000000000000000       0x2d gcc/startup.o
 .ARM.attributes
                0x000000000000002d       0x2d gcc/main.o
 .ARM.attributes
                0x000000000000005a       0x2d gcc/list.o
 .ARM.attributes
                0x0000000000000087       0x2d gcc/queue.o
 .ARM.attributes
                0x00000000000000b4       0x2d gcc/tasks.o
 .ARM.attributes
                0x00000000000000e1       0x2d gcc/port.o
 .ARM.attributes
                0x000000000000010e       0x2d gcc/heap_1.o
 .ARM.attributes
                0x000000000000013b       0x2d gcc/BlockQ.o
 .ARM.attributes
                0x0000000000000168       0x2d gcc/PollQ.o
 .ARM.attributes
                0x0000000000000195       0x2d gcc/integer.o
 .ARM.attributes
                0x00000000000001c2       0x2d gcc/semtest.o
 .ARM.attributes
                0x00000000000001ef       0x2d gcc/osram96x16.o
 .ARM.attributes
                0x000000000000021c       0x31 hw_include/libdriver.a(gpio_dirmodeset_.o)
 .ARM.attributes
                0x000000000000024d       0x31 hw_include/libdriver.a(gpio_inttypeset_.o)
 .ARM.attributes
                0x000000000000027e       0x31 hw_include/libdriver.a(gpio_pinintenable_.o)
 .ARM.attributes
                0x00000000000002af       0x31 hw_include/libdriver.a(gpio_pintypei2c_.o)
 .ARM.attributes
                0x00000000000002e0       0x31 hw_include/libdriver.a(i2c_mastercontrol_.o)
 .ARM.attributes
                0x0000000000000311       0x31 hw_include/libdriver.a(i2c_masterdataput_.o)
 .ARM.attributes
                0x0000000000000342       0x31 hw_include/libdriver.a(i2c_masterinit_.o)
 .ARM.attributes
                0x0000000000000373       0x31 hw_include/libdriver.a(i2c_masterintstatus_.o)
 .ARM.attributes
                0x00000000000003a4       0x31 hw_include/libdriver.a(i2c_masterslaveaddrset_.o)
 .ARM.attributes
                0x00000000000003d5       0x31 hw_include/libdriver.a(interrupt_enable_.o)
 .ARM.attributes
                0x0000000000000406       0x31 hw_include/libdriver.a(interrupt_priorityset_.o)
 .ARM.attributes
                0x0000000000000437       0x2f hw_include/libdriver.a(interrupt_pulregs_.o)
 .ARM.attributes
                0x0000000000000466       0x31 hw_include/libdriver.a(sysctl_clockget_.o)
 .ARM.attributes
                0x0000000000000497       0x31 hw_include/libdriver.a(sysctl_clockset_.o)
 .ARM.attributes
                0x00000000000004c8       0x31 hw_include/libdriver.a(sysctl_peripheralenable_.o)
 .ARM.attributes
                0x00000000000004f9       0x2f hw_include/libdriver.a(sysctl_pulrcgcregs_.o)
 .ARM.attributes
                0x0000000000000528       0x2f hw_include/libdriver.a(sysctl_pulxtals_.o)
 .ARM.attributes
                0x0000000000000557       0x31 hw_include/libdriver.a(uart_configset_.o)
 .ARM.attributes
                0x0000000000000588       0x31 hw_include/libdriver.a(uart_disable_.o)
 .ARM.attributes
                0x00000000000005b9       0x31 hw_include/libdriver.a(uart_enable_.o)
 .ARM.attributes
                0x00000000000005ea       0x31 hw_include/libdriver.a(gpio_padconfigset_.o)
 .ARM.attributes
                0x000000000000061b       0x31 hw_include/libdriver.a(i2c_masterenable_.o)
 .ARM.attributes
                0x000000000000064c       0x2a /usr/lib/gcc/arm-none-eabi/10.3.1/../../../arm-none-eabi/lib/thumb/nofp/libc.a(lib_a-memcpy-stub.o)
 .ARM.attributes
                0x0000000000000676       0x2a /usr/lib/gcc/arm-none-eabi/10.3.1/../../../arm-none-eabi/lib/thumb/nofp/libc.a(lib_a-memmove.o)
 .ARM.attributes
                0x00000000000006a0       0x2a /usr/lib/gcc/arm-none-eabi/10.3.1/../../../arm-none-eabi/lib/thumb/nofp/libc.a(lib_a-memset.o)

.debug_info     0x0000000000000000      0x70f
 .debug_info    0x0000000000000000      0x324 gcc/osram96x16.o
 .debug_info    0x0000000000000324      0x15c /usr/lib/gcc/arm-none-eabi/10.3.1/../../../arm-none-eabi/lib/thumb/nofp/libc.a(lib_a-memcpy-stub.o)
 .debug_info    0x0000000000000480      0x152 /usr/lib/gcc/arm-none-eabi/10.3.1/../../../arm-none-eabi/lib/thumb/nofp/libc.a(lib_a-memmove.o)
 .debug_info    0x00000000000005d2      0x13d /usr/lib/gcc/arm-none-eabi/10.3.1/../../../arm-none-eabi/lib/thumb/nofp/libc.a(lib_a-memset.o)

.debug_abbrev   0x0000000000000000      0x337
 .debug_abbrev  0x0000000000000000       0xfc gcc/osram96x16.o
 .debug_abbrev  0x00000000000000fc       0xc7 /usr/lib/gcc/arm-none-eabi/10.3.1/../../../arm-none-eabi/lib/thumb/nofp/libc.a(lib_a-memcpy-stub.o)
 .debug_abbrev  0x00000000000001c3       0xc0 /usr/lib/gcc/arm-none-eabi/10.3.1/../../../arm-none-eabi/lib/thumb/nofp/libc.a(lib_a-memmove.o)
 .debug_abbrev  0x0000000000000283       0xb4 /usr/lib/gcc/arm-none-eabi/10.3.1/../../../arm-none-eabi/lib/thumb/nofp/libc.a(lib_a-memset.o)

.debug_aranges  0x0000000000000000       0x80
 .debug_aranges
                0x0000000000000000       0x20 gcc/osram96x16.o
 .debug_aranges
                0x0000000000000020       0x20 /usr/lib/gcc/arm-none-eabi/10.3.1/../../../arm-none-eabi/lib/thumb/nofp/libc.a(lib_a-memcpy-stub.o)
 .debug_aranges
                0x0000000000000040       0x20 /usr/lib/gcc/arm-none-eabi/10.3.1/../../../arm-none-eabi/lib/thumb/nofp/libc.a(lib_a-memmove.o)
 .debug_aranges
                0x0000000000000060       0x20 /usr/lib/gcc/arm-none-eabi/10.3.1/../../../arm-none-eabi/lib/thumb/nofp/libc.a(lib_a-memset.o)

.debug_line     0x0000000000000000      0x83c
 .debug_line    0x0000000000000000      0x2e5 gcc/osram96x16.o
 .debug_line    0x00000000000002e5      0x1ad /usr/lib/gcc/arm-none-eabi/10.3.1/../../../arm-none-eabi/lib/thumb/nofp/libc.a(lib_a-memcpy-stub.o)
 .debug_line    0x0000000000000492      0x1dc /usr/lib/gcc/arm-none-eabi/10.3.1/../../../arm-none-eabi/lib/thumb/nofp/libc.a(lib_a-memmove.o)
 .debug_line    0x000000000000066e      0x1ce /usr/lib/gcc/arm-none-eabi/10.3.1/../../../arm-none-eabi/lib/thumb/nofp/libc.a(lib_a-memset.o)

.debug_str      0x0000000000000000      0x469
 .debug_str     0x0000000000000000      0x1df gcc/osram96x16.o
                                        0x20d (size before relaxing)
 .debug_str     0x00000000000001df      0x197 /usr/lib/gcc/arm-none-eabi/10.3.1/../../../arm-none-eabi/lib/thumb/nofp/libc.a(lib_a-memcpy-stub.o)
                                        0x1de (size before relaxing)
 .debug_str     0x0000000000000376       0xa7 /usr/lib/gcc/arm-none-eabi/10.3.1/../../../arm-none-eabi/lib/thumb/nofp/libc.a(lib_a-memmove.o)
                                        0x1d8 (size before relaxing)
 .debug_str     0x000000000000041d       0x4c /usr/lib/gcc/arm-none-eabi/10.3.1/../../../arm-none-eabi/lib/thumb/nofp/libc.a(lib_a-memset.o)
                                        0x1b9 (size before relaxing)

.debug_frame    0x0000000000000000      0x218
 .debug_frame   0x0000000000000000      0x180 gcc/osram96x16.o
 .debug_frame   0x0000000000000180       0x34 /usr/lib/gcc/arm-none-eabi/10.3.1/../../../arm-none-eabi/lib/thumb/nofp/libc.a(lib_a-memcpy-stub.o)
 .debug_frame   0x00000000000001b4       0x34 /usr/lib/gcc/arm-none-eabi/10.3.1/../../../arm-none-eabi/lib/thumb/nofp/libc.a(lib_a-memmove.o)
 .debug_frame   0x00000000000001e8       0x30 /usr/lib/gcc/arm-none-eabi/10.3.1/../../../arm-none-eabi/lib/thumb/nofp/libc.a(lib_a-memset.o)

.debug_loc      0x0000000000000000      0xc2c
 .debug_loc     0x0000000000000000      0x46c /usr/lib/gcc/arm-none-eabi/10.3.1/../../../arm-none-eabi/lib/thumb/nofp/libc.a(lib_a-memcpy-stub.o)
 .debug_loc     0x000000000000046c      0x51d /usr/lib/gcc/arm-none-eabi/10.3.1/../../../arm-none-eabi/lib/thumb/nofp/libc.a(lib_a-memmove.o)
 .debug_loc     0x0000000000000989      0x2a3 /usr/lib/gcc/arm-none-eabi/10.3.1/../../../arm-none-eabi/lib/thumb/nofp/libc.a(lib_a-memset.o)
